Archive member included to satisfy reference by file (symbol)

c:/st/stm32cubeide_1.8.0/stm32cubeide/plugins/com.st.stm32cube.ide.mcu.externaltools.gnu-tools-for-stm32.9-2020-q2-update.win32_2.0.0.202105311346/tools/bin/../lib/gcc/arm-none-eabi/9.3.1/../../../../arm-none-eabi/lib/thumb/v7e-m+fp/hard\libm.a(lib_a-s_cos.o)
                              ./Core/Device_Drivers/oledDrive/ssd1306.o (cos)
c:/st/stm32cubeide_1.8.0/stm32cubeide/plugins/com.st.stm32cube.ide.mcu.externaltools.gnu-tools-for-stm32.9-2020-q2-update.win32_2.0.0.202105311346/tools/bin/../lib/gcc/arm-none-eabi/9.3.1/../../../../arm-none-eabi/lib/thumb/v7e-m+fp/hard\libm.a(lib_a-s_sin.o)
                              ./Core/Device_Drivers/oledDrive/ssd1306.o (sin)
c:/st/stm32cubeide_1.8.0/stm32cubeide/plugins/com.st.stm32cube.ide.mcu.externaltools.gnu-tools-for-stm32.9-2020-q2-update.win32_2.0.0.202105311346/tools/bin/../lib/gcc/arm-none-eabi/9.3.1/../../../../arm-none-eabi/lib/thumb/v7e-m+fp/hard\libm.a(lib_a-e_rem_pio2.o)
                              c:/st/stm32cubeide_1.8.0/stm32cubeide/plugins/com.st.stm32cube.ide.mcu.externaltools.gnu-tools-for-stm32.9-2020-q2-update.win32_2.0.0.202105311346/tools/bin/../lib/gcc/arm-none-eabi/9.3.1/../../../../arm-none-eabi/lib/thumb/v7e-m+fp/hard\libm.a(lib_a-s_cos.o) (__ieee754_rem_pio2)
c:/st/stm32cubeide_1.8.0/stm32cubeide/plugins/com.st.stm32cube.ide.mcu.externaltools.gnu-tools-for-stm32.9-2020-q2-update.win32_2.0.0.202105311346/tools/bin/../lib/gcc/arm-none-eabi/9.3.1/../../../../arm-none-eabi/lib/thumb/v7e-m+fp/hard\libm.a(lib_a-k_cos.o)
                              c:/st/stm32cubeide_1.8.0/stm32cubeide/plugins/com.st.stm32cube.ide.mcu.externaltools.gnu-tools-for-stm32.9-2020-q2-update.win32_2.0.0.202105311346/tools/bin/../lib/gcc/arm-none-eabi/9.3.1/../../../../arm-none-eabi/lib/thumb/v7e-m+fp/hard\libm.a(lib_a-s_cos.o) (__kernel_cos)
c:/st/stm32cubeide_1.8.0/stm32cubeide/plugins/com.st.stm32cube.ide.mcu.externaltools.gnu-tools-for-stm32.9-2020-q2-update.win32_2.0.0.202105311346/tools/bin/../lib/gcc/arm-none-eabi/9.3.1/../../../../arm-none-eabi/lib/thumb/v7e-m+fp/hard\libm.a(lib_a-k_rem_pio2.o)
                              c:/st/stm32cubeide_1.8.0/stm32cubeide/plugins/com.st.stm32cube.ide.mcu.externaltools.gnu-tools-for-stm32.9-2020-q2-update.win32_2.0.0.202105311346/tools/bin/../lib/gcc/arm-none-eabi/9.3.1/../../../../arm-none-eabi/lib/thumb/v7e-m+fp/hard\libm.a(lib_a-e_rem_pio2.o) (__kernel_rem_pio2)
c:/st/stm32cubeide_1.8.0/stm32cubeide/plugins/com.st.stm32cube.ide.mcu.externaltools.gnu-tools-for-stm32.9-2020-q2-update.win32_2.0.0.202105311346/tools/bin/../lib/gcc/arm-none-eabi/9.3.1/../../../../arm-none-eabi/lib/thumb/v7e-m+fp/hard\libm.a(lib_a-k_sin.o)
                              c:/st/stm32cubeide_1.8.0/stm32cubeide/plugins/com.st.stm32cube.ide.mcu.externaltools.gnu-tools-for-stm32.9-2020-q2-update.win32_2.0.0.202105311346/tools/bin/../lib/gcc/arm-none-eabi/9.3.1/../../../../arm-none-eabi/lib/thumb/v7e-m+fp/hard\libm.a(lib_a-s_cos.o) (__kernel_sin)
c:/st/stm32cubeide_1.8.0/stm32cubeide/plugins/com.st.stm32cube.ide.mcu.externaltools.gnu-tools-for-stm32.9-2020-q2-update.win32_2.0.0.202105311346/tools/bin/../lib/gcc/arm-none-eabi/9.3.1/../../../../arm-none-eabi/lib/thumb/v7e-m+fp/hard\libm.a(lib_a-s_fabs.o)
                              c:/st/stm32cubeide_1.8.0/stm32cubeide/plugins/com.st.stm32cube.ide.mcu.externaltools.gnu-tools-for-stm32.9-2020-q2-update.win32_2.0.0.202105311346/tools/bin/../lib/gcc/arm-none-eabi/9.3.1/../../../../arm-none-eabi/lib/thumb/v7e-m+fp/hard\libm.a(lib_a-e_rem_pio2.o) (fabs)
c:/st/stm32cubeide_1.8.0/stm32cubeide/plugins/com.st.stm32cube.ide.mcu.externaltools.gnu-tools-for-stm32.9-2020-q2-update.win32_2.0.0.202105311346/tools/bin/../lib/gcc/arm-none-eabi/9.3.1/../../../../arm-none-eabi/lib/thumb/v7e-m+fp/hard\libm.a(lib_a-s_floor.o)
                              c:/st/stm32cubeide_1.8.0/stm32cubeide/plugins/com.st.stm32cube.ide.mcu.externaltools.gnu-tools-for-stm32.9-2020-q2-update.win32_2.0.0.202105311346/tools/bin/../lib/gcc/arm-none-eabi/9.3.1/../../../../arm-none-eabi/lib/thumb/v7e-m+fp/hard\libm.a(lib_a-k_rem_pio2.o) (floor)
c:/st/stm32cubeide_1.8.0/stm32cubeide/plugins/com.st.stm32cube.ide.mcu.externaltools.gnu-tools-for-stm32.9-2020-q2-update.win32_2.0.0.202105311346/tools/bin/../lib/gcc/arm-none-eabi/9.3.1/../../../../arm-none-eabi/lib/thumb/v7e-m+fp/hard\libm.a(lib_a-s_scalbn.o)
                              c:/st/stm32cubeide_1.8.0/stm32cubeide/plugins/com.st.stm32cube.ide.mcu.externaltools.gnu-tools-for-stm32.9-2020-q2-update.win32_2.0.0.202105311346/tools/bin/../lib/gcc/arm-none-eabi/9.3.1/../../../../arm-none-eabi/lib/thumb/v7e-m+fp/hard\libm.a(lib_a-k_rem_pio2.o) (scalbn)
c:/st/stm32cubeide_1.8.0/stm32cubeide/plugins/com.st.stm32cube.ide.mcu.externaltools.gnu-tools-for-stm32.9-2020-q2-update.win32_2.0.0.202105311346/tools/bin/../lib/gcc/arm-none-eabi/9.3.1/../../../../arm-none-eabi/lib/thumb/v7e-m+fp/hard\libc_nano.a(lib_a-errno.o)
[...]
Memory Configuration

Name             Origin             Length             Attributes
RAM              0x0000000020000000 0x0000000000020000 xrw
FLASH            0x0000000008000000 0x0000000000080000 xr
*default*        0x0000000000000000 0xffffffffffffffff

Linker script and memory map

LOAD c:/st/stm32cubeide_1.8.0/stm32cubeide/plugins/com.st.stm32cube.ide.mcu.externaltools.gnu-tools-for-stm32.9-2020-q2-update.win32_2.0.0.202105311346/tools/bin/../lib/gcc/arm-none-eabi/9.3.1/thumb/v7e-m+fp/hard/crti.o
LOAD c:/st/stm32cubeide_1.8.0/stm32cubeide/plugins/com.st.stm32cube.ide.mcu.externaltools.gnu-tools-for-stm32.9-2020-q2-update.win32_2.0.0.202105311346/tools/bin/../lib/gcc/arm-none-eabi/9.3.1/thumb/v7e-m+fp/hard/crtbegin.o
LOAD c:/st/stm32cubeide_1.8.0/stm32cubeide/plugins/com.st.stm32cube.ide.mcu.externaltools.gnu-tools-for-stm32.9-2020-q2-update.win32_2.0.0.202105311346/tools/bin/../lib/gcc/arm-none-eabi/9.3.1/../../../../arm-none-eabi/lib/thumb/v7e-m+fp/hard/crt0.o
LOAD ./Core/Device_Drivers/oledDrive/ssd1306.o
LOAD ./Core/Device_Drivers/oledDrive/ssd1306_fonts.o
LOAD ./Core/Device_Drivers/oledDrive/ssd1306_tests.o
LOAD ./Core/Src/adc.o
LOAD ./Core/Src/app_freertos.o
LOAD ./Core/Src/dma.o
LOAD ./Core/Src/gpio.o
LOAD ./Core/Src/i2c.o
LOAD ./Core/Src/main.o
LOAD ./Core/Src/stm32g4xx_hal_msp.o
LOAD ./Core/Src/stm32g4xx_hal_timebase_tim.o
LOAD ./Core/Src/stm32g4xx_it.o
LOAD ./Core/Src/syscalls.o
LOAD ./Core/Src/sysmem.o
LOAD ./Core/Src/system_stm32g4xx.o
LOAD ./Core/Src/tim.o
LOAD ./Core/Src/usart.o
LOAD ./Core/Src/w_code.o
LOAD ./Core/Startup/startup_stm32g474retx.o
LOAD ./Drivers/STM32G4xx_HAL_Driver/Src/stm32g4xx_hal.o
LOAD ./Drivers/STM32G4xx_HAL_Driver/Src/stm32g4xx_hal_adc.o
LOAD ./Drivers/STM32G4xx_HAL_Driver/Src/stm32g4xx_hal_adc_ex.o
LOAD ./Drivers/STM32G4xx_HAL_Driver/Src/stm32g4xx_hal_cortex.o
LOAD ./Drivers/STM32G4xx_HAL_Driver/Src/stm32g4xx_hal_dma.o
LOAD ./Drivers/STM32G4xx_HAL_Driver/Src/stm32g4xx_hal_dma_ex.o
LOAD ./Drivers/STM32G4xx_HAL_Driver/Src/stm32g4xx_hal_exti.o
LOAD ./Drivers/STM32G4xx_HAL_Driver/Src/stm32g4xx_hal_flash.o
LOAD ./Drivers/STM32G4xx_HAL_Driver/Src/stm32g4xx_hal_flash_ex.o
LOAD ./Drivers/STM32G4xx_HAL_Driver/Src/stm32g4xx_hal_flash_ramfunc.o
LOAD ./Drivers/STM32G4xx_HAL_Driver/Src/stm32g4xx_hal_gpio.o
LOAD ./Drivers/STM32G4xx_HAL_Driver/Src/stm32g4xx_hal_i2c.o
LOAD ./Drivers/STM32G4xx_HAL_Driver/Src/stm32g4xx_hal_i2c_ex.o
LOAD ./Drivers/STM32G4xx_HAL_Driver/Src/stm32g4xx_hal_pwr.o
LOAD ./Drivers/STM32G4xx_HAL_Driver/Src/stm32g4xx_hal_pwr_ex.o
LOAD ./Drivers/STM32G4xx_HAL_Driver/Src/stm32g4xx_hal_rcc.o
LOAD ./Drivers/STM32G4xx_HAL_Driver/Src/stm32g4xx_hal_rcc_ex.o
LOAD ./Drivers/STM32G4xx_HAL_Driver/Src/stm32g4xx_hal_tim.o
LOAD ./Drivers/STM32G4xx_HAL_Driver/Src/stm32g4xx_hal_tim_ex.o
LOAD ./Drivers/STM32G4xx_HAL_Driver/Src/stm32g4xx_hal_uart.o
LOAD ./Drivers/STM32G4xx_HAL_Driver/Src/stm32g4xx_hal_uart_ex.o
LOAD ./Drivers/STM32G4xx_HAL_Driver/Src/stm32g4xx_ll_adc.o
LOAD ./Middlewares/Third_Party/FreeRTOS/Source/CMSIS_RTOS_V2/cmsis_os2.o
LOAD ./Middlewares/Third_Party/FreeRTOS/Source/croutine.o
LOAD ./Middlewares/Third_Party/FreeRTOS/Source/event_groups.o
LOAD ./Middlewares/Third_Party/FreeRTOS/Source/list.o
LOAD ./Middlewares/Third_Party/FreeRTOS/Source/queue.o
LOAD ./Middlewares/Third_Party/FreeRTOS/Source/stream_buffer.o
LOAD ./Middlewares/Third_Party/FreeRTOS/Source/tasks.o
LOAD ./Middlewares/Third_Party/FreeRTOS/Source/timers.o
LOAD ./Middlewares/Third_Party/FreeRTOS/Source/portable/GCC/ARM_CM4F/port.o
LOAD ./Middlewares/Third_Party/FreeRTOS/Source/portable/MemMang/heap_4.o
START GROUP
LOAD c:/st/stm32cubeide_1.8.0/stm32cubeide/plugins/com.st.stm32cube.ide.mcu.externaltools.gnu-tools-for-stm32.9-2020-q2-update.win32_2.0.0.202105311346/tools/bin/../lib/gcc/arm-none-eabi/9.3.1/../../../../arm-none-eabi/lib/thumb/v7e-m+fp/hard\libstdc++_nano.a
LOAD c:/st/stm32cubeide_1.8.0/stm32cubeide/plugins/com.st.stm32cube.ide.mcu.externaltools.gnu-tools-for-stm32.9-2020-q2-update.win32_2.0.0.202105311346/tools/bin/../lib/gcc/arm-none-eabi/9.3.1/../../../../arm-none-eabi/lib/thumb/v7e-m+fp/hard\libsupc++_nano.a
END GROUP
LOAD c:/st/stm32cubeide_1.8.0/stm32cubeide/plugins/com.st.stm32cube.ide.mcu.externaltools.gnu-tools-for-stm32.9-2020-q2-update.win32_2.0.0.202105311346/tools/bin/../lib/gcc/arm-none-eabi/9.3.1/../../../../arm-none-eabi/lib/thumb/v7e-m+fp/hard\libstdc++_nano.a
LOAD c:/st/stm32cubeide_1.8.0/stm32cubeide/plugins/com.st.stm32cube.ide.mcu.externaltools.gnu-tools-for-stm32.9-2020-q2-update.win32_2.0.0.202105311346/tools/bin/../lib/gcc/arm-none-eabi/9.3.1/../../../../arm-none-eabi/lib/thumb/v7e-m+fp/hard\libm.a
LOAD c:/st/stm32cubeide_1.8.0/stm32cubeide/plugins/com.st.stm32cube.ide.mcu.externaltools.gnu-tools-for-stm32.9-2020-q2-update.win32_2.0.0.202105311346/tools/bin/../lib/gcc/arm-none-eabi/9.3.1/../../../../arm-none-eabi/lib/thumb/v7e-m+fp/hard\libc_nano.a
START GROUP
LOAD c:/st/stm32cubeide_1.8.0/stm32cubeide/plugins/com.st.stm32cube.ide.mcu.externaltools.gnu-tools-for-stm32.9-2020-q2-update.win32_2.0.0.202105311346/tools/bin/../lib/gcc/arm-none-eabi/9.3.1/thumb/v7e-m+fp/hard\libgcc.a
LOAD c:/st/stm32cubeide_1.8.0/stm32cubeide/plugins/com.st.stm32cube.ide.mcu.externaltools.gnu-tools-for-stm32.9-2020-q2-update.win32_2.0.0.202105311346/tools/bin/../lib/gcc/arm-none-eabi/9.3.1/../../../../arm-none-eabi/lib/thumb/v7e-m+fp/hard\libc_nano.a
END GROUP
START GROUP
LOAD c:/st/stm32cubeide_1.8.0/stm32cubeide/plugins/com.st.stm32cube.ide.mcu.externaltools.gnu-tools-for-stm32.9-2020-q2-update.win32_2.0.0.202105311346/tools/bin/../lib/gcc/arm-none-eabi/9.3.1/thumb/v7e-m+fp/hard\libgcc.a
LOAD c:/st/stm32cubeide_1.8.0/stm32cubeide/plugins/com.st.stm32cube.ide.mcu.externaltools.gnu-tools-for-stm32.9-2020-q2-update.win32_2.0.0.202105311346/tools/bin/../lib/gcc/arm-none-eabi/9.3.1/../../../../arm-none-eabi/lib/thumb/v7e-m+fp/hard\libc_nano.a
END GROUP
LOAD c:/st/stm32cubeide_1.8.0/stm32cubeide/plugins/com.st.stm32cube.ide.mcu.externaltools.gnu-tools-for-stm32.9-2020-q2-update.win32_2.0.0.202105311346/tools/bin/../lib/gcc/arm-none-eabi/9.3.1/thumb/v7e-m+fp/hard/crtend.o
LOAD c:/st/stm32cubeide_1.8.0/stm32cubeide/plugins/com.st.stm32cube.ide.mcu.externaltools.gnu-tools-for-stm32.9-2020-q2-update.win32_2.0.0.202105311346/tools/bin/../lib/gcc/arm-none-eabi/9.3.1/thumb/v7e-m+fp/hard/crtn.o
                0x0000000020020000                _estack = (ORIGIN (RAM) + LENGTH (RAM))
                0x0000000000000200                _Min_Heap_Size = 0x200
                0x0000000000000400                _Min_Stack_Size = 0x400

.isr_vector     0x0000000008000000      0x1d8
                0x0000000008000000                . = ALIGN (0x4)
 *(.isr_vector)
 .isr_vector    0x0000000008000000      0x1d8 ./Core/Startup/startup_stm32g474retx.o
                0x0000000008000000                g_pfnVectors
                0x00000000080001d8                . = ALIGN (0x4)

.text           0x00000000080001e0     0xafe4
                0x00000000080001e0                . = ALIGN (0x4)
 *(.text)
 .text          0x00000000080001e0       0x40 c:/st/stm32cubeide_1.8.0/stm32cubeide/plugins/com.st.stm32cube.ide.mcu.externaltools.gnu-tools-for-stm32.9-2020-q2-update.win32_2.0.0.202105311346/tools/bin/../lib/gcc/arm-none-eabi/9.3.1/thumb/v7e-m+fp/hard/crtbegin.o
 .text          0x0000000008000220       0xa0 c:/st/stm32cubeide_1.8.0/stm32cubeide/plugins/com.st.stm32cube.ide.mcu.externaltools.gnu-tools-for-stm32.9-2020-q2-update.win32_2.0.0.202105311346/tools/bin/../lib/gcc/arm-none-eabi/9.3.1/../../../../arm-none-eabi/lib/thumb/v7e-m+fp/hard\libc_nano.a(lib_a-memchr.o)
                0x0000000008000220                memchr
 .text          0x00000000080002c0       0x30 c:/st/stm32cubeide_1.8.0/stm32cubeide/plugins/com.st.stm32cube.ide.mcu.externaltools.gnu-tools-for-stm32.9-2020-q2-update.win32_2.0.0.202105311346/tools/bin/../lib/gcc/arm-none-eabi/9.3.1/thumb/v7e-m+fp/hard\libgcc.a(_aeabi_uldivmod.o)
                0x00000000080002c0                __aeabi_uldivmod
 .text          0x00000000080002f0      0x2c4 c:/st/stm32cubeide_1.8.0/stm32cubeide/plugins/com.st.stm32cube.ide.mcu.externaltools.gnu-tools-for-stm32.9-2020-q2-update.win32_2.0.0.202105311346/tools/bin/../lib/gcc/arm-none-eabi/9.3.1/thumb/v7e-m+fp/hard\libgcc.a(_udivmoddi4.o)
                0x00000000080002f0                __udivmoddi4
 .text          0x00000000080005b4        0x4 c:/st/stm32cubeide_1.8.0/stm32cubeide/plugins/com.st.stm32cube.ide.mcu.externaltools.gnu-tools-for-stm32.9-2020-q2-update.win32_2.0.0.202105311346/tools/bin/../lib/gcc/arm-none-eabi/9.3.1/thumb/v7e-m+fp/hard\libgcc.a(_dvmd_tls.o)
                0x00000000080005b4                __aeabi_idiv0
                0x00000000080005b4                __aeabi_ldiv0
 *(.text*)
 .text.ssd1306_Reset
                0x00000000080005b8        0xe ./Core/Device_Drivers/oledDrive/ssd1306.o
                0x00000000080005b8                ssd1306_Reset
 *fill*         0x00000000080005c6        0x2 
 .text.ssd1306_WriteCommand
                0x00000000080005c8       0x30 ./Core/Device_Drivers/oledDrive/ssd1306.o
                0x00000000080005c8                ssd1306_WriteCommand
 .text.ssd1306_WriteData
                0x00000000080005f8       0x30 ./Core/Device_Drivers/oledDrive/ssd1306.o
                0x00000000080005f8                ssd1306_WriteData
 .text.ssd1306_Init
                0x0000000008000628       0xd4 ./Core/Device_Drivers/oledDrive/ssd1306.o
                0x0000000008000628                ssd1306_Init
 .text.ssd1306_Fill
                0x00000000080006fc       0x48 ./Core/Device_Drivers/oledDrive/ssd1306.o
                0x00000000080006fc                ssd1306_Fill
 .text.ssd1306_UpdateScreen
                0x0000000008000744       0x50 ./Core/Device_Drivers/oledDrive/ssd1306.o
                0x0000000008000744                ssd1306_UpdateScreen
 .text.ssd1306_DrawPixel
                0x0000000008000794       0xc0 ./Core/Device_Drivers/oledDrive/ssd1306.o
                0x0000000008000794                ssd1306_DrawPixel
 .text.ssd1306_WriteChar
                0x0000000008000854      0x110 ./Core/Device_Drivers/oledDrive/ssd1306.o
                0x0000000008000854                ssd1306_WriteChar
 .text.ssd1306_WriteString
                0x0000000008000964       0x4c ./Core/Device_Drivers/oledDrive/ssd1306.o
                0x0000000008000964                ssd1306_WriteString
 .text.ssd1306_SetCursor
                0x00000000080009b0       0x30 ./Core/Device_Drivers/oledDrive/ssd1306.o
                0x00000000080009b0                ssd1306_SetCursor
 .text.ssd1306_SetContrast
                0x00000000080009e0       0x26 ./Core/Device_Drivers/oledDrive/ssd1306.o
                0x00000000080009e0                ssd1306_SetContrast
 *fill*         0x0000000008000a06        0x2 
 .text.ssd1306_SetDisplayOn
                0x0000000008000a08       0x3c ./Core/Device_Drivers/oledDrive/ssd1306.o
                0x0000000008000a08                ssd1306_SetDisplayOn
 .text.MX_ADC1_Init
                0x0000000008000a44       0xf4 ./Core/Src/adc.o
                0x0000000008000a44                MX_ADC1_Init
 .text.HAL_ADC_MspInit
                0x0000000008000b38       0xb8 ./Core/Src/adc.o
                0x0000000008000b38                HAL_ADC_MspInit
 .text.MX_FREERTOS_Init
                0x0000000008000bf0       0x8c ./Core/Src/app_freertos.o
                0x0000000008000bf0                MX_FREERTOS_Init
 .text.StartDefaultTask
                0x0000000008000c7c       0x2c ./Core/Src/app_freertos.o
                0x0000000008000c7c                StartDefaultTask
 .text.StartDisplayUpdate
                0x0000000008000ca8       0x90 ./Core/Src/app_freertos.o
                0x0000000008000ca8                StartDisplayUpdate
 .text.StartReadCommPorts
                0x0000000008000d38       0x10 ./Core/Src/app_freertos.o
                0x0000000008000d38                StartReadCommPorts
 .text.MX_DMA_Init
                0x0000000008000d48       0x54 ./Core/Src/dma.o
                0x0000000008000d48                MX_DMA_Init
 .text.MX_GPIO_Init
                0x0000000008000d9c       0x80 ./Core/Src/gpio.o
                0x0000000008000d9c                MX_GPIO_Init
 .text.MX_I2C1_Init
                0x0000000008000e1c       0x80 ./Core/Src/i2c.o
                0x0000000008000e1c                MX_I2C1_Init
 .text.HAL_I2C_MspInit
                0x0000000008000e9c       0xec ./Core/Src/i2c.o
                0x0000000008000e9c                HAL_I2C_MspInit
 .text.main     0x0000000008000f88       0x58 ./Core/Src/main.o
                0x0000000008000f88                main
 .text.SystemClock_Config
                0x0000000008000fe0       0x96 ./Core/Src/main.o
                0x0000000008000fe0                SystemClock_Config
 .text.HAL_UART_RxCpltCallback
                0x0000000008001076       0x14 ./Core/Src/main.o
                0x0000000008001076                HAL_UART_RxCpltCallback
 *fill*         0x000000000800108a        0x2 
 .text.HAL_ADC_ConvCpltCallback
                0x000000000800108c       0x44 ./Core/Src/main.o
                0x000000000800108c                HAL_ADC_ConvCpltCallback
 .text.HAL_TIM_PeriodElapsedCallback
                0x00000000080010d0       0x24 ./Core/Src/main.o
                0x00000000080010d0                HAL_TIM_PeriodElapsedCallback
 .text.Error_Handler
                0x00000000080010f4        0xa ./Core/Src/main.o
                0x00000000080010f4                Error_Handler
 *fill*         0x00000000080010fe        0x2 
 .text.HAL_MspInit
                0x0000000008001100       0x54 ./Core/Src/stm32g4xx_hal_msp.o
                0x0000000008001100                HAL_MspInit
 .text.HAL_InitTick
                0x0000000008001154       0xe0 ./Core/Src/stm32g4xx_hal_timebase_tim.o
                0x0000000008001154                HAL_InitTick
 .text.NMI_Handler
                0x0000000008001234        0x6 ./Core/Src/stm32g4xx_it.o
                0x0000000008001234                NMI_Handler
 .text.HardFault_Handler
                0x000000000800123a        0x6 ./Core/Src/stm32g4xx_it.o
                0x000000000800123a                HardFault_Handler
 .text.MemManage_Handler
                0x0000000008001240        0x6 ./Core/Src/stm32g4xx_it.o
                0x0000000008001240                MemManage_Handler
 .text.BusFault_Handler
                0x0000000008001246        0x6 ./Core/Src/stm32g4xx_it.o
                0x0000000008001246                BusFault_Handler
 .text.UsageFault_Handler
                0x000000000800124c        0x6 ./Core/Src/stm32g4xx_it.o
                0x000000000800124c                UsageFault_Handler
 .text.DebugMon_Handler
                0x0000000008001252        0xe ./Core/Src/stm32g4xx_it.o
                0x0000000008001252                DebugMon_Handler
 .text.DMA1_Channel1_IRQHandler
                0x0000000008001260       0x14 ./Core/Src/stm32g4xx_it.o
                0x0000000008001260                DMA1_Channel1_IRQHandler
 .text.ADC1_2_IRQHandler
                0x0000000008001274       0x14 ./Core/Src/stm32g4xx_it.o
                0x0000000008001274                ADC1_2_IRQHandler
 .text.TIM6_DAC_IRQHandler
                0x0000000008001288       0x14 ./Core/Src/stm32g4xx_it.o
                0x0000000008001288                TIM6_DAC_IRQHandler
 .text._sbrk    0x000000000800129c       0x6c ./Core/Src/sysmem.o
                0x000000000800129c                _sbrk
 .text.SystemInit
                0x0000000008001308       0x24 ./Core/Src/system_stm32g4xx.o
                0x0000000008001308                SystemInit
 .text.MX_TIM2_Init
                0x000000000800132c       0x9c ./Core/Src/tim.o
                0x000000000800132c                MX_TIM2_Init
 .text.HAL_TIM_Base_MspInit
                0x00000000080013c8       0x3c ./Core/Src/tim.o
                0x00000000080013c8                HAL_TIM_Base_MspInit
 .text.MX_USART1_UART_Init
                0x0000000008001404       0x98 ./Core/Src/usart.o
                0x0000000008001404                MX_USART1_UART_Init
 .text.HAL_UART_MspInit
                0x000000000800149c      0x10c ./Core/Src/usart.o
                0x000000000800149c                HAL_UART_MspInit
 .text.w_Initialize
                0x00000000080015a8       0xc0 ./Core/Src/w_code.o
                0x00000000080015a8                w_Initialize
 .text.w_oledCopyBuffer
                0x0000000008001668       0x5c ./Core/Src/w_code.o
                0x0000000008001668                w_oledCopyBuffer
 .text.w_oledParseUartData
                0x00000000080016c4       0x8c ./Core/Src/w_code.o
                0x00000000080016c4                w_oledParseUartData
 .text.w_oledPageWrite
                0x0000000008001750      0x138 ./Core/Src/w_code.o
                0x0000000008001750                w_oledPageWrite
 .text._Z15w_oledPosIncValh
                0x0000000008001888       0x60 ./Core/Src/w_code.o
                0x0000000008001888                w_oledPosIncVal(unsigned char)
 .text.Reset_Handler
                0x00000000080018e8       0x50 ./Core/Startup/startup_stm32g474retx.o
                0x00000000080018e8                Reset_Handler
 .text.Default_Handler
                0x0000000008001938        0x2 ./Core/Startup/startup_stm32g474retx.o
                0x0000000008001938                RTC_Alarm_IRQHandler
                0x0000000008001938                EXTI2_IRQHandler
                0x0000000008001938                TIM8_TRG_COM_IRQHandler
                0x0000000008001938                TIM8_CC_IRQHandler
                0x0000000008001938                HRTIM1_Master_IRQHandler
                0x0000000008001938                SPI4_IRQHandler
                0x0000000008001938                FDCAN3_IT0_IRQHandler
                0x0000000008001938                TIM1_CC_IRQHandler
                0x0000000008001938                HRTIM1_FLT_IRQHandler
                0x0000000008001938                HRTIM1_TIMF_IRQHandler
                0x0000000008001938                USB_HP_IRQHandler
                0x0000000008001938                CORDIC_IRQHandler
                0x0000000008001938                HRTIM1_TIMD_IRQHandler
                0x0000000008001938                DMA2_Channel8_IRQHandler
                0x0000000008001938                EXTI3_IRQHandler
                0x0000000008001938                I2C3_ER_IRQHandler
                0x0000000008001938                EXTI0_IRQHandler
                0x0000000008001938                I2C2_EV_IRQHandler
                0x0000000008001938                FPU_IRQHandler
                0x0000000008001938                FDCAN1_IT1_IRQHandler
                0x0000000008001938                TIM1_UP_TIM16_IRQHandler
                0x0000000008001938                HRTIM1_TIME_IRQHandler
                0x0000000008001938                SPI1_IRQHandler
                0x0000000008001938                HRTIM1_TIMC_IRQHandler
                0x0000000008001938                TIM8_UP_IRQHandler
                0x0000000008001938                DMA2_Channel2_IRQHandler
                0x0000000008001938                DMA1_Channel4_IRQHandler
                0x0000000008001938                TIM20_TRG_COM_IRQHandler
                0x0000000008001938                USART3_IRQHandler
                0x0000000008001938                DMA1_Channel7_IRQHandler
                0x0000000008001938                UART5_IRQHandler
                0x0000000008001938                ADC3_IRQHandler
                0x0000000008001938                TIM4_IRQHandler
                0x0000000008001938                DMA2_Channel1_IRQHandler
                0x0000000008001938                QUADSPI_IRQHandler
                0x0000000008001938                I2C1_EV_IRQHandler
                0x0000000008001938                DMA1_Channel6_IRQHandler
                0x0000000008001938                UART4_IRQHandler
                0x0000000008001938                DMA2_Channel4_IRQHandler
                0x0000000008001938                TIM3_IRQHandler
                0x0000000008001938                RCC_IRQHandler
                0x0000000008001938                TIM20_UP_IRQHandler
                0x0000000008001938                Default_Handler
                0x0000000008001938                DMA2_Channel7_IRQHandler
                0x0000000008001938                RTC_TAMP_LSECSS_IRQHandler
                0x0000000008001938                FMAC_IRQHandler
                0x0000000008001938                EXTI15_10_IRQHandler
                0x0000000008001938                DMA1_Channel8_IRQHandler
                0x0000000008001938                HRTIM1_TIMA_IRQHandler
                0x0000000008001938                TIM7_DAC_IRQHandler
                0x0000000008001938                FDCAN3_IT1_IRQHandler
                0x0000000008001938                TIM5_IRQHandler
                0x0000000008001938                UCPD1_IRQHandler
                0x0000000008001938                I2C3_EV_IRQHandler
                0x0000000008001938                EXTI9_5_IRQHandler
                0x0000000008001938                RTC_WKUP_IRQHandler
                0x0000000008001938                PVD_PVM_IRQHandler
                0x0000000008001938                SPI2_IRQHandler
                0x0000000008001938                ADC5_IRQHandler
                0x0000000008001938                DMA2_Channel5_IRQHandler
                0x0000000008001938                CRS_IRQHandler
                0x0000000008001938                DMA1_Channel5_IRQHandler
                0x0000000008001938                USB_LP_IRQHandler
                0x0000000008001938                EXTI4_IRQHandler
                0x0000000008001938                RNG_IRQHandler
                0x0000000008001938                HRTIM1_TIMB_IRQHandler
                0x0000000008001938                TIM1_TRG_COM_TIM17_IRQHandler
                0x0000000008001938                FDCAN2_IT1_IRQHandler
                0x0000000008001938                DMA1_Channel3_IRQHandler
                0x0000000008001938                ADC4_IRQHandler
                0x0000000008001938                WWDG_IRQHandler
                0x0000000008001938                I2C4_EV_IRQHandler
                0x0000000008001938                FDCAN2_IT0_IRQHandler
                0x0000000008001938                LPUART1_IRQHandler
                0x0000000008001938                DMA2_Channel6_IRQHandler
                0x0000000008001938                FDCAN1_IT0_IRQHandler
                0x0000000008001938                TIM2_IRQHandler
                0x0000000008001938                COMP7_IRQHandler
                0x0000000008001938                COMP1_2_3_IRQHandler
                0x0000000008001938                EXTI1_IRQHandler
                0x0000000008001938                USART2_IRQHandler
                0x0000000008001938                COMP4_5_6_IRQHandler
                0x0000000008001938                TIM20_BRK_IRQHandler
                0x0000000008001938                I2C2_ER_IRQHandler
                0x0000000008001938                DMA1_Channel2_IRQHandler
                0x0000000008001938                TIM8_BRK_IRQHandler
                0x0000000008001938                FLASH_IRQHandler
                0x0000000008001938                TIM20_CC_IRQHandler
                0x0000000008001938                USART1_IRQHandler
                0x0000000008001938                SPI3_IRQHandler
                0x0000000008001938                I2C1_ER_IRQHandler
                0x0000000008001938                FMC_IRQHandler
                0x0000000008001938                LPTIM1_IRQHandler
                0x0000000008001938                DMAMUX_OVR_IRQHandler
                0x0000000008001938                I2C4_ER_IRQHandler
                0x0000000008001938                USBWakeUp_IRQHandler
                0x0000000008001938                SAI1_IRQHandler
                0x0000000008001938                DMA2_Channel3_IRQHandler
                0x0000000008001938                TIM1_BRK_TIM15_IRQHandler
 .text.HAL_Init
                0x000000000800193a       0x30 ./Drivers/STM32G4xx_HAL_Driver/Src/stm32g4xx_hal.o
                0x000000000800193a                HAL_Init
 *fill*         0x000000000800196a        0x2 
 .text.HAL_IncTick
                0x000000000800196c       0x24 ./Drivers/STM32G4xx_HAL_Driver/Src/stm32g4xx_hal.o
                0x000000000800196c                HAL_IncTick
 .text.HAL_GetTick
                0x0000000008001990       0x18 ./Drivers/STM32G4xx_HAL_Driver/Src/stm32g4xx_hal.o
                0x0000000008001990                HAL_GetTick
 .text.HAL_Delay
                0x00000000080019a8       0x44 ./Drivers/STM32G4xx_HAL_Driver/Src/stm32g4xx_hal.o
                0x00000000080019a8                HAL_Delay
 .text.LL_ADC_SetCommonClock
                0x00000000080019ec       0x26 ./Drivers/STM32G4xx_HAL_Driver/Src/stm32g4xx_hal_adc.o
 .text.LL_ADC_SetCommonPathInternalCh
                0x0000000008001a12       0x26 ./Drivers/STM32G4xx_HAL_Driver/Src/stm32g4xx_hal_adc.o
 .text.LL_ADC_GetCommonPathInternalCh
                0x0000000008001a38       0x1c ./Drivers/STM32G4xx_HAL_Driver/Src/stm32g4xx_hal_adc.o
 .text.LL_ADC_SetOffset
                0x0000000008001a54       0x48 ./Drivers/STM32G4xx_HAL_Driver/Src/stm32g4xx_hal_adc.o
 .text.LL_ADC_GetOffsetChannel
                0x0000000008001a9c       0x2c ./Drivers/STM32G4xx_HAL_Driver/Src/stm32g4xx_hal_adc.o
 .text.LL_ADC_SetOffsetState
                0x0000000008001ac8       0x36 ./Drivers/STM32G4xx_HAL_Driver/Src/stm32g4xx_hal_adc.o
 .text.LL_ADC_SetOffsetSign
                0x0000000008001afe       0x36 ./Drivers/STM32G4xx_HAL_Driver/Src/stm32g4xx_hal_adc.o
 .text.LL_ADC_SetOffsetSaturation
                0x0000000008001b34       0x36 ./Drivers/STM32G4xx_HAL_Driver/Src/stm32g4xx_hal_adc.o
 .text.LL_ADC_SetSamplingTimeCommonConfig
                0x0000000008001b6a       0x26 ./Drivers/STM32G4xx_HAL_Driver/Src/stm32g4xx_hal_adc.o
 .text.LL_ADC_REG_IsTriggerSourceSWStart
                0x0000000008001b90       0x26 ./Drivers/STM32G4xx_HAL_Driver/Src/stm32g4xx_hal_adc.o
 .text.LL_ADC_REG_SetSequencerRanks
                0x0000000008001bb6       0x58 ./Drivers/STM32G4xx_HAL_Driver/Src/stm32g4xx_hal_adc.o
 .text.LL_ADC_INJ_IsTriggerSourceSWStart
                0x0000000008001c0e       0x26 ./Drivers/STM32G4xx_HAL_Driver/Src/stm32g4xx_hal_adc.o
 .text.LL_ADC_SetChannelSamplingTime
                0x0000000008001c34       0x56 ./Drivers/STM32G4xx_HAL_Driver/Src/stm32g4xx_hal_adc.o
 *fill*         0x0000000008001c8a        0x2 
 .text.LL_ADC_SetChannelSingleDiff
                0x0000000008001c8c       0x48 ./Drivers/STM32G4xx_HAL_Driver/Src/stm32g4xx_hal_adc.o
 .text.LL_ADC_GetMultimode
                0x0000000008001cd4       0x1c ./Drivers/STM32G4xx_HAL_Driver/Src/stm32g4xx_hal_adc.o
 .text.LL_ADC_GetMultiDMATransfer
                0x0000000008001cf0       0x1c ./Drivers/STM32G4xx_HAL_Driver/Src/stm32g4xx_hal_adc.o
 .text.LL_ADC_DisableDeepPowerDown
                0x0000000008001d0c       0x24 ./Drivers/STM32G4xx_HAL_Driver/Src/stm32g4xx_hal_adc.o
 .text.LL_ADC_IsDeepPowerDownEnabled
                0x0000000008001d30       0x28 ./Drivers/STM32G4xx_HAL_Driver/Src/stm32g4xx_hal_adc.o
 .text.LL_ADC_EnableInternalRegulator
                0x0000000008001d58       0x28 ./Drivers/STM32G4xx_HAL_Driver/Src/stm32g4xx_hal_adc.o
 .text.LL_ADC_IsInternalRegulatorEnabled
                0x0000000008001d80       0x28 ./Drivers/STM32G4xx_HAL_Driver/Src/stm32g4xx_hal_adc.o
 .text.LL_ADC_Enable
                0x0000000008001da8       0x28 ./Drivers/STM32G4xx_HAL_Driver/Src/stm32g4xx_hal_adc.o
 .text.LL_ADC_IsEnabled
                0x0000000008001dd0       0x26 ./Drivers/STM32G4xx_HAL_Driver/Src/stm32g4xx_hal_adc.o
 .text.LL_ADC_REG_StartConversion
                0x0000000008001df6       0x28 ./Drivers/STM32G4xx_HAL_Driver/Src/stm32g4xx_hal_adc.o
 .text.LL_ADC_REG_IsConversionOngoing
                0x0000000008001e1e       0x26 ./Drivers/STM32G4xx_HAL_Driver/Src/stm32g4xx_hal_adc.o
 .text.LL_ADC_INJ_IsConversionOngoing
                0x0000000008001e44       0x26 ./Drivers/STM32G4xx_HAL_Driver/Src/stm32g4xx_hal_adc.o
 *fill*         0x0000000008001e6a        0x2 
 .text.HAL_ADC_Init
                0x0000000008001e6c      0x384 ./Drivers/STM32G4xx_HAL_Driver/Src/stm32g4xx_hal_adc.o
                0x0000000008001e6c                HAL_ADC_Init
 .text.HAL_ADC_Start_IT
                0x00000000080021f0      0x2b8 ./Drivers/STM32G4xx_HAL_Driver/Src/stm32g4xx_hal_adc.o
                0x00000000080021f0                HAL_ADC_Start_IT
 .text.HAL_ADC_GetValue
                0x00000000080024a8       0x1a ./Drivers/STM32G4xx_HAL_Driver/Src/stm32g4xx_hal_adc.o
                0x00000000080024a8                HAL_ADC_GetValue
 *fill*         0x00000000080024c2        0x2 
 .text.HAL_ADC_IRQHandler
                0x00000000080024c4      0x4b4 ./Drivers/STM32G4xx_HAL_Driver/Src/stm32g4xx_hal_adc.o
                0x00000000080024c4                HAL_ADC_IRQHandler
 .text.HAL_ADC_LevelOutOfWindowCallback
                0x0000000008002978       0x14 ./Drivers/STM32G4xx_HAL_Driver/Src/stm32g4xx_hal_adc.o
                0x0000000008002978                HAL_ADC_LevelOutOfWindowCallback
 .text.HAL_ADC_ErrorCallback
                0x000000000800298c       0x14 ./Drivers/STM32G4xx_HAL_Driver/Src/stm32g4xx_hal_adc.o
                0x000000000800298c                HAL_ADC_ErrorCallback
 .text.HAL_ADC_ConfigChannel
                0x00000000080029a0      0x880 ./Drivers/STM32G4xx_HAL_Driver/Src/stm32g4xx_hal_adc.o
                0x00000000080029a0                HAL_ADC_ConfigChannel
 .text.ADC_Enable
                0x0000000008003220       0xc4 ./Drivers/STM32G4xx_HAL_Driver/Src/stm32g4xx_hal_adc.o
                0x0000000008003220                ADC_Enable
 .text.LL_ADC_IsEnabled
                0x00000000080032e4       0x26 ./Drivers/STM32G4xx_HAL_Driver/Src/stm32g4xx_hal_adc_ex.o
 .text.LL_ADC_REG_IsConversionOngoing
                0x000000000800330a       0x26 ./Drivers/STM32G4xx_HAL_Driver/Src/stm32g4xx_hal_adc_ex.o
 .text.HAL_ADCEx_InjectedConvCpltCallback
                0x0000000008003330       0x14 ./Drivers/STM32G4xx_HAL_Driver/Src/stm32g4xx_hal_adc_ex.o
                0x0000000008003330                HAL_ADCEx_InjectedConvCpltCallback
 .text.HAL_ADCEx_InjectedQueueOverflowCallback
                0x0000000008003344       0x14 ./Drivers/STM32G4xx_HAL_Driver/Src/stm32g4xx_hal_adc_ex.o
                0x0000000008003344                HAL_ADCEx_InjectedQueueOverflowCallback
 .text.HAL_ADCEx_LevelOutOfWindow2Callback
                0x0000000008003358       0x14 ./Drivers/STM32G4xx_HAL_Driver/Src/stm32g4xx_hal_adc_ex.o
                0x0000000008003358                HAL_ADCEx_LevelOutOfWindow2Callback
 .text.HAL_ADCEx_LevelOutOfWindow3Callback
                0x000000000800336c       0x14 ./Drivers/STM32G4xx_HAL_Driver/Src/stm32g4xx_hal_adc_ex.o
                0x000000000800336c                HAL_ADCEx_LevelOutOfWindow3Callback
 .text.HAL_ADCEx_EndOfSamplingCallback
                0x0000000008003380       0x14 ./Drivers/STM32G4xx_HAL_Driver/Src/stm32g4xx_hal_adc_ex.o
                0x0000000008003380                HAL_ADCEx_EndOfSamplingCallback
 .text.HAL_ADCEx_MultiModeConfigChannel
                0x0000000008003394      0x210 ./Drivers/STM32G4xx_HAL_Driver/Src/stm32g4xx_hal_adc_ex.o
                0x0000000008003394                HAL_ADCEx_MultiModeConfigChannel
 .text.__NVIC_SetPriorityGrouping
                0x00000000080035a4       0x48 ./Drivers/STM32G4xx_HAL_Driver/Src/stm32g4xx_hal_cortex.o
 .text.__NVIC_GetPriorityGrouping
                0x00000000080035ec       0x1c ./Drivers/STM32G4xx_HAL_Driver/Src/stm32g4xx_hal_cortex.o
 .text.__NVIC_EnableIRQ
                0x0000000008003608       0x3c ./Drivers/STM32G4xx_HAL_Driver/Src/stm32g4xx_hal_cortex.o
 .text.__NVIC_SetPriority
                0x0000000008003644       0x54 ./Drivers/STM32G4xx_HAL_Driver/Src/stm32g4xx_hal_cortex.o
 .text.NVIC_EncodePriority
                0x0000000008003698       0x66 ./Drivers/STM32G4xx_HAL_Driver/Src/stm32g4xx_hal_cortex.o
 .text.HAL_NVIC_SetPriorityGrouping
                0x00000000080036fe       0x16 ./Drivers/STM32G4xx_HAL_Driver/Src/stm32g4xx_hal_cortex.o
                0x00000000080036fe                HAL_NVIC_SetPriorityGrouping
 .text.HAL_NVIC_SetPriority
                0x0000000008003714       0x34 ./Drivers/STM32G4xx_HAL_Driver/Src/stm32g4xx_hal_cortex.o
                0x0000000008003714                HAL_NVIC_SetPriority
 .text.HAL_NVIC_EnableIRQ
                0x0000000008003748       0x1c ./Drivers/STM32G4xx_HAL_Driver/Src/stm32g4xx_hal_cortex.o
                0x0000000008003748                HAL_NVIC_EnableIRQ
 .text.HAL_DMA_Init
                0x0000000008003764      0x150 ./Drivers/STM32G4xx_HAL_Driver/Src/stm32g4xx_hal_dma.o
                0x0000000008003764                HAL_DMA_Init
 .text.HAL_DMA_Start_IT
                0x00000000080038b4       0xf6 ./Drivers/STM32G4xx_HAL_Driver/Src/stm32g4xx_hal_dma.o
                0x00000000080038b4                HAL_DMA_Start_IT
 .text.HAL_DMA_IRQHandler
                0x00000000080039aa      0x15e ./Drivers/STM32G4xx_HAL_Driver/Src/stm32g4xx_hal_dma.o
                0x00000000080039aa                HAL_DMA_IRQHandler
 .text.DMA_SetConfig
                0x0000000008003b08       0x7c ./Drivers/STM32G4xx_HAL_Driver/Src/stm32g4xx_hal_dma.o
 .text.DMA_CalcDMAMUXChannelBaseAndMask
                0x0000000008003b84       0x7c ./Drivers/STM32G4xx_HAL_Driver/Src/stm32g4xx_hal_dma.o
 .text.DMA_CalcDMAMUXRequestGenBaseAndMask
                0x0000000008003c00       0x48 ./Drivers/STM32G4xx_HAL_Driver/Src/stm32g4xx_hal_dma.o
 .text.HAL_GPIO_Init
                0x0000000008003c48      0x304 ./Drivers/STM32G4xx_HAL_Driver/Src/stm32g4xx_hal_gpio.o
                0x0000000008003c48                HAL_GPIO_Init
 .text.HAL_GPIO_WritePin
                0x0000000008003f4c       0x30 ./Drivers/STM32G4xx_HAL_Driver/Src/stm32g4xx_hal_gpio.o
                0x0000000008003f4c                HAL_GPIO_WritePin
 .text.HAL_I2C_Init
                0x0000000008003f7c      0x11e ./Drivers/STM32G4xx_HAL_Driver/Src/stm32g4xx_hal_i2c.o
                0x0000000008003f7c                HAL_I2C_Init
 *fill*         0x000000000800409a        0x2 
 .text.HAL_I2C_Mem_Write
                0x000000000800409c      0x228 ./Drivers/STM32G4xx_HAL_Driver/Src/stm32g4xx_hal_i2c.o
                0x000000000800409c                HAL_I2C_Mem_Write
 .text.I2C_RequestMemoryWrite
                0x00000000080042c4       0xa8 ./Drivers/STM32G4xx_HAL_Driver/Src/stm32g4xx_hal_i2c.o
 .text.I2C_Flush_TXDR
                0x000000000800436c       0x48 ./Drivers/STM32G4xx_HAL_Driver/Src/stm32g4xx_hal_i2c.o
 .text.I2C_WaitOnFlagUntilTimeout
                0x00000000080043b4       0x80 ./Drivers/STM32G4xx_HAL_Driver/Src/stm32g4xx_hal_i2c.o
 .text.I2C_WaitOnTXISFlagUntilTimeout
                0x0000000008004434       0x80 ./Drivers/STM32G4xx_HAL_Driver/Src/stm32g4xx_hal_i2c.o
 .text.I2C_WaitOnSTOPFlagUntilTimeout
                0x00000000080044b4       0x78 ./Drivers/STM32G4xx_HAL_Driver/Src/stm32g4xx_hal_i2c.o
 .text.I2C_IsAcknowledgeFailed
                0x000000000800452c       0xcc ./Drivers/STM32G4xx_HAL_Driver/Src/stm32g4xx_hal_i2c.o
 .text.I2C_TransferConfig
                0x00000000080045f8       0x5c ./Drivers/STM32G4xx_HAL_Driver/Src/stm32g4xx_hal_i2c.o
 .text.HAL_I2CEx_ConfigAnalogFilter
                0x0000000008004654       0x96 ./Drivers/STM32G4xx_HAL_Driver/Src/stm32g4xx_hal_i2c_ex.o
                0x0000000008004654                HAL_I2CEx_ConfigAnalogFilter
 .text.HAL_I2CEx_ConfigDigitalFilter
                0x00000000080046ea       0x98 ./Drivers/STM32G4xx_HAL_Driver/Src/stm32g4xx_hal_i2c_ex.o
                0x00000000080046ea                HAL_I2CEx_ConfigDigitalFilter
 *fill*         0x0000000008004782        0x2 
 .text.HAL_PWREx_ControlVoltageScaling
                0x0000000008004784      0x148 ./Drivers/STM32G4xx_HAL_Driver/Src/stm32g4xx_hal_pwr_ex.o
                0x0000000008004784                HAL_PWREx_ControlVoltageScaling
 .text.HAL_PWREx_DisableUCPDDeadBattery
                0x00000000080048cc       0x20 ./Drivers/STM32G4xx_HAL_Driver/Src/stm32g4xx_hal_pwr_ex.o
                0x00000000080048cc                HAL_PWREx_DisableUCPDDeadBattery
 .text.HAL_RCC_OscConfig
                0x00000000080048ec      0x630 ./Drivers/STM32G4xx_HAL_Driver/Src/stm32g4xx_hal_rcc.o
                0x00000000080048ec                HAL_RCC_OscConfig
 .text.HAL_RCC_ClockConfig
                0x0000000008004f1c      0x278 ./Drivers/STM32G4xx_HAL_Driver/Src/stm32g4xx_hal_rcc.o
                0x0000000008004f1c                HAL_RCC_ClockConfig
 .text.HAL_RCC_GetSysClockFreq
                0x0000000008005194       0xc4 ./Drivers/STM32G4xx_HAL_Driver/Src/stm32g4xx_hal_rcc.o
                0x0000000008005194                HAL_RCC_GetSysClockFreq
 .text.HAL_RCC_GetHCLKFreq
                0x0000000008005258       0x18 ./Drivers/STM32G4xx_HAL_Driver/Src/stm32g4xx_hal_rcc.o
                0x0000000008005258                HAL_RCC_GetHCLKFreq
 .text.HAL_RCC_GetPCLK1Freq
                0x0000000008005270       0x2c ./Drivers/STM32G4xx_HAL_Driver/Src/stm32g4xx_hal_rcc.o
                0x0000000008005270                HAL_RCC_GetPCLK1Freq
 .text.HAL_RCC_GetPCLK2Freq
                0x000000000800529c       0x2c ./Drivers/STM32G4xx_HAL_Driver/Src/stm32g4xx_hal_rcc.o
                0x000000000800529c                HAL_RCC_GetPCLK2Freq
 .text.HAL_RCC_GetClockConfig
                0x00000000080052c8       0x64 ./Drivers/STM32G4xx_HAL_Driver/Src/stm32g4xx_hal_rcc.o
                0x00000000080052c8                HAL_RCC_GetClockConfig
 .text.RCC_GetSysClockFreqFromPLLSource
                0x000000000800532c       0x8c ./Drivers/STM32G4xx_HAL_Driver/Src/stm32g4xx_hal_rcc.o
 .text.HAL_RCCEx_PeriphCLKConfig
                0x00000000080053b8      0x498 ./Drivers/STM32G4xx_HAL_Driver/Src/stm32g4xx_hal_rcc_ex.o
                0x00000000080053b8                HAL_RCCEx_PeriphCLKConfig
 .text.HAL_TIM_Base_Init
                0x0000000008005850       0xae ./Drivers/STM32G4xx_HAL_Driver/Src/stm32g4xx_hal_tim.o
                0x0000000008005850                HAL_TIM_Base_Init
 *fill*         0x00000000080058fe        0x2 
 .text.HAL_TIM_Base_Start
                0x0000000008005900       0xe0 ./Drivers/STM32G4xx_HAL_Driver/Src/stm32g4xx_hal_tim.o
                0x0000000008005900                HAL_TIM_Base_Start
 .text.HAL_TIM_Base_Start_IT
                0x00000000080059e0       0xf0 ./Drivers/STM32G4xx_HAL_Driver/Src/stm32g4xx_hal_tim.o
                0x00000000080059e0                HAL_TIM_Base_Start_IT
 .text.HAL_TIM_IRQHandler
                0x0000000008005ad0      0x2fe ./Drivers/STM32G4xx_HAL_Driver/Src/stm32g4xx_hal_tim.o
                0x0000000008005ad0                HAL_TIM_IRQHandler
 *fill*         0x0000000008005dce        0x2 
 .text.HAL_TIM_ConfigClockSource
                0x0000000008005dd0      0x224 ./Drivers/STM32G4xx_HAL_Driver/Src/stm32g4xx_hal_tim.o
                0x0000000008005dd0                HAL_TIM_ConfigClockSource
 .text.HAL_TIM_OC_DelayElapsedCallback
                0x0000000008005ff4       0x14 ./Drivers/STM32G4xx_HAL_Driver/Src/stm32g4xx_hal_tim.o
                0x0000000008005ff4                HAL_TIM_OC_DelayElapsedCallback
 .text.HAL_TIM_IC_CaptureCallback
                0x0000000008006008       0x14 ./Drivers/STM32G4xx_HAL_Driver/Src/stm32g4xx_hal_tim.o
                0x0000000008006008                HAL_TIM_IC_CaptureCallback
 .text.HAL_TIM_PWM_PulseFinishedCallback
                0x000000000800601c       0x14 ./Drivers/STM32G4xx_HAL_Driver/Src/stm32g4xx_hal_tim.o
                0x000000000800601c                HAL_TIM_PWM_PulseFinishedCallback
 .text.HAL_TIM_TriggerCallback
                0x0000000008006030       0x14 ./Drivers/STM32G4xx_HAL_Driver/Src/stm32g4xx_hal_tim.o
                0x0000000008006030                HAL_TIM_TriggerCallback
 .text.TIM_Base_SetConfig
                0x0000000008006044      0x150 ./Drivers/STM32G4xx_HAL_Driver/Src/stm32g4xx_hal_tim.o
                0x0000000008006044                TIM_Base_SetConfig
 .text.TIM_TI1_ConfigInputStage
                0x0000000008006194       0x5e ./Drivers/STM32G4xx_HAL_Driver/Src/stm32g4xx_hal_tim.o
 .text.TIM_TI2_ConfigInputStage
                0x00000000080061f2       0x60 ./Drivers/STM32G4xx_HAL_Driver/Src/stm32g4xx_hal_tim.o
 .text.TIM_ITRx_SetConfig
                0x0000000008006252       0x3a ./Drivers/STM32G4xx_HAL_Driver/Src/stm32g4xx_hal_tim.o
 .text.TIM_ETR_SetConfig
                0x000000000800628c       0x40 ./Drivers/STM32G4xx_HAL_Driver/Src/stm32g4xx_hal_tim.o
                0x000000000800628c                TIM_ETR_SetConfig
 .text.HAL_TIMEx_MasterConfigSynchronization
                0x00000000080062cc      0x12c ./Drivers/STM32G4xx_HAL_Driver/Src/stm32g4xx_hal_tim_ex.o
                0x00000000080062cc                HAL_TIMEx_MasterConfigSynchronization
 .text.HAL_TIMEx_CommutCallback
                0x00000000080063f8       0x14 ./Drivers/STM32G4xx_HAL_Driver/Src/stm32g4xx_hal_tim_ex.o
                0x00000000080063f8                HAL_TIMEx_CommutCallback
 .text.HAL_TIMEx_BreakCallback
                0x000000000800640c       0x14 ./Drivers/STM32G4xx_HAL_Driver/Src/stm32g4xx_hal_tim_ex.o
                0x000000000800640c                HAL_TIMEx_BreakCallback
 .text.HAL_TIMEx_Break2Callback
                0x0000000008006420       0x14 ./Drivers/STM32G4xx_HAL_Driver/Src/stm32g4xx_hal_tim_ex.o
                0x0000000008006420                HAL_TIMEx_Break2Callback
 .text.HAL_TIMEx_EncoderIndexCallback
                0x0000000008006434       0x14 ./Drivers/STM32G4xx_HAL_Driver/Src/stm32g4xx_hal_tim_ex.o
                0x0000000008006434                HAL_TIMEx_EncoderIndexCallback
 .text.HAL_TIMEx_DirectionChangeCallback
                0x0000000008006448       0x14 ./Drivers/STM32G4xx_HAL_Driver/Src/stm32g4xx_hal_tim_ex.o
                0x0000000008006448                HAL_TIMEx_DirectionChangeCallback
 .text.HAL_TIMEx_IndexErrorCallback
                0x000000000800645c       0x14 ./Drivers/STM32G4xx_HAL_Driver/Src/stm32g4xx_hal_tim_ex.o
                0x000000000800645c                HAL_TIMEx_IndexErrorCallback
 .text.HAL_TIMEx_TransitionErrorCallback
                0x0000000008006470       0x14 ./Drivers/STM32G4xx_HAL_Driver/Src/stm32g4xx_hal_tim_ex.o
                0x0000000008006470                HAL_TIMEx_TransitionErrorCallback
 .text.HAL_UART_Init
                0x0000000008006484       0xa0 ./Drivers/STM32G4xx_HAL_Driver/Src/stm32g4xx_hal_uart.o
                0x0000000008006484                HAL_UART_Init
 .text.HAL_UART_Receive_DMA
                0x0000000008006524       0x8c ./Drivers/STM32G4xx_HAL_Driver/Src/stm32g4xx_hal_uart.o
                0x0000000008006524                HAL_UART_Receive_DMA
 .text.HAL_UART_RxHalfCpltCallback
                0x00000000080065b0       0x14 ./Drivers/STM32G4xx_HAL_Driver/Src/stm32g4xx_hal_uart.o
                0x00000000080065b0                HAL_UART_RxHalfCpltCallback
 .text.HAL_UART_ErrorCallback
                0x00000000080065c4       0x14 ./Drivers/STM32G4xx_HAL_Driver/Src/stm32g4xx_hal_uart.o
                0x00000000080065c4                HAL_UART_ErrorCallback
 .text.HAL_UARTEx_RxEventCallback
                0x00000000080065d8       0x18 ./Drivers/STM32G4xx_HAL_Driver/Src/stm32g4xx_hal_uart.o
                0x00000000080065d8                HAL_UARTEx_RxEventCallback
 .text.UART_SetConfig
                0x00000000080065f0      0x594 ./Drivers/STM32G4xx_HAL_Driver/Src/stm32g4xx_hal_uart.o
                0x00000000080065f0                UART_SetConfig
 .text.UART_AdvFeatureConfig
                0x0000000008006b84      0x144 ./Drivers/STM32G4xx_HAL_Driver/Src/stm32g4xx_hal_uart.o
                0x0000000008006b84                UART_AdvFeatureConfig
 .text.UART_CheckIdleState
                0x0000000008006cc8       0x96 ./Drivers/STM32G4xx_HAL_Driver/Src/stm32g4xx_hal_uart.o
                0x0000000008006cc8                UART_CheckIdleState
 .text.UART_WaitOnFlagUntilTimeout
                0x0000000008006d5e      0x100 ./Drivers/STM32G4xx_HAL_Driver/Src/stm32g4xx_hal_uart.o
                0x0000000008006d5e                UART_WaitOnFlagUntilTimeout
 *fill*         0x0000000008006e5e        0x2 
 .text.UART_Start_Receive_DMA
                0x0000000008006e60       0xdc ./Drivers/STM32G4xx_HAL_Driver/Src/stm32g4xx_hal_uart.o
                0x0000000008006e60                UART_Start_Receive_DMA
 .text.UART_EndTxTransfer
                0x0000000008006f3c       0x3c ./Drivers/STM32G4xx_HAL_Driver/Src/stm32g4xx_hal_uart.o
 .text.UART_EndRxTransfer
                0x0000000008006f78       0x64 ./Drivers/STM32G4xx_HAL_Driver/Src/stm32g4xx_hal_uart.o
 .text.UART_DMAReceiveCplt
                0x0000000008006fdc       0x9a ./Drivers/STM32G4xx_HAL_Driver/Src/stm32g4xx_hal_uart.o
 .text.UART_DMARxHalfCplt
                0x0000000008007076       0x38 ./Drivers/STM32G4xx_HAL_Driver/Src/stm32g4xx_hal_uart.o
 .text.UART_DMAError
                0x00000000080070ae       0x80 ./Drivers/STM32G4xx_HAL_Driver/Src/stm32g4xx_hal_uart.o
 .text.HAL_UARTEx_EnableFifoMode
                0x000000000800712e       0x76 ./Drivers/STM32G4xx_HAL_Driver/Src/stm32g4xx_hal_uart_ex.o
                0x000000000800712e                HAL_UARTEx_EnableFifoMode
 .text.HAL_UARTEx_SetTxFifoThreshold
                0x00000000080071a4       0x7c ./Drivers/STM32G4xx_HAL_Driver/Src/stm32g4xx_hal_uart_ex.o
                0x00000000080071a4                HAL_UARTEx_SetTxFifoThreshold
 .text.HAL_UARTEx_SetRxFifoThreshold
                0x0000000008007220       0x7c ./Drivers/STM32G4xx_HAL_Driver/Src/stm32g4xx_hal_uart_ex.o
                0x0000000008007220                HAL_UARTEx_SetRxFifoThreshold
 .text.UARTEx_SetNbDataToProcess
                0x000000000800729c       0x9c ./Drivers/STM32G4xx_HAL_Driver/Src/stm32g4xx_hal_uart_ex.o
 .text.__NVIC_SetPriority
                0x0000000008007338       0x54 ./Middlewares/Third_Party/FreeRTOS/Source/CMSIS_RTOS_V2/cmsis_os2.o
 .text.SysTick_Handler
                0x000000000800738c       0x20 ./Middlewares/Third_Party/FreeRTOS/Source/CMSIS_RTOS_V2/cmsis_os2.o
                0x000000000800738c                SysTick_Handler
 .text.SVC_Setup
                0x00000000080073ac       0x12 ./Middlewares/Third_Party/FreeRTOS/Source/CMSIS_RTOS_V2/cmsis_os2.o
 *fill*         0x00000000080073be        0x2 
 .text.osKernelInitialize
                0x00000000080073c0       0x48 ./Middlewares/Third_Party/FreeRTOS/Source/CMSIS_RTOS_V2/cmsis_os2.o
                0x00000000080073c0                osKernelInitialize
 .text.osKernelStart
                0x0000000008007408       0x4c ./Middlewares/Third_Party/FreeRTOS/Source/CMSIS_RTOS_V2/cmsis_os2.o
                0x0000000008007408                osKernelStart
 .text.osThreadNew
                0x0000000008007454      0x124 ./Middlewares/Third_Party/FreeRTOS/Source/CMSIS_RTOS_V2/cmsis_os2.o
                0x0000000008007454                osThreadNew
 .text.osDelay  0x0000000008007578       0x36 ./Middlewares/Third_Party/FreeRTOS/Source/CMSIS_RTOS_V2/cmsis_os2.o
                0x0000000008007578                osDelay
 .text.osSemaphoreNew
                0x00000000080075ae      0x112 ./Middlewares/Third_Party/FreeRTOS/Source/CMSIS_RTOS_V2/cmsis_os2.o
                0x00000000080075ae                osSemaphoreNew
 .text.osSemaphoreAcquire
                0x00000000080076c0       0xa4 ./Middlewares/Third_Party/FreeRTOS/Source/CMSIS_RTOS_V2/cmsis_os2.o
                0x00000000080076c0                osSemaphoreAcquire
 .text.osSemaphoreRelease
                0x0000000008007764       0x88 ./Middlewares/Third_Party/FreeRTOS/Source/CMSIS_RTOS_V2/cmsis_os2.o
                0x0000000008007764                osSemaphoreRelease
 .text.vApplicationGetIdleTaskMemory
                0x00000000080077ec       0x34 ./Middlewares/Third_Party/FreeRTOS/Source/CMSIS_RTOS_V2/cmsis_os2.o
                0x00000000080077ec                vApplicationGetIdleTaskMemory
 .text.vApplicationGetTimerTaskMemory
                0x0000000008007820       0x34 ./Middlewares/Third_Party/FreeRTOS/Source/CMSIS_RTOS_V2/cmsis_os2.o
                0x0000000008007820                vApplicationGetTimerTaskMemory
 .text.vListInitialise
                0x0000000008007854       0x40 ./Middlewares/Third_Party/FreeRTOS/Source/list.o
                0x0000000008007854                vListInitialise
 .text.vListInitialiseItem
                0x0000000008007894       0x1a ./Middlewares/Third_Party/FreeRTOS/Source/list.o
                0x0000000008007894                vListInitialiseItem
 .text.vListInsertEnd
                0x00000000080078ae       0x48 ./Middlewares/Third_Party/FreeRTOS/Source/list.o
                0x00000000080078ae                vListInsertEnd
 .text.vListInsert
                0x00000000080078f6       0x72 ./Middlewares/Third_Party/FreeRTOS/Source/list.o
                0x00000000080078f6                vListInsert
 .text.uxListRemove
                0x0000000008007968       0x54 ./Middlewares/Third_Party/FreeRTOS/Source/list.o
                0x0000000008007968                uxListRemove
 .text.xQueueGenericReset
                0x00000000080079bc       0xd0 ./Middlewares/Third_Party/FreeRTOS/Source/queue.o
                0x00000000080079bc                xQueueGenericReset
 .text.xQueueGenericCreateStatic
                0x0000000008007a8c       0xf0 ./Middlewares/Third_Party/FreeRTOS/Source/queue.o
                0x0000000008007a8c                xQueueGenericCreateStatic
 .text.xQueueGenericCreate
                0x0000000008007b7c       0x74 ./Middlewares/Third_Party/FreeRTOS/Source/queue.o
                0x0000000008007b7c                xQueueGenericCreate
 .text.prvInitialiseNewQueue
                0x0000000008007bf0       0x46 ./Middlewares/Third_Party/FreeRTOS/Source/queue.o
 .text.xQueueCreateCountingSemaphoreStatic
                0x0000000008007c36       0x6e ./Middlewares/Third_Party/FreeRTOS/Source/queue.o
                0x0000000008007c36                xQueueCreateCountingSemaphoreStatic
 .text.xQueueCreateCountingSemaphore
                0x0000000008007ca4       0x66 ./Middlewares/Third_Party/FreeRTOS/Source/queue.o
                0x0000000008007ca4                xQueueCreateCountingSemaphore
 *fill*         0x0000000008007d0a        0x2 
 .text.xQueueGenericSend
                0x0000000008007d0c      0x1fc ./Middlewares/Third_Party/FreeRTOS/Source/queue.o
                0x0000000008007d0c                xQueueGenericSend
 .text.xQueueGenericSendFromISR
                0x0000000008007f08      0x136 ./Middlewares/Third_Party/FreeRTOS/Source/queue.o
                0x0000000008007f08                xQueueGenericSendFromISR
 .text.xQueueGiveFromISR
                0x000000000800803e      0x11a ./Middlewares/Third_Party/FreeRTOS/Source/queue.o
                0x000000000800803e                xQueueGiveFromISR
 .text.xQueueReceive
                0x0000000008008158      0x1c0 ./Middlewares/Third_Party/FreeRTOS/Source/queue.o
                0x0000000008008158                xQueueReceive
 .text.xQueueSemaphoreTake
                0x0000000008008318      0x218 ./Middlewares/Third_Party/FreeRTOS/Source/queue.o
                0x0000000008008318                xQueueSemaphoreTake
 .text.xQueueReceiveFromISR
                0x0000000008008530      0x100 ./Middlewares/Third_Party/FreeRTOS/Source/queue.o
                0x0000000008008530                xQueueReceiveFromISR
 .text.vQueueDelete
                0x0000000008008630       0x46 ./Middlewares/Third_Party/FreeRTOS/Source/queue.o
                0x0000000008008630                vQueueDelete
 .text.prvGetDisinheritPriorityAfterTimeout
                0x0000000008008676       0x30 ./Middlewares/Third_Party/FreeRTOS/Source/queue.o
 .text.prvCopyDataToQueue
                0x00000000080086a6       0xd4 ./Middlewares/Third_Party/FreeRTOS/Source/queue.o
 .text.prvCopyDataFromQueue
                0x000000000800877a       0x4c ./Middlewares/Third_Party/FreeRTOS/Source/queue.o
 .text.prvUnlockQueue
                0x00000000080087c6       0xa4 ./Middlewares/Third_Party/FreeRTOS/Source/queue.o
 .text.prvIsQueueEmpty
                0x000000000800886a       0x2c ./Middlewares/Third_Party/FreeRTOS/Source/queue.o
 .text.prvIsQueueFull
                0x0000000008008896       0x30 ./Middlewares/Third_Party/FreeRTOS/Source/queue.o
 *fill*         0x00000000080088c6        0x2 
 .text.vQueueAddToRegistry
                0x00000000080088c8       0x54 ./Middlewares/Third_Party/FreeRTOS/Source/queue.o
                0x00000000080088c8                vQueueAddToRegistry
 .text.vQueueUnregisterQueue
                0x000000000800891c       0x54 ./Middlewares/Third_Party/FreeRTOS/Source/queue.o
                0x000000000800891c                vQueueUnregisterQueue
 .text.vQueueWaitForMessageRestricted
                0x0000000008008970       0x68 ./Middlewares/Third_Party/FreeRTOS/Source/queue.o
                0x0000000008008970                vQueueWaitForMessageRestricted
 .text.xTaskCreateStatic
                0x00000000080089d8       0xba ./Middlewares/Third_Party/FreeRTOS/Source/tasks.o
                0x00000000080089d8                xTaskCreateStatic
 .text.xTaskCreate
                0x0000000008008a92       0x8a ./Middlewares/Third_Party/FreeRTOS/Source/tasks.o
                0x0000000008008a92                xTaskCreate
 .text.prvInitialiseNewTask
                0x0000000008008b1c      0x11e ./Middlewares/Third_Party/FreeRTOS/Source/tasks.o
 *fill*         0x0000000008008c3a        0x2 
 .text.prvAddNewTaskToReadyList
                0x0000000008008c3c       0xe0 ./Middlewares/Third_Party/FreeRTOS/Source/tasks.o
 .text.vTaskDelay
                0x0000000008008d1c       0x68 ./Middlewares/Third_Party/FreeRTOS/Source/tasks.o
                0x0000000008008d1c                vTaskDelay
 .text.vTaskStartScheduler
                0x0000000008008d84       0xcc ./Middlewares/Third_Party/FreeRTOS/Source/tasks.o
                0x0000000008008d84                vTaskStartScheduler
 .text.vTaskSuspendAll
                0x0000000008008e50       0x1c ./Middlewares/Third_Party/FreeRTOS/Source/tasks.o
                0x0000000008008e50                vTaskSuspendAll
 .text.xTaskResumeAll
                0x0000000008008e6c      0x13c ./Middlewares/Third_Party/FreeRTOS/Source/tasks.o
                0x0000000008008e6c                xTaskResumeAll
 .text.xTaskGetTickCount
                0x0000000008008fa8       0x20 ./Middlewares/Third_Party/FreeRTOS/Source/tasks.o
                0x0000000008008fa8                xTaskGetTickCount
 .text.xTaskIncrementTick
                0x0000000008008fc8      0x174 ./Middlewares/Third_Party/FreeRTOS/Source/tasks.o
                0x0000000008008fc8                xTaskIncrementTick
 .text.vTaskSwitchContext
                0x000000000800913c       0xbc ./Middlewares/Third_Party/FreeRTOS/Source/tasks.o
                0x000000000800913c                vTaskSwitchContext
 .text.vTaskPlaceOnEventList
                0x00000000080091f8       0x48 ./Middlewares/Third_Party/FreeRTOS/Source/tasks.o
                0x00000000080091f8                vTaskPlaceOnEventList
 .text.vTaskPlaceOnEventListRestricted
                0x0000000008009240       0x58 ./Middlewares/Third_Party/FreeRTOS/Source/tasks.o
                0x0000000008009240                vTaskPlaceOnEventListRestricted
 .text.xTaskRemoveFromEventList
                0x0000000008009298       0xc8 ./Middlewares/Third_Party/FreeRTOS/Source/tasks.o
                0x0000000008009298                xTaskRemoveFromEventList
 .text.vTaskInternalSetTimeOutState
                0x0000000008009360       0x2c ./Middlewares/Third_Party/FreeRTOS/Source/tasks.o
                0x0000000008009360                vTaskInternalSetTimeOutState
 .text.xTaskCheckForTimeOut
                0x000000000800938c       0xc4 ./Middlewares/Third_Party/FreeRTOS/Source/tasks.o
                0x000000000800938c                xTaskCheckForTimeOut
 .text.vTaskMissedYield
                0x0000000008009450       0x18 ./Middlewares/Third_Party/FreeRTOS/Source/tasks.o
                0x0000000008009450                vTaskMissedYield
 .text.prvIdleTask
                0x0000000008009468       0x30 ./Middlewares/Third_Party/FreeRTOS/Source/tasks.o
 .text.prvInitialiseTaskLists
                0x0000000008009498       0x80 ./Middlewares/Third_Party/FreeRTOS/Source/tasks.o
 .text.prvCheckTasksWaitingTermination
                0x0000000008009518       0x5c ./Middlewares/Third_Party/FreeRTOS/Source/tasks.o
 .text.prvDeleteTCB
                0x0000000008009574       0x5e ./Middlewares/Third_Party/FreeRTOS/Source/tasks.o
 *fill*         0x00000000080095d2        0x2 
 .text.prvResetNextTaskUnblockTime
                0x00000000080095d4       0x40 ./Middlewares/Third_Party/FreeRTOS/Source/tasks.o
 .text.xTaskGetSchedulerState
                0x0000000008009614       0x3c ./Middlewares/Third_Party/FreeRTOS/Source/tasks.o
                0x0000000008009614                xTaskGetSchedulerState
 .text.xTaskPriorityInherit
                0x0000000008009650       0xd0 ./Middlewares/Third_Party/FreeRTOS/Source/tasks.o
                0x0000000008009650                xTaskPriorityInherit
 .text.xTaskPriorityDisinherit
                0x0000000008009720       0xdc ./Middlewares/Third_Party/FreeRTOS/Source/tasks.o
                0x0000000008009720                xTaskPriorityDisinherit
 .text.vTaskPriorityDisinheritAfterTimeout
                0x00000000080097fc      0x104 ./Middlewares/Third_Party/FreeRTOS/Source/tasks.o
                0x00000000080097fc                vTaskPriorityDisinheritAfterTimeout
 .text.pvTaskIncrementMutexHeldCount
                0x0000000008009900       0x28 ./Middlewares/Third_Party/FreeRTOS/Source/tasks.o
                0x0000000008009900                pvTaskIncrementMutexHeldCount
 .text.prvAddCurrentTaskToDelayedList
                0x0000000008009928       0xa8 ./Middlewares/Third_Party/FreeRTOS/Source/tasks.o
 .text.xTimerCreateTimerTask
                0x00000000080099d0       0x90 ./Middlewares/Third_Party/FreeRTOS/Source/timers.o
                0x00000000080099d0                xTimerCreateTimerTask
 .text.xTimerGenericCommand
                0x0000000008009a60       0x9c ./Middlewares/Third_Party/FreeRTOS/Source/timers.o
                0x0000000008009a60                xTimerGenericCommand
 .text.prvProcessExpiredTimer
                0x0000000008009afc       0x98 ./Middlewares/Third_Party/FreeRTOS/Source/timers.o
 .text.prvTimerTask
                0x0000000008009b94       0x24 ./Middlewares/Third_Party/FreeRTOS/Source/timers.o
 .text.prvProcessTimerOrBlockTask
                0x0000000008009bb8       0x9c ./Middlewares/Third_Party/FreeRTOS/Source/timers.o
 .text.prvGetNextExpireTime
                0x0000000008009c54       0x48 ./Middlewares/Third_Party/FreeRTOS/Source/timers.o
 .text.prvSampleTimeNow
                0x0000000008009c9c       0x40 ./Middlewares/Third_Party/FreeRTOS/Source/timers.o
 .text.prvInsertTimerInActiveList
                0x0000000008009cdc       0x84 ./Middlewares/Third_Party/FreeRTOS/Source/timers.o
 .text.prvProcessReceivedCommands
                0x0000000008009d60      0x1c4 ./Middlewares/Third_Party/FreeRTOS/Source/timers.o
 .text.prvSwitchTimerLists
                0x0000000008009f24       0xc8 ./Middlewares/Third_Party/FreeRTOS/Source/timers.o
 .text.prvCheckForValidListAndQueue
                0x0000000008009fec       0x80 ./Middlewares/Third_Party/FreeRTOS/Source/timers.o
 .text.pxPortInitialiseStack
                0x000000000800a06c       0x68 ./Middlewares/Third_Party/FreeRTOS/Source/portable/GCC/ARM_CM4F/port.o
                0x000000000800a06c                pxPortInitialiseStack
 .text.prvTaskExitError
                0x000000000800a0d4       0x58 ./Middlewares/Third_Party/FreeRTOS/Source/portable/GCC/ARM_CM4F/port.o
 *fill*         0x000000000800a12c        0x4 
 .text.SVC_Handler
                0x000000000800a130       0x28 ./Middlewares/Third_Party/FreeRTOS/Source/portable/GCC/ARM_CM4F/port.o
                0x000000000800a130                SVC_Handler
 .text.prvPortStartFirstTask
                0x000000000800a158       0x28 ./Middlewares/Third_Party/FreeRTOS/Source/portable/GCC/ARM_CM4F/port.o
 .text.xPortStartScheduler
                0x000000000800a180      0x144 ./Middlewares/Third_Party/FreeRTOS/Source/portable/GCC/ARM_CM4F/port.o
                0x000000000800a180                xPortStartScheduler
 .text.vPortEnterCritical
                0x000000000800a2c4       0x60 ./Middlewares/Third_Party/FreeRTOS/Source/portable/GCC/ARM_CM4F/port.o
                0x000000000800a2c4                vPortEnterCritical
 .text.vPortExitCritical
                0x000000000800a324       0x54 ./Middlewares/Third_Party/FreeRTOS/Source/portable/GCC/ARM_CM4F/port.o
                0x000000000800a324                vPortExitCritical
 *fill*         0x000000000800a378        0x8 
 .text.PendSV_Handler
                0x000000000800a380       0x68 ./Middlewares/Third_Party/FreeRTOS/Source/portable/GCC/ARM_CM4F/port.o
                0x000000000800a380                PendSV_Handler
 .text.xPortSysTickHandler
                0x000000000800a3e8       0x44 ./Middlewares/Third_Party/FreeRTOS/Source/portable/GCC/ARM_CM4F/port.o
                0x000000000800a3e8                xPortSysTickHandler
 .text.vPortSetupTimerInterrupt
                0x000000000800a42c       0x48 ./Middlewares/Third_Party/FreeRTOS/Source/portable/GCC/ARM_CM4F/port.o
                0x000000000800a42c                vPortSetupTimerInterrupt
 .text.vPortEnableVFP
                0x000000000800a474       0x14 ./Middlewares/Third_Party/FreeRTOS/Source/portable/GCC/ARM_CM4F/port.o
 .text.vPortValidateInterruptPriority
                0x000000000800a488       0x80 ./Middlewares/Third_Party/FreeRTOS/Source/portable/GCC/ARM_CM4F/port.o
                0x000000000800a488                vPortValidateInterruptPriority
 .text.pvPortMalloc
                0x000000000800a508      0x198 ./Middlewares/Third_Party/FreeRTOS/Source/portable/MemMang/heap_4.o
                0x000000000800a508                pvPortMalloc
 .text.vPortFree
                0x000000000800a6a0       0xc4 ./Middlewares/Third_Party/FreeRTOS/Source/portable/MemMang/heap_4.o
                0x000000000800a6a0                vPortFree
 .text.prvHeapInit
                0x000000000800a764       0xc4 ./Middlewares/Third_Party/FreeRTOS/Source/portable/MemMang/heap_4.o
 .text.prvInsertBlockIntoFreeList
                0x000000000800a828       0xb4 ./Middlewares/Third_Party/FreeRTOS/Source/portable/MemMang/heap_4.o
 .text.__errno  0x000000000800a8dc        0xc c:/st/stm32cubeide_1.8.0/stm32cubeide/plugins/com.st.stm32cube.ide.mcu.externaltools.gnu-tools-for-stm32.9-2020-q2-update.win32_2.0.0.202105311346/tools/bin/../lib/gcc/arm-none-eabi/9.3.1/../../../../arm-none-eabi/lib/thumb/v7e-m+fp/hard\libc_nano.a(lib_a-errno.o)
                0x000000000800a8dc                __errno
 .text.__libc_init_array
                0x000000000800a8e8       0x48 c:/st/stm32cubeide_1.8.0/stm32cubeide/plugins/com.st.stm32cube.ide.mcu.externaltools.gnu-tools-for-stm32.9-2020-q2-update.win32_2.0.0.202105311346/tools/bin/../lib/gcc/arm-none-eabi/9.3.1/../../../../arm-none-eabi/lib/thumb/v7e-m+fp/hard\libc_nano.a(lib_a-init.o)
                0x000000000800a8e8                __libc_init_array
 .text.memcpy   0x000000000800a930       0x1c c:/st/stm32cubeide_1.8.0/stm32cubeide/plugins/com.st.stm32cube.ide.mcu.externaltools.gnu-tools-for-stm32.9-2020-q2-update.win32_2.0.0.202105311346/tools/bin/../lib/gcc/arm-none-eabi/9.3.1/../../../../arm-none-eabi/lib/thumb/v7e-m+fp/hard\libc_nano.a(lib_a-memcpy-stub.o)
                0x000000000800a930                memcpy
 .text.memmove  0x000000000800a94c       0x34 c:/st/stm32cubeide_1.8.0/stm32cubeide/plugins/com.st.stm32cube.ide.mcu.externaltools.gnu-tools-for-stm32.9-2020-q2-update.win32_2.0.0.202105311346/tools/bin/../lib/gcc/arm-none-eabi/9.3.1/../../../../arm-none-eabi/lib/thumb/v7e-m+fp/hard\libc_nano.a(lib_a-memmove.o)
                0x000000000800a94c                memmove
 .text.memset   0x000000000800a980       0x10 c:/st/stm32cubeide_1.8.0/stm32cubeide/plugins/com.st.stm32cube.ide.mcu.externaltools.gnu-tools-for-stm32.9-2020-q2-update.win32_2.0.0.202105311346/tools/bin/../lib/gcc/arm-none-eabi/9.3.1/../../../../arm-none-eabi/lib/thumb/v7e-m+fp/hard\libc_nano.a(lib_a-memset.o)
                0x000000000800a980                memset
 .text.sprintf  0x000000000800a990       0x40 c:/st/stm32cubeide_1.8.0/stm32cubeide/plugins/com.st.stm32cube.ide.mcu.externaltools.gnu-tools-for-stm32.9-2020-q2-update.win32_2.0.0.202105311346/tools/bin/../lib/gcc/arm-none-eabi/9.3.1/../../../../arm-none-eabi/lib/thumb/v7e-m+fp/hard\libc_nano.a(lib_a-sprintf.o)
                0x000000000800a990                siprintf
                0x000000000800a990                sprintf
 .text.strcpy   0x000000000800a9d0       0x10 c:/st/stm32cubeide_1.8.0/stm32cubeide/plugins/com.st.stm32cube.ide.mcu.externaltools.gnu-tools-for-stm32.9-2020-q2-update.win32_2.0.0.202105311346/tools/bin/../lib/gcc/arm-none-eabi/9.3.1/../../../../arm-none-eabi/lib/thumb/v7e-m+fp/hard\libc_nano.a(lib_a-strcpy.o)
                0x000000000800a9d0                strcpy
 .text.__ssputs_r
                0x000000000800a9e0       0xb6 c:/st/stm32cubeide_1.8.0/stm32cubeide/plugins/com.st.stm32cube.ide.mcu.externaltools.gnu-tools-for-stm32.9-2020-q2-update.win32_2.0.0.202105311346/tools/bin/../lib/gcc/arm-none-eabi/9.3.1/../../../../arm-none-eabi/lib/thumb/v7e-m+fp/hard\libc_nano.a(lib_a-nano-svfprintf.o)
                0x000000000800a9e0                __ssputs_r
 *fill*         0x000000000800aa96        0x2 
 .text._svfprintf_r
                0x000000000800aa98      0x200 c:/st/stm32cubeide_1.8.0/stm32cubeide/plugins/com.st.stm32cube.ide.mcu.externaltools.gnu-tools-for-stm32.9-2020-q2-update.win32_2.0.0.202105311346/tools/bin/../lib/gcc/arm-none-eabi/9.3.1/../../../../arm-none-eabi/lib/thumb/v7e-m+fp/hard\libc_nano.a(lib_a-nano-svfprintf.o)
                0x000000000800aa98                _svfiprintf_r
                0x000000000800aa98                _svfprintf_r
 .text._printf_common
                0x000000000800ac98       0xda c:/st/stm32cubeide_1.8.0/stm32cubeide/plugins/com.st.stm32cube.ide.mcu.externaltools.gnu-tools-for-stm32.9-2020-q2-update.win32_2.0.0.202105311346/tools/bin/../lib/gcc/arm-none-eabi/9.3.1/../../../../arm-none-eabi/lib/thumb/v7e-m+fp/hard\libc_nano.a(lib_a-nano-vfprintf_i.o)
                0x000000000800ac98                _printf_common
 *fill*         0x000000000800ad72        0x2 
 .text._printf_i
                0x000000000800ad74      0x24c c:/st/stm32cubeide_1.8.0/stm32cubeide/plugins/com.st.stm32cube.ide.mcu.externaltools.gnu-tools-for-stm32.9-2020-q2-update.win32_2.0.0.202105311346/tools/bin/../lib/gcc/arm-none-eabi/9.3.1/../../../../arm-none-eabi/lib/thumb/v7e-m+fp/hard\libc_nano.a(lib_a-nano-vfprintf_i.o)
                0x000000000800ad74                _printf_i
 .text._free_r  0x000000000800afc0       0xa0 c:/st/stm32cubeide_1.8.0/stm32cubeide/plugins/com.st.stm32cube.ide.mcu.externaltools.gnu-tools-for-stm32.9-2020-q2-update.win32_2.0.0.202105311346/tools/bin/../lib/gcc/arm-none-eabi/9.3.1/../../../../arm-none-eabi/lib/thumb/v7e-m+fp/hard\libc_nano.a(lib_a-nano-freer.o)
                0x000000000800afc0                _free_r
 .text._malloc_r
                0x000000000800b060       0xb4 c:/st/stm32cubeide_1.8.0/stm32cubeide/plugins/com.st.stm32cube.ide.mcu.externaltools.gnu-tools-for-stm32.9-2020-q2-update.win32_2.0.0.202105311346/tools/bin/../lib/gcc/arm-none-eabi/9.3.1/../../../../arm-none-eabi/lib/thumb/v7e-m+fp/hard\libc_nano.a(lib_a-nano-mallocr.o)
                0x000000000800b060                _malloc_r
 .text._realloc_r
                0x000000000800b114       0x4c c:/st/stm32cubeide_1.8.0/stm32cubeide/plugins/com.st.stm32cube.ide.mcu.externaltools.gnu-tools-for-stm32.9-2020-q2-update.win32_2.0.0.202105311346/tools/bin/../lib/gcc/arm-none-eabi/9.3.1/../../../../arm-none-eabi/lib/thumb/v7e-m+fp/hard\libc_nano.a(lib_a-nano-reallocr.o)
                0x000000000800b114                _realloc_r
 .text._sbrk_r  0x000000000800b160       0x20 c:/st/stm32cubeide_1.8.0/stm32cubeide/plugins/com.st.stm32cube.ide.mcu.externaltools.gnu-tools-for-stm32.9-2020-q2-update.win32_2.0.0.202105311346/tools/bin/../lib/gcc/arm-none-eabi/9.3.1/../../../../arm-none-eabi/lib/thumb/v7e-m+fp/hard\libc_nano.a(lib_a-sbrkr.o)
                0x000000000800b160                _sbrk_r
 .text.__malloc_lock
                0x000000000800b180        0xc c:/st/stm32cubeide_1.8.0/stm32cubeide/plugins/com.st.stm32cube.ide.mcu.externaltools.gnu-tools-for-stm32.9-2020-q2-update.win32_2.0.0.202105311346/tools/bin/../lib/gcc/arm-none-eabi/9.3.1/../../../../arm-none-eabi/lib/thumb/v7e-m+fp/hard\libc_nano.a(lib_a-mlock.o)
                0x000000000800b180                __malloc_lock
 .text.__malloc_unlock
                0x000000000800b18c        0xc c:/st/stm32cubeide_1.8.0/stm32cubeide/plugins/com.st.stm32cube.ide.mcu.externaltools.gnu-tools-for-stm32.9-2020-q2-update.win32_2.0.0.202105311346/tools/bin/../lib/gcc/arm-none-eabi/9.3.1/../../../../arm-none-eabi/lib/thumb/v7e-m+fp/hard\libc_nano.a(lib_a-mlock.o)
                0x000000000800b18c                __malloc_unlock
 .text._malloc_usable_size_r
                0x000000000800b198       0x10 c:/st/stm32cubeide_1.8.0/stm32cubeide/plugins/com.st.stm32cube.ide.mcu.externaltools.gnu-tools-for-stm32.9-2020-q2-update.win32_2.0.0.202105311346/tools/bin/../lib/gcc/arm-none-eabi/9.3.1/../../../../arm-none-eabi/lib/thumb/v7e-m+fp/hard\libc_nano.a(lib_a-nano-msizer.o)
                0x000000000800b198                _malloc_usable_size_r
 .text.__retarget_lock_acquire_recursive
                0x000000000800b1a8        0x2 c:/st/stm32cubeide_1.8.0/stm32cubeide/plugins/com.st.stm32cube.ide.mcu.externaltools.gnu-tools-for-stm32.9-2020-q2-update.win32_2.0.0.202105311346/tools/bin/../lib/gcc/arm-none-eabi/9.3.1/../../../../arm-none-eabi/lib/thumb/v7e-m+fp/hard\libc_nano.a(lib_a-lock.o)
                0x000000000800b1a8                __retarget_lock_acquire_recursive
 .text.__retarget_lock_release_recursive
                0x000000000800b1aa        0x2 c:/st/stm32cubeide_1.8.0/stm32cubeide/plugins/com.st.stm32cube.ide.mcu.externaltools.gnu-tools-for-stm32.9-2020-q2-update.win32_2.0.0.202105311346/tools/bin/../lib/gcc/arm-none-eabi/9.3.1/../../../../arm-none-eabi/lib/thumb/v7e-m+fp/hard\libc_nano.a(lib_a-lock.o)
                0x000000000800b1aa                __retarget_lock_release_recursive
 *(.glue_7)
 .glue_7        0x000000000800b1ac        0x0 linker stubs
 *(.glue_7t)
 .glue_7t       0x000000000800b1ac        0x0 linker stubs
 *(.eh_frame)
 .eh_frame      0x000000000800b1ac        0x0 c:/st/stm32cubeide_1.8.0/stm32cubeide/plugins/com.st.stm32cube.ide.mcu.externaltools.gnu-tools-for-stm32.9-2020-q2-update.win32_2.0.0.202105311346/tools/bin/../lib/gcc/arm-none-eabi/9.3.1/thumb/v7e-m+fp/hard/crtbegin.o
 *(.init)
 .init          0x000000000800b1ac        0x4 c:/st/stm32cubeide_1.8.0/stm32cubeide/plugins/com.st.stm32cube.ide.mcu.externaltools.gnu-tools-for-stm32.9-2020-q2-update.win32_2.0.0.202105311346/tools/bin/../lib/gcc/arm-none-eabi/9.3.1/thumb/v7e-m+fp/hard/crti.o
                0x000000000800b1ac                _init
 .init          0x000000000800b1b0        0x8 c:/st/stm32cubeide_1.8.0/stm32cubeide/plugins/com.st.stm32cube.ide.mcu.externaltools.gnu-tools-for-stm32.9-2020-q2-update.win32_2.0.0.202105311346/tools/bin/../lib/gcc/arm-none-eabi/9.3.1/thumb/v7e-m+fp/hard/crtn.o
 *(.fini)
 .fini          0x000000000800b1b8        0x4 c:/st/stm32cubeide_1.8.0/stm32cubeide/plugins/com.st.stm32cube.ide.mcu.externaltools.gnu-tools-for-stm32.9-2020-q2-update.win32_2.0.0.202105311346/tools/bin/../lib/gcc/arm-none-eabi/9.3.1/thumb/v7e-m+fp/hard/crti.o
                0x000000000800b1b8                _fini
 .fini          0x000000000800b1bc        0x8 c:/st/stm32cubeide_1.8.0/stm32cubeide/plugins/com.st.stm32cube.ide.mcu.externaltools.gnu-tools-for-stm32.9-2020-q2-update.win32_2.0.0.202105311346/tools/bin/../lib/gcc/arm-none-eabi/9.3.1/thumb/v7e-m+fp/hard/crtn.o
                0x000000000800b1c4                . = ALIGN (0x4)
                0x000000000800b1c4                _etext = .

.vfp11_veneer   0x000000000800b1c4        0x0
 .vfp11_veneer  0x000000000800b1c4        0x0 linker stubs

.v4_bx          0x000000000800b1c4        0x0
 .v4_bx         0x000000000800b1c4        0x0 linker stubs

.iplt           0x000000000800b1c4        0x0
 .iplt          0x000000000800b1c4        0x0 c:/st/stm32cubeide_1.8.0/stm32cubeide/plugins/com.st.stm32cube.ide.mcu.externaltools.gnu-tools-for-stm32.9-2020-q2-update.win32_2.0.0.202105311346/tools/bin/../lib/gcc/arm-none-eabi/9.3.1/thumb/v7e-m+fp/hard/crtbegin.o

.rodata         0x000000000800b1c4     0x1668
                0x000000000800b1c4                . = ALIGN (0x4)
 *(.rodata)
 .rodata        0x000000000800b1c4       0x58 ./Core/Src/app_freertos.o
 .rodata        0x000000000800b21c       0x30 ./Core/Src/w_code.o
 .rodata        0x000000000800b24c        0x5 ./Middlewares/Third_Party/FreeRTOS/Source/tasks.o
 *fill*         0x000000000800b251        0x3 
 .rodata        0x000000000800b254        0xd ./Middlewares/Third_Party/FreeRTOS/Source/timers.o
 *(.rodata*)
 *fill*         0x000000000800b261        0x3 
 .rodata.Font7x10
                0x000000000800b264      0x76c ./Core/Device_Drivers/oledDrive/ssd1306_fonts.o
 .rodata.Font11x18
                0x000000000800b9d0      0xd5c ./Core/Device_Drivers/oledDrive/ssd1306_fonts.o
 .rodata.defaultTask_attributes
                0x000000000800c72c       0x24 ./Core/Src/app_freertos.o
                0x000000000800c72c                defaultTask_attributes
 .rodata.DisplayUpdate_attributes
                0x000000000800c750       0x24 ./Core/Src/app_freertos.o
                0x000000000800c750                DisplayUpdate_attributes
 .rodata.ReadCommPorts_attributes
                0x000000000800c774       0x24 ./Core/Src/app_freertos.o
                0x000000000800c774                ReadCommPorts_attributes
 .rodata.uartDataKey_attributes
                0x000000000800c798       0x10 ./Core/Src/app_freertos.o
                0x000000000800c798                uartDataKey_attributes
 .rodata.adcDataKey_attributes
                0x000000000800c7a8       0x10 ./Core/Src/app_freertos.o
                0x000000000800c7a8                adcDataKey_attributes
 .rodata.AHBPrescTable
                0x000000000800c7b8       0x10 ./Core/Src/system_stm32g4xx.o
                0x000000000800c7b8                AHBPrescTable
 .rodata.APBPrescTable
                0x000000000800c7c8        0x8 ./Core/Src/system_stm32g4xx.o
                0x000000000800c7c8                APBPrescTable
 .rodata.UARTPrescTable
                0x000000000800c7d0       0x18 ./Drivers/STM32G4xx_HAL_Driver/Src/stm32g4xx_hal_uart.o
                0x000000000800c7d0                UARTPrescTable
 .rodata.numerator.10028
                0x000000000800c7e8        0x8 ./Drivers/STM32G4xx_HAL_Driver/Src/stm32g4xx_hal_uart_ex.o
 .rodata.denominator.10029
                0x000000000800c7f0        0x8 ./Drivers/STM32G4xx_HAL_Driver/Src/stm32g4xx_hal_uart_ex.o
 .rodata._svfprintf_r.str1.1
                0x000000000800c7f8       0x11 c:/st/stm32cubeide_1.8.0/stm32cubeide/plugins/com.st.stm32cube.ide.mcu.externaltools.gnu-tools-for-stm32.9-2020-q2-update.win32_2.0.0.202105311346/tools/bin/../lib/gcc/arm-none-eabi/9.3.1/../../../../arm-none-eabi/lib/thumb/v7e-m+fp/hard\libc_nano.a(lib_a-nano-svfprintf.o)
 .rodata._printf_i.str1.1
                0x000000000800c809       0x22 c:/st/stm32cubeide_1.8.0/stm32cubeide/plugins/com.st.stm32cube.ide.mcu.externaltools.gnu-tools-for-stm32.9-2020-q2-update.win32_2.0.0.202105311346/tools/bin/../lib/gcc/arm-none-eabi/9.3.1/../../../../arm-none-eabi/lib/thumb/v7e-m+fp/hard\libc_nano.a(lib_a-nano-vfprintf_i.o)
                0x000000000800c82c                . = ALIGN (0x4)
 *fill*         0x000000000800c82b        0x1 

.ARM.extab      0x000000000800c82c        0x0
                0x000000000800c82c                . = ALIGN (0x4)
 *(.ARM.extab* .gnu.linkonce.armextab.*)
                0x000000000800c82c                . = ALIGN (0x4)

.ARM            0x000000000800c82c        0x8
                0x000000000800c82c                . = ALIGN (0x4)
                0x000000000800c82c                __exidx_start = .
 *(.ARM.exidx*)
 .ARM.exidx     0x000000000800c82c        0x8 c:/st/stm32cubeide_1.8.0/stm32cubeide/plugins/com.st.stm32cube.ide.mcu.externaltools.gnu-tools-for-stm32.9-2020-q2-update.win32_2.0.0.202105311346/tools/bin/../lib/gcc/arm-none-eabi/9.3.1/thumb/v7e-m+fp/hard\libgcc.a(_udivmoddi4.o)
                0x000000000800c834                __exidx_end = .
                0x000000000800c834                . = ALIGN (0x4)

.rel.dyn        0x000000000800c834        0x0
 .rel.iplt      0x000000000800c834        0x0 c:/st/stm32cubeide_1.8.0/stm32cubeide/plugins/com.st.stm32cube.ide.mcu.externaltools.gnu-tools-for-stm32.9-2020-q2-update.win32_2.0.0.202105311346/tools/bin/../lib/gcc/arm-none-eabi/9.3.1/thumb/v7e-m+fp/hard/crtbegin.o

.preinit_array  0x000000000800c834        0x0
                0x000000000800c834                . = ALIGN (0x4)
                0x000000000800c834                PROVIDE (__preinit_array_start = .)
 *(.preinit_array*)
                0x000000000800c834                PROVIDE (__preinit_array_end = .)
                0x000000000800c834                . = ALIGN (0x4)

.init_array     0x000000000800c834        0x4
                0x000000000800c834                . = ALIGN (0x4)
                0x000000000800c834                PROVIDE (__init_array_start = .)
 *(SORT_BY_NAME(.init_array.*))
 *(.init_array*)
 .init_array    0x000000000800c834        0x4 c:/st/stm32cubeide_1.8.0/stm32cubeide/plugins/com.st.stm32cube.ide.mcu.externaltools.gnu-tools-for-stm32.9-2020-q2-update.win32_2.0.0.202105311346/tools/bin/../lib/gcc/arm-none-eabi/9.3.1/thumb/v7e-m+fp/hard/crtbegin.o
                0x000000000800c838                PROVIDE (__init_array_end = .)
                0x000000000800c838                . = ALIGN (0x4)

.fini_array     0x000000000800c838        0x4
                0x000000000800c838                . = ALIGN (0x4)
                [!provide]                        PROVIDE (__fini_array_start = .)
 *(SORT_BY_NAME(.fini_array.*))
 *(.fini_array*)
 .fini_array    0x000000000800c838        0x4 c:/st/stm32cubeide_1.8.0/stm32cubeide/plugins/com.st.stm32cube.ide.mcu.externaltools.gnu-tools-for-stm32.9-2020-q2-update.win32_2.0.0.202105311346/tools/bin/../lib/gcc/arm-none-eabi/9.3.1/thumb/v7e-m+fp/hard/crtbegin.o
                [!provide]                        PROVIDE (__fini_array_end = .)
                0x000000000800c83c                . = ALIGN (0x4)
                0x000000000800c83c                _sidata = LOADADDR (.data)

.data           0x0000000020000000       0xa4 load address 0x000000000800c83c
                0x0000000020000000                . = ALIGN (0x4)
                0x0000000020000000                _sdata = .
 *(.data)
 *(.data*)
 .data.Font_7x10
                0x0000000020000000        0x8 ./Core/Device_Drivers/oledDrive/ssd1306_fonts.o
                0x0000000020000000                Font_7x10
 .data.Font_11x18
                0x0000000020000008        0x8 ./Core/Device_Drivers/oledDrive/ssd1306_fonts.o
                0x0000000020000008                Font_11x18
 .data.SystemCoreClock
                0x0000000020000010        0x4 ./Core/Src/system_stm32g4xx.o
                0x0000000020000010                SystemCoreClock
 .data.w_oledYPos
                0x0000000020000014        0x5 ./Core/Src/w_code.o
                0x0000000020000014                w_oledYPos
 *fill*         0x0000000020000019        0x3 
 .data.w_CLEARBUFF
                0x000000002000001c       0x15 ./Core/Src/w_code.o
                0x000000002000001c                w_CLEARBUFF
 *fill*         0x0000000020000031        0x3 
 .data.uwTickPrio
                0x0000000020000034        0x4 ./Drivers/STM32G4xx_HAL_Driver/Src/stm32g4xx_hal.o
                0x0000000020000034                uwTickPrio
 .data.uwTickFreq
                0x0000000020000038        0x4 ./Drivers/STM32G4xx_HAL_Driver/Src/stm32g4xx_hal.o
                0x0000000020000038                uwTickFreq
 .data.uxCriticalNesting
                0x000000002000003c        0x4 ./Middlewares/Third_Party/FreeRTOS/Source/portable/GCC/ARM_CM4F/port.o
 .data._impure_ptr
                0x0000000020000040        0x4 c:/st/stm32cubeide_1.8.0/stm32cubeide/plugins/com.st.stm32cube.ide.mcu.externaltools.gnu-tools-for-stm32.9-2020-q2-update.win32_2.0.0.202105311346/tools/bin/../lib/gcc/arm-none-eabi/9.3.1/../../../../arm-none-eabi/lib/thumb/v7e-m+fp/hard\libc_nano.a(lib_a-impure.o)
                0x0000000020000040                _impure_ptr
 .data.impure_data
                0x0000000020000044       0x60 c:/st/stm32cubeide_1.8.0/stm32cubeide/plugins/com.st.stm32cube.ide.mcu.externaltools.gnu-tools-for-stm32.9-2020-q2-update.win32_2.0.0.202105311346/tools/bin/../lib/gcc/arm-none-eabi/9.3.1/../../../../arm-none-eabi/lib/thumb/v7e-m+fp/hard\libc_nano.a(lib_a-impure.o)
 *(.RamFunc)
 *(.RamFunc*)
                0x00000000200000a4                . = ALIGN (0x4)
                0x00000000200000a4                _edata = .

.igot.plt       0x00000000200000a4        0x0 load address 0x000000000800c8e0
 .igot.plt      0x00000000200000a4        0x0 c:/st/stm32cubeide_1.8.0/stm32cubeide/plugins/com.st.stm32cube.ide.mcu.externaltools.gnu-tools-for-stm32.9-2020-q2-update.win32_2.0.0.202105311346/tools/bin/../lib/gcc/arm-none-eabi/9.3.1/thumb/v7e-m+fp/hard/crtbegin.o
                0x00000000200000a4                . = ALIGN (0x4)

.bss            0x00000000200000a4     0x2134 load address 0x000000000800c8e0
                0x00000000200000a4                _sbss = .
                0x00000000200000a4                __bss_start__ = _sbss
 *(.bss)
 .bss           0x00000000200000a4       0x1c c:/st/stm32cubeide_1.8.0/stm32cubeide/plugins/com.st.stm32cube.ide.mcu.externaltools.gnu-tools-for-stm32.9-2020-q2-update.win32_2.0.0.202105311346/tools/bin/../lib/gcc/arm-none-eabi/9.3.1/thumb/v7e-m+fp/hard/crtbegin.o
 *(.bss*)
 .bss.SSD1306_Buffer
                0x00000000200000c0      0x400 ./Core/Device_Drivers/oledDrive/ssd1306.o
 .bss.SSD1306   0x00000000200004c0        0x8 ./Core/Device_Drivers/oledDrive/ssd1306.o
 .bss.__sbrk_heap_end
                0x00000000200004c8        0x4 ./Core/Src/sysmem.o
 .bss.w_oledData
                0x00000000200004cc       0x78 ./Core/Src/w_code.o
 .bss.w_uartBuff
                0x0000000020000544       0x37 ./Core/Src/w_code.o
                0x0000000020000544                w_uartBuff
 *fill*         0x000000002000057b        0x1 
 .bss.w_uartParsedData
                0x000000002000057c       0x14 ./Core/Src/w_code.o
                0x000000002000057c                w_uartParsedData
 .bss.w_adcString
                0x0000000020000590        0xa ./Core/Src/w_code.o
                0x0000000020000590                w_adcString
 .bss.w_adcBuff
                0x000000002000059a        0x2 ./Core/Src/w_code.o
                0x000000002000059a                w_adcBuff
 .bss._ZZ15w_oledPageWriteE7LineVal
                0x000000002000059c        0x1 ./Core/Src/w_code.o
 *fill*         0x000000002000059d        0x3 
 .bss.KernelState
                0x00000000200005a0        0x4 ./Middlewares/Third_Party/FreeRTOS/Source/CMSIS_RTOS_V2/cmsis_os2.o
 .bss.Idle_TCB.11854
                0x00000000200005a4       0x5c ./Middlewares/Third_Party/FreeRTOS/Source/CMSIS_RTOS_V2/cmsis_os2.o
 .bss.Idle_Stack.11855
                0x0000000020000600      0x200 ./Middlewares/Third_Party/FreeRTOS/Source/CMSIS_RTOS_V2/cmsis_os2.o
 .bss.Timer_TCB.11861
                0x0000000020000800       0x5c ./Middlewares/Third_Party/FreeRTOS/Source/CMSIS_RTOS_V2/cmsis_os2.o
 .bss.Timer_Stack.11862
                0x000000002000085c      0x400 ./Middlewares/Third_Party/FreeRTOS/Source/CMSIS_RTOS_V2/cmsis_os2.o
 .bss.pxCurrentTCB
                0x0000000020000c5c        0x4 ./Middlewares/Third_Party/FreeRTOS/Source/tasks.o
                0x0000000020000c5c                pxCurrentTCB
 .bss.pxReadyTasksLists
                0x0000000020000c60      0x460 ./Middlewares/Third_Party/FreeRTOS/Source/tasks.o
 .bss.xDelayedTaskList1
                0x00000000200010c0       0x14 ./Middlewares/Third_Party/FreeRTOS/Source/tasks.o
 .bss.xDelayedTaskList2
                0x00000000200010d4       0x14 ./Middlewares/Third_Party/FreeRTOS/Source/tasks.o
 .bss.pxDelayedTaskList
                0x00000000200010e8        0x4 ./Middlewares/Third_Party/FreeRTOS/Source/tasks.o
 .bss.pxOverflowDelayedTaskList
                0x00000000200010ec        0x4 ./Middlewares/Third_Party/FreeRTOS/Source/tasks.o
 .bss.xPendingReadyList
                0x00000000200010f0       0x14 ./Middlewares/Third_Party/FreeRTOS/Source/tasks.o
 .bss.xTasksWaitingTermination
                0x0000000020001104       0x14 ./Middlewares/Third_Party/FreeRTOS/Source/tasks.o
 .bss.uxDeletedTasksWaitingCleanUp
                0x0000000020001118        0x4 ./Middlewares/Third_Party/FreeRTOS/Source/tasks.o
 .bss.xSuspendedTaskList
                0x000000002000111c       0x14 ./Middlewares/Third_Party/FreeRTOS/Source/tasks.o
 .bss.uxCurrentNumberOfTasks
                0x0000000020001130        0x4 ./Middlewares/Third_Party/FreeRTOS/Source/tasks.o
 .bss.xTickCount
                0x0000000020001134        0x4 ./Middlewares/Third_Party/FreeRTOS/Source/tasks.o
 .bss.uxTopReadyPriority
                0x0000000020001138        0x4 ./Middlewares/Third_Party/FreeRTOS/Source/tasks.o
 .bss.xSchedulerRunning
                0x000000002000113c        0x4 ./Middlewares/Third_Party/FreeRTOS/Source/tasks.o
 .bss.xPendedTicks
                0x0000000020001140        0x4 ./Middlewares/Third_Party/FreeRTOS/Source/tasks.o
 .bss.xYieldPending
                0x0000000020001144        0x4 ./Middlewares/Third_Party/FreeRTOS/Source/tasks.o
 .bss.xNumOfOverflows
                0x0000000020001148        0x4 ./Middlewares/Third_Party/FreeRTOS/Source/tasks.o
 .bss.uxTaskNumber
                0x000000002000114c        0x4 ./Middlewares/Third_Party/FreeRTOS/Source/tasks.o
 .bss.xNextTaskUnblockTime
                0x0000000020001150        0x4 ./Middlewares/Third_Party/FreeRTOS/Source/tasks.o
 .bss.xIdleTaskHandle
                0x0000000020001154        0x4 ./Middlewares/Third_Party/FreeRTOS/Source/tasks.o
 .bss.uxSchedulerSuspended
                0x0000000020001158        0x4 ./Middlewares/Third_Party/FreeRTOS/Source/tasks.o
 .bss.xActiveTimerList1
                0x000000002000115c       0x14 ./Middlewares/Third_Party/FreeRTOS/Source/timers.o
 .bss.xActiveTimerList2
                0x0000000020001170       0x14 ./Middlewares/Third_Party/FreeRTOS/Source/timers.o
 .bss.pxCurrentTimerList
                0x0000000020001184        0x4 ./Middlewares/Third_Party/FreeRTOS/Source/timers.o
 .bss.pxOverflowTimerList
                0x0000000020001188        0x4 ./Middlewares/Third_Party/FreeRTOS/Source/timers.o
 .bss.xTimerQueue
                0x000000002000118c        0x4 ./Middlewares/Third_Party/FreeRTOS/Source/timers.o
 .bss.xTimerTaskHandle
                0x0000000020001190        0x4 ./Middlewares/Third_Party/FreeRTOS/Source/timers.o
 .bss.xLastTime.6925
                0x0000000020001194        0x4 ./Middlewares/Third_Party/FreeRTOS/Source/timers.o
 .bss.ucStaticTimerQueueStorage.6976
                0x0000000020001198       0xa0 ./Middlewares/Third_Party/FreeRTOS/Source/timers.o
 .bss.xStaticTimerQueue.6975
                0x0000000020001238       0x50 ./Middlewares/Third_Party/FreeRTOS/Source/timers.o
 .bss.ucMaxSysCallPriority
                0x0000000020001288        0x1 ./Middlewares/Third_Party/FreeRTOS/Source/portable/GCC/ARM_CM4F/port.o
 *fill*         0x0000000020001289        0x3 
 .bss.ulMaxPRIGROUPValue
                0x000000002000128c        0x4 ./Middlewares/Third_Party/FreeRTOS/Source/portable/GCC/ARM_CM4F/port.o
 .bss.ucHeap    0x0000000020001290      0xc00 ./Middlewares/Third_Party/FreeRTOS/Source/portable/MemMang/heap_4.o
 .bss.xStart    0x0000000020001e90        0x8 ./Middlewares/Third_Party/FreeRTOS/Source/portable/MemMang/heap_4.o
 .bss.pxEnd     0x0000000020001e98        0x4 ./Middlewares/Third_Party/FreeRTOS/Source/portable/MemMang/heap_4.o
 .bss.xFreeBytesRemaining
                0x0000000020001e9c        0x4 ./Middlewares/Third_Party/FreeRTOS/Source/portable/MemMang/heap_4.o
 .bss.xMinimumEverFreeBytesRemaining
                0x0000000020001ea0        0x4 ./Middlewares/Third_Party/FreeRTOS/Source/portable/MemMang/heap_4.o
 .bss.xNumberOfSuccessfulAllocations
                0x0000000020001ea4        0x4 ./Middlewares/Third_Party/FreeRTOS/Source/portable/MemMang/heap_4.o
 .bss.xNumberOfSuccessfulFrees
                0x0000000020001ea8        0x4 ./Middlewares/Third_Party/FreeRTOS/Source/portable/MemMang/heap_4.o
 .bss.xBlockAllocatedBit
                0x0000000020001eac        0x4 ./Middlewares/Third_Party/FreeRTOS/Source/portable/MemMang/heap_4.o
 .bss.__malloc_free_list
                0x0000000020001eb0        0x4 c:/st/stm32cubeide_1.8.0/stm32cubeide/plugins/com.st.stm32cube.ide.mcu.externaltools.gnu-tools-for-stm32.9-2020-q2-update.win32_2.0.0.202105311346/tools/bin/../lib/gcc/arm-none-eabi/9.3.1/../../../../arm-none-eabi/lib/thumb/v7e-m+fp/hard\libc_nano.a(lib_a-nano-mallocr.o)
                0x0000000020001eb0                __malloc_free_list
 .bss.__malloc_sbrk_start
                0x0000000020001eb4        0x4 c:/st/stm32cubeide_1.8.0/stm32cubeide/plugins/com.st.stm32cube.ide.mcu.externaltools.gnu-tools-for-stm32.9-2020-q2-update.win32_2.0.0.202105311346/tools/bin/../lib/gcc/arm-none-eabi/9.3.1/../../../../arm-none-eabi/lib/thumb/v7e-m+fp/hard\libc_nano.a(lib_a-nano-mallocr.o)
                0x0000000020001eb4                __malloc_sbrk_start
 *(COMMON)
 COMMON         0x0000000020001eb8       0xe4 ./Core/Src/adc.o
                0x0000000020001eb8                hadc1
                0x0000000020001f24                w_oledData
 COMMON         0x0000000020001f9c       0x14 ./Core/Src/app_freertos.o
                0x0000000020001f9c                defaultTaskHandle
                0x0000000020001fa0                adcDataKeyHandle
                0x0000000020001fa4                ReadCommPortsHandle
                0x0000000020001fa8                uartDataKeyHandle
                0x0000000020001fac                DisplayUpdateHandle
 COMMON         0x0000000020001fb0       0x4c ./Core/Src/i2c.o
                0x0000000020001fb0                hi2c1
 COMMON         0x0000000020001ffc       0x4c ./Core/Src/stm32g4xx_hal_timebase_tim.o
                0x0000000020001ffc                htim6
 COMMON         0x0000000020002048       0x4c ./Core/Src/tim.o
                0x0000000020002048                htim2
 COMMON         0x0000000020002094       0xf0 ./Core/Src/usart.o
                0x0000000020002094                hdma_usart1_rx
                0x00000000200020f4                huart1
 COMMON         0x0000000020002184        0x4 ./Drivers/STM32G4xx_HAL_Driver/Src/stm32g4xx_hal.o
                0x0000000020002184                uwTick
 COMMON         0x0000000020002188       0x40 ./Middlewares/Third_Party/FreeRTOS/Source/queue.o
                0x0000000020002188                xQueueRegistry
 COMMON         0x00000000200021c8        0x4 c:/st/stm32cubeide_1.8.0/stm32cubeide/plugins/com.st.stm32cube.ide.mcu.externaltools.gnu-tools-for-stm32.9-2020-q2-update.win32_2.0.0.202105311346/tools/bin/../lib/gcc/arm-none-eabi/9.3.1/../../../../arm-none-eabi/lib/thumb/v7e-m+fp/hard\libc_nano.a(lib_a-reent.o)
                0x00000000200021c8                errno
 COMMON         0x00000000200021cc        0x9 c:/st/stm32cubeide_1.8.0/stm32cubeide/plugins/com.st.stm32cube.ide.mcu.externaltools.gnu-tools-for-stm32.9-2020-q2-update.win32_2.0.0.202105311346/tools/bin/../lib/gcc/arm-none-eabi/9.3.1/../../../../arm-none-eabi/lib/thumb/v7e-m+fp/hard\libc_nano.a(lib_a-lock.o)
                0x00000000200021cc                __lock___atexit_recursive_mutex
                0x00000000200021cd                __lock___arc4random_mutex
                0x00000000200021ce                __lock___env_recursive_mutex
                0x00000000200021cf                __lock___sinit_recursive_mutex
                0x00000000200021d0                __lock___malloc_recursive_mutex
                0x00000000200021d1                __lock___at_quick_exit_mutex
                0x00000000200021d2                __lock___dd_hash_mutex
                0x00000000200021d3                __lock___tz_mutex
                0x00000000200021d4                __lock___sfp_recursive_mutex
                0x00000000200021d8                . = ALIGN (0x4)
 *fill*         0x00000000200021d5        0x3 
                0x00000000200021d8                _ebss = .
                0x00000000200021d8                __bss_end__ = _ebss

._user_heap_stack
                0x00000000200021d8      0x600 load address 0x000000000800c8e0
                0x00000000200021d8                . = ALIGN (0x8)
                [!provide]                        PROVIDE (end = .)
                0x00000000200021d8                PROVIDE (_end = .)
                0x00000000200023d8                . = (. + _Min_Heap_Size)
 *fill*         0x00000000200021d8      0x200 
                0x00000000200027d8                . = (. + _Min_Stack_Size)
 *fill*         0x00000000200023d8      0x400 
                0x00000000200027d8                . = ALIGN (0x8)

/DISCARD/
 libc.a(*)
 libm.a(*)
 libgcc.a(*)

.ARM.attributes
                0x0000000000000000       0x30
 *(.ARM.attributes)
 .ARM.attributes