Archive member included to satisfy reference by file (symbol)

c:/st/stm32cubeide_1.8.0/stm32cubeide/plugins/com.st.stm32cube.ide.mcu.externaltools.gnu-tools-for-stm32.9-2020-q2-update.win32_2.0.0.202105311346/tools/bin/../lib/gcc/arm-none-eabi/9.3.1/../../../../arm-none-eabi/lib/thumb/v7e-m+fp/hard\libm.a(lib_a-s_cos.o)
                              ./Core/Device_Drivers/oledDrive/ssd1306.o (cos)
c:/st/stm32cubeide_1.8.0/stm32cubeide/plugins/com.st.stm32cube.ide.mcu.externaltools.gnu-tools-for-stm32.9-2020-q2-update.win32_2.0.0.202105311346/tools/bin/../lib/gcc/arm-none-eabi/9.3.1/../../../../arm-none-eabi/lib/thumb/v7e-m+fp/hard\libm.a(lib_a-s_sin.o)
                              ./Core/Device_Drivers/oledDrive/ssd1306.o (sin)
c:/st/stm32cubeide_1.8.0/stm32cubeide/plugins/com.st.stm32cube.ide.mcu.externaltools.gnu-tools-for-stm32.9-2020-q2-update.win32_2.0.0.202105311346/tools/bin/../lib/gcc/arm-none-eabi/9.3.1/../../../../arm-none-eabi/lib/thumb/v7e-m+fp/hard\libm.a(lib_a-e_rem_pio2.o)
                              c:/st/stm32cubeide_1.8.0/stm32cubeide/plugins/com.st.stm32cube.ide.mcu.externaltools.gnu-tools-for-stm32.9-2020-q2-update.win32_2.0.0.202105311346/tools/bin/../lib/gcc/arm-none-eabi/9.3.1/../../../../arm-none-eabi/lib/thumb/v7e-m+fp/hard\libm.a(lib_a-s_cos.o) (__ieee754_rem_pio2)
c:/st/stm32cubeide_1.8.0/stm32cubeide/plugins/com.st.stm32cube.ide.mcu.externaltools.gnu-tools-for-stm32.9-2020-q2-update.win32_2.0.0.202105311346/tools/bin/../lib/gcc/arm-none-eabi/9.3.1/../../../../arm-none-eabi/lib/thumb/v7e-m+fp/hard\libm.a(lib_a-k_cos.o)
                              c:/st/stm32cubeide_1.8.0/stm32cubeide/plugins/com.st.stm32cube.ide.mcu.externaltools.gnu-tools-for-stm32.9-2020-q2-update.win32_2.0.0.202105311346/tools/bin/../lib/gcc/arm-none-eabi/9.3.1/../../../../arm-none-eabi/lib/thumb/v7e-m+fp/hard\libm.a(lib_a-s_cos.o) (__kernel_cos)
c:/st/stm32cubeide_1.8.0/stm32cubeide/plugins/com.st.stm32cube.ide.mcu.externaltools.gnu-tools-for-stm32.9-2020-q2-update.win32_2.0.0.202105311346/tools/bin/../lib/gcc/arm-none-eabi/9.3.1/../../../../arm-none-eabi/lib/thumb/v7e-m+fp/hard\libm.a(lib_a-k_rem_pio2.o)
                              c:/st/stm32cubeide_1.8.0/stm32cubeide/plugins/com.st.stm32cube.ide.mcu.externaltools.gnu-tools-for-stm32.9-2020-q2-update.win32_2.0.0.202105311346/tools/bin/../lib/gcc/arm-none-eabi/9.3.1/../../../../arm-none-eabi/lib/thumb/v7e-m+fp/hard\libm.a(lib_a-e_rem_pio2.o) (__kernel_rem_pio2)
c:/st/stm32cubeide_1.8.0/stm32cubeide/plugins/com.st.stm32cube.ide.mcu.externaltools.gnu-tools-for-stm32.9-2020-q2-update.win32_2.0.0.202105311346/tools/bin/../lib/gcc/arm-none-eabi/9.3.1/../../../../arm-none-eabi/lib/thumb/v7e-m+fp/hard\libm.a(lib_a-k_sin.o)
                              c:/st/stm32cubeide_1.8.0/stm32cubeide/plugins/com.st.stm32cube.ide.mcu.externaltools.gnu-tools-for-stm32.9-2020-q2-update.win32_2.0.0.202105311346/tools/bin/../lib/gcc/arm-none-eabi/9.3.1/../../../../arm-none-eabi/lib/thumb/v7e-m+fp/hard\libm.a(lib_a-s_cos.o) (__kernel_sin)
c:/st/stm32cubeide_1.8.0/stm32cubeide/plugins/com.st.stm32cube.ide.mcu.externaltools.gnu-tools-for-stm32.9-2020-q2-update.win32_2.0.0.202105311346/tools/bin/../lib/gcc/arm-none-eabi/9.3.1/../../../../arm-none-eabi/lib/thumb/v7e-m+fp/hard\libm.a(lib_a-s_fabs.o)
                              c:/st/stm32cubeide_1.8.0/stm32cubeide/plugins/com.st.stm32cube.ide.mcu.externaltools.gnu-tools-for-stm32.9-2020-q2-update.win32_2.0.0.202105311346/tools/bin/../lib/gcc/arm-none-eabi/9.3.1/../../../../arm-none-eabi/lib/thumb/v7e-m+fp/hard\libm.a(lib_a-e_rem_pio2.o) (fabs)
c:/st/stm32cubeide_1.8.0/stm32cubeide/plugins/com.st.stm32cube.ide.mcu.externaltools.gnu-tools-for-stm32.9-2020-q2-update.win32_2.0.0.202105311346/tools/bin/../lib/gcc/arm-none-eabi/9.3.1/../../../../arm-none-eabi/lib/thumb/v7e-m+fp/hard\libm.a(lib_a-s_floor.o)
                              c:/st/stm32cubeide_1.8.0/stm32cubeide/plugins/com.st.stm32cube.ide.mcu.externaltools.gnu-tools-for-stm32.9-2020-q2-update.win32_2.0.0.202105311346/tools/bin/../lib/gcc/arm-none-eabi/9.3.1/../../../../arm-none-eabi/lib/thumb/v7e-m+fp/hard\libm.a(lib_a-k_rem_pio2.o) (floor)
c:/st/stm32cubeide_1.8.0/stm32cubeide/plugins/com.st.stm32cube.ide.mcu.externaltools.gnu-tools-for-stm32.9-2020-q2-update.win32_2.0.0.202105311346/tools/bin/../lib/gcc/arm-none-eabi/9.3.1/../../../../arm-none-eabi/lib/thumb/v7e-m+fp/hard\libm.a(lib_a-s_scalbn.o)
                              c:/st/stm32cubeide_1.8.0/stm32cubeide/plugins/com.st.stm32cube.ide.mcu.externaltools.gnu-tools-for-stm32.9-2020-q2-update.win32_2.0.0.202105311346/tools/bin/../lib/gcc/arm-none-eabi/9.3.1/../../../../arm-none-eabi/lib/thumb/v7e-m+fp/hard\libm.a(lib_a-k_rem_pio2.o) (scalbn)
c:/st/stm32cubeide_1.8.0/stm32cubeide/plugins/com.st.stm32cube.ide.mcu.externaltools.gnu-tools-for-stm32.9-2020-q2-update.win32_2.0.0.202105311346/tools/bin/../lib/gcc/arm-none-eabi/9.3.1/../../../../arm-none-eabi/lib/thumb/v7e-m+fp/hard\libc_nano.a(lib_a-errno.o)
[...]
Memory Configuration

Name             Origin             Length             Attributes
RAM              0x0000000020000000 0x0000000000020000 xrw
FLASH            0x0000000008000000 0x0000000000080000 xr
*default*        0x0000000000000000 0xffffffffffffffff

Linker script and memory map

LOAD c:/st/stm32cubeide_1.8.0/stm32cubeide/plugins/com.st.stm32cube.ide.mcu.externaltools.gnu-tools-for-stm32.9-2020-q2-update.win32_2.0.0.202105311346/tools/bin/../lib/gcc/arm-none-eabi/9.3.1/thumb/v7e-m+fp/hard/crti.o
LOAD c:/st/stm32cubeide_1.8.0/stm32cubeide/plugins/com.st.stm32cube.ide.mcu.externaltools.gnu-tools-for-stm32.9-2020-q2-update.win32_2.0.0.202105311346/tools/bin/../lib/gcc/arm-none-eabi/9.3.1/thumb/v7e-m+fp/hard/crtbegin.o
LOAD c:/st/stm32cubeide_1.8.0/stm32cubeide/plugins/com.st.stm32cube.ide.mcu.externaltools.gnu-tools-for-stm32.9-2020-q2-update.win32_2.0.0.202105311346/tools/bin/../lib/gcc/arm-none-eabi/9.3.1/../../../../arm-none-eabi/lib/thumb/v7e-m+fp/hard/crt0.o
LOAD ./Core/Device_Drivers/oledDrive/ssd1306.o
LOAD ./Core/Device_Drivers/oledDrive/ssd1306_fonts.o
LOAD ./Core/Device_Drivers/oledDrive/ssd1306_tests.o
LOAD ./Core/Src/adc.o
LOAD ./Core/Src/app_freertos.o
LOAD ./Core/Src/dma.o
LOAD ./Core/Src/gpio.o
LOAD ./Core/Src/i2c.o
LOAD ./Core/Src/main.o
LOAD ./Core/Src/stm32g4xx_hal_msp.o
LOAD ./Core/Src/stm32g4xx_hal_timebase_tim.o
LOAD ./Core/Src/stm32g4xx_it.o
LOAD ./Core/Src/syscalls.o
LOAD ./Core/Src/sysmem.o
LOAD ./Core/Src/system_stm32g4xx.o
LOAD ./Core/Src/tim.o
LOAD ./Core/Src/usart.o
LOAD ./Core/Src/w_code.o
LOAD ./Core/Startup/startup_stm32g474retx.o
LOAD ./Drivers/STM32G4xx_HAL_Driver/Src/stm32g4xx_hal.o
LOAD ./Drivers/STM32G4xx_HAL_Driver/Src/stm32g4xx_hal_adc.o
LOAD ./Drivers/STM32G4xx_HAL_Driver/Src/stm32g4xx_hal_adc_ex.o
LOAD ./Drivers/STM32G4xx_HAL_Driver/Src/stm32g4xx_hal_cortex.o
LOAD ./Drivers/STM32G4xx_HAL_Driver/Src/stm32g4xx_hal_dma.o
LOAD ./Drivers/STM32G4xx_HAL_Driver/Src/stm32g4xx_hal_dma_ex.o
LOAD ./Drivers/STM32G4xx_HAL_Driver/Src/stm32g4xx_hal_exti.o
LOAD ./Drivers/STM32G4xx_HAL_Driver/Src/stm32g4xx_hal_flash.o
LOAD ./Drivers/STM32G4xx_HAL_Driver/Src/stm32g4xx_hal_flash_ex.o
LOAD ./Drivers/STM32G4xx_HAL_Driver/Src/stm32g4xx_hal_flash_ramfunc.o
LOAD ./Drivers/STM32G4xx_HAL_Driver/Src/stm32g4xx_hal_gpio.o
LOAD ./Drivers/STM32G4xx_HAL_Driver/Src/stm32g4xx_hal_i2c.o
LOAD ./Drivers/STM32G4xx_HAL_Driver/Src/stm32g4xx_hal_i2c_ex.o
LOAD ./Drivers/STM32G4xx_HAL_Driver/Src/stm32g4xx_hal_pwr.o
LOAD ./Drivers/STM32G4xx_HAL_Driver/Src/stm32g4xx_hal_pwr_ex.o
LOAD ./Drivers/STM32G4xx_HAL_Driver/Src/stm32g4xx_hal_rcc.o
LOAD ./Drivers/STM32G4xx_HAL_Driver/Src/stm32g4xx_hal_rcc_ex.o
LOAD ./Drivers/STM32G4xx_HAL_Driver/Src/stm32g4xx_hal_tim.o
LOAD ./Drivers/STM32G4xx_HAL_Driver/Src/stm32g4xx_hal_tim_ex.o
LOAD ./Drivers/STM32G4xx_HAL_Driver/Src/stm32g4xx_hal_uart.o
LOAD ./Drivers/STM32G4xx_HAL_Driver/Src/stm32g4xx_hal_uart_ex.o
LOAD ./Drivers/STM32G4xx_HAL_Driver/Src/stm32g4xx_ll_adc.o
LOAD ./Middlewares/Third_Party/FreeRTOS/Source/CMSIS_RTOS_V2/cmsis_os2.o
LOAD ./Middlewares/Third_Party/FreeRTOS/Source/croutine.o
LOAD ./Middlewares/Third_Party/FreeRTOS/Source/event_groups.o
LOAD ./Middlewares/Third_Party/FreeRTOS/Source/list.o
LOAD ./Middlewares/Third_Party/FreeRTOS/Source/queue.o
LOAD ./Middlewares/Third_Party/FreeRTOS/Source/stream_buffer.o
LOAD ./Middlewares/Third_Party/FreeRTOS/Source/tasks.o
LOAD ./Middlewares/Third_Party/FreeRTOS/Source/timers.o
LOAD ./Middlewares/Third_Party/FreeRTOS/Source/portable/GCC/ARM_CM4F/port.o
LOAD ./Middlewares/Third_Party/FreeRTOS/Source/portable/MemMang/heap_4.o
START GROUP
LOAD c:/st/stm32cubeide_1.8.0/stm32cubeide/plugins/com.st.stm32cube.ide.mcu.externaltools.gnu-tools-for-stm32.9-2020-q2-update.win32_2.0.0.202105311346/tools/bin/../lib/gcc/arm-none-eabi/9.3.1/../../../../arm-none-eabi/lib/thumb/v7e-m+fp/hard\libstdc++_nano.a
LOAD c:/st/stm32cubeide_1.8.0/stm32cubeide/plugins/com.st.stm32cube.ide.mcu.externaltools.gnu-tools-for-stm32.9-2020-q2-update.win32_2.0.0.202105311346/tools/bin/../lib/gcc/arm-none-eabi/9.3.1/../../../../arm-none-eabi/lib/thumb/v7e-m+fp/hard\libsupc++_nano.a
END GROUP
LOAD c:/st/stm32cubeide_1.8.0/stm32cubeide/plugins/com.st.stm32cube.ide.mcu.externaltools.gnu-tools-for-stm32.9-2020-q2-update.win32_2.0.0.202105311346/tools/bin/../lib/gcc/arm-none-eabi/9.3.1/../../../../arm-none-eabi/lib/thumb/v7e-m+fp/hard\libstdc++_nano.a
LOAD c:/st/stm32cubeide_1.8.0/stm32cubeide/plugins/com.st.stm32cube.ide.mcu.externaltools.gnu-tools-for-stm32.9-2020-q2-update.win32_2.0.0.202105311346/tools/bin/../lib/gcc/arm-none-eabi/9.3.1/../../../../arm-none-eabi/lib/thumb/v7e-m+fp/hard\libm.a
LOAD c:/st/stm32cubeide_1.8.0/stm32cubeide/plugins/com.st.stm32cube.ide.mcu.externaltools.gnu-tools-for-stm32.9-2020-q2-update.win32_2.0.0.202105311346/tools/bin/../lib/gcc/arm-none-eabi/9.3.1/../../../../arm-none-eabi/lib/thumb/v7e-m+fp/hard\libc_nano.a
START GROUP
LOAD c:/st/stm32cubeide_1.8.0/stm32cubeide/plugins/com.st.stm32cube.ide.mcu.externaltools.gnu-tools-for-stm32.9-2020-q2-update.win32_2.0.0.202105311346/tools/bin/../lib/gcc/arm-none-eabi/9.3.1/thumb/v7e-m+fp/hard\libgcc.a
LOAD c:/st/stm32cubeide_1.8.0/stm32cubeide/plugins/com.st.stm32cube.ide.mcu.externaltools.gnu-tools-for-stm32.9-2020-q2-update.win32_2.0.0.202105311346/tools/bin/../lib/gcc/arm-none-eabi/9.3.1/../../../../arm-none-eabi/lib/thumb/v7e-m+fp/hard\libc_nano.a
END GROUP
START GROUP
LOAD c:/st/stm32cubeide_1.8.0/stm32cubeide/plugins/com.st.stm32cube.ide.mcu.externaltools.gnu-tools-for-stm32.9-2020-q2-update.win32_2.0.0.202105311346/tools/bin/../lib/gcc/arm-none-eabi/9.3.1/thumb/v7e-m+fp/hard\libgcc.a
LOAD c:/st/stm32cubeide_1.8.0/stm32cubeide/plugins/com.st.stm32cube.ide.mcu.externaltools.gnu-tools-for-stm32.9-2020-q2-update.win32_2.0.0.202105311346/tools/bin/../lib/gcc/arm-none-eabi/9.3.1/../../../../arm-none-eabi/lib/thumb/v7e-m+fp/hard\libc_nano.a
END GROUP
LOAD c:/st/stm32cubeide_1.8.0/stm32cubeide/plugins/com.st.stm32cube.ide.mcu.externaltools.gnu-tools-for-stm32.9-2020-q2-update.win32_2.0.0.202105311346/tools/bin/../lib/gcc/arm-none-eabi/9.3.1/thumb/v7e-m+fp/hard/crtend.o
LOAD c:/st/stm32cubeide_1.8.0/stm32cubeide/plugins/com.st.stm32cube.ide.mcu.externaltools.gnu-tools-for-stm32.9-2020-q2-update.win32_2.0.0.202105311346/tools/bin/../lib/gcc/arm-none-eabi/9.3.1/thumb/v7e-m+fp/hard/crtn.o
                0x0000000020020000                _estack = (ORIGIN (RAM) + LENGTH (RAM))
                0x0000000000000200                _Min_Heap_Size = 0x200
                0x0000000000000400                _Min_Stack_Size = 0x400

.isr_vector     0x0000000008000000      0x1d8
                0x0000000008000000                . = ALIGN (0x4)
 *(.isr_vector)
 .isr_vector    0x0000000008000000      0x1d8 ./Core/Startup/startup_stm32g474retx.o
                0x0000000008000000                g_pfnVectors
                0x00000000080001d8                . = ALIGN (0x4)

.text           0x00000000080001e0     0xafb4
                0x00000000080001e0                . = ALIGN (0x4)
 *(.text)
 .text          0x00000000080001e0       0x40 c:/st/stm32cubeide_1.8.0/stm32cubeide/plugins/com.st.stm32cube.ide.mcu.externaltools.gnu-tools-for-stm32.9-2020-q2-update.win32_2.0.0.202105311346/tools/bin/../lib/gcc/arm-none-eabi/9.3.1/thumb/v7e-m+fp/hard/crtbegin.o
 .text          0x0000000008000220       0xa0 c:/st/stm32cubeide_1.8.0/stm32cubeide/plugins/com.st.stm32cube.ide.mcu.externaltools.gnu-tools-for-stm32.9-2020-q2-update.win32_2.0.0.202105311346/tools/bin/../lib/gcc/arm-none-eabi/9.3.1/../../../../arm-none-eabi/lib/thumb/v7e-m+fp/hard\libc_nano.a(lib_a-memchr.o)
                0x0000000008000220                memchr
 .text          0x00000000080002c0       0x30 c:/st/stm32cubeide_1.8.0/stm32cubeide/plugins/com.st.stm32cube.ide.mcu.externaltools.gnu-tools-for-stm32.9-2020-q2-update.win32_2.0.0.202105311346/tools/bin/../lib/gcc/arm-none-eabi/9.3.1/thumb/v7e-m+fp/hard\libgcc.a(_aeabi_uldivmod.o)
                0x00000000080002c0                __aeabi_uldivmod
 .text          0x00000000080002f0      0x2c4 c:/st/stm32cubeide_1.8.0/stm32cubeide/plugins/com.st.stm32cube.ide.mcu.externaltools.gnu-tools-for-stm32.9-2020-q2-update.win32_2.0.0.202105311346/tools/bin/../lib/gcc/arm-none-eabi/9.3.1/thumb/v7e-m+fp/hard\libgcc.a(_udivmoddi4.o)
                0x00000000080002f0                __udivmoddi4
 .text          0x00000000080005b4        0x4 c:/st/stm32cubeide_1.8.0/stm32cubeide/plugins/com.st.stm32cube.ide.mcu.externaltools.gnu-tools-for-stm32.9-2020-q2-update.win32_2.0.0.202105311346/tools/bin/../lib/gcc/arm-none-eabi/9.3.1/thumb/v7e-m+fp/hard\libgcc.a(_dvmd_tls.o)
                0x00000000080005b4                __aeabi_idiv0
                0x00000000080005b4                __aeabi_ldiv0
 *(.text*)
 .text.ssd1306_Reset
                0x00000000080005b8        0xe ./Core/Device_Drivers/oledDrive/ssd1306.o
                0x00000000080005b8                ssd1306_Reset
 *fill*         0x00000000080005c6        0x2 
 .text.ssd1306_WriteCommand
                0x00000000080005c8       0x30 ./Core/Device_Drivers/oledDrive/ssd1306.o
                0x00000000080005c8                ssd1306_WriteCommand
 .text.ssd1306_WriteData
                0x00000000080005f8       0x30 ./Core/Device_Drivers/oledDrive/ssd1306.o
                0x00000000080005f8                ssd1306_WriteData
 .text.ssd1306_Init
                0x0000000008000628       0xd4 ./Core/Device_Drivers/oledDrive/ssd1306.o
                0x0000000008000628                ssd1306_Init
 .text.ssd1306_Fill
                0x00000000080006fc       0x48 ./Core/Device_Drivers/oledDrive/ssd1306.o
                0x00000000080006fc                ssd1306_Fill
 .text.ssd1306_UpdateScreen
                0x0000000008000744       0x50 ./Core/Device_Drivers/oledDrive/ssd1306.o
                0x0000000008000744                ssd1306_UpdateScreen
 .text.ssd1306_DrawPixel
                0x0000000008000794       0xc0 ./Core/Device_Drivers/oledDrive/ssd1306.o
                0x0000000008000794                ssd1306_DrawPixel
 .text.ssd1306_WriteChar
                0x0000000008000854      0x110 ./Core/Device_Drivers/oledDrive/ssd1306.o
                0x0000000008000854                ssd1306_WriteChar
 .text.ssd1306_WriteString
                0x0000000008000964       0x4c ./Core/Device_Drivers/oledDrive/ssd1306.o
                0x0000000008000964                ssd1306_WriteString
 .text.ssd1306_SetCursor
                0x00000000080009b0       0x30 ./Core/Device_Drivers/oledDrive/ssd1306.o
                0x00000000080009b0                ssd1306_SetCursor
 .text.ssd1306_SetContrast
                0x00000000080009e0       0x26 ./Core/Device_Drivers/oledDrive/ssd1306.o
                0x00000000080009e0                ssd1306_SetContrast
 *fill*         0x0000000008000a06        0x2 
 .text.ssd1306_SetDisplayOn
                0x0000000008000a08       0x3c ./Core/Device_Drivers/oledDrive/ssd1306.o
                0x0000000008000a08                ssd1306_SetDisplayOn
 .text.MX_ADC1_Init
                0x0000000008000a44       0xf4 ./Core/Src/adc.o
                0x0000000008000a44                MX_ADC1_Init
 .text.HAL_ADC_MspInit
                0x0000000008000b38       0xb8 ./Core/Src/adc.o
                0x0000000008000b38                HAL_ADC_MspInit
 .text.MX_FREERTOS_Init
                0x0000000008000bf0       0x8c ./Core/Src/app_freertos.o
                0x0000000008000bf0                MX_FREERTOS_Init
 .text.StartDefaultTask
                0x0000000008000c7c       0x2c ./Core/Src/app_freertos.o
                0x0000000008000c7c                StartDefaultTask
 .text.StartDisplayUpdate
                0x0000000008000ca8       0x8c ./Core/Src/app_freertos.o
                0x0000000008000ca8                StartDisplayUpdate
 .text.StartReadCommPorts
                0x0000000008000d34       0x10 ./Core/Src/app_freertos.o
                0x0000000008000d34                StartReadCommPorts
 .text.MX_DMA_Init
                0x0000000008000d44       0x54 ./Core/Src/dma.o
                0x0000000008000d44                MX_DMA_Init
 .text.MX_GPIO_Init
                0x0000000008000d98       0x80 ./Core/Src/gpio.o
                0x0000000008000d98                MX_GPIO_Init
 .text.MX_I2C1_Init
                0x0000000008000e18       0x80 ./Core/Src/i2c.o
                0x0000000008000e18                MX_I2C1_Init
 .text.HAL_I2C_MspInit
                0x0000000008000e98       0xec ./Core/Src/i2c.o
                0x0000000008000e98                HAL_I2C_MspInit
 .text.main     0x0000000008000f84       0x58 ./Core/Src/main.o
                0x0000000008000f84                main
 .text.SystemClock_Config
                0x0000000008000fdc       0x96 ./Core/Src/main.o
                0x0000000008000fdc                SystemClock_Config
 .text.HAL_UART_RxCpltCallback
                0x0000000008001072       0x14 ./Core/Src/main.o
                0x0000000008001072                HAL_UART_RxCpltCallback
 *fill*         0x0000000008001086        0x2 
 .text.HAL_ADC_ConvCpltCallback
                0x0000000008001088       0x44 ./Core/Src/main.o
                0x0000000008001088                HAL_ADC_ConvCpltCallback
 .text.HAL_TIM_PeriodElapsedCallback
                0x00000000080010cc       0x24 ./Core/Src/main.o
                0x00000000080010cc                HAL_TIM_PeriodElapsedCallback
 .text.Error_Handler
                0x00000000080010f0        0xa ./Core/Src/main.o
                0x00000000080010f0                Error_Handler
 *fill*         0x00000000080010fa        0x2 
 .text.HAL_MspInit
                0x00000000080010fc       0x54 ./Core/Src/stm32g4xx_hal_msp.o
                0x00000000080010fc                HAL_MspInit
 .text.HAL_InitTick
                0x0000000008001150       0xe0 ./Core/Src/stm32g4xx_hal_timebase_tim.o
                0x0000000008001150                HAL_InitTick
 .text.NMI_Handler
                0x0000000008001230        0x6 ./Core/Src/stm32g4xx_it.o
                0x0000000008001230                NMI_Handler
 .text.HardFault_Handler
                0x0000000008001236        0x6 ./Core/Src/stm32g4xx_it.o
                0x0000000008001236                HardFault_Handler
 .text.MemManage_Handler
                0x000000000800123c        0x6 ./Core/Src/stm32g4xx_it.o
                0x000000000800123c                MemManage_Handler
 .text.BusFault_Handler
                0x0000000008001242        0x6 ./Core/Src/stm32g4xx_it.o
                0x0000000008001242                BusFault_Handler
 .text.UsageFault_Handler
                0x0000000008001248        0x6 ./Core/Src/stm32g4xx_it.o
                0x0000000008001248                UsageFault_Handler
 .text.DebugMon_Handler
                0x000000000800124e        0xe ./Core/Src/stm32g4xx_it.o
                0x000000000800124e                DebugMon_Handler
 .text.DMA1_Channel1_IRQHandler
                0x000000000800125c       0x14 ./Core/Src/stm32g4xx_it.o
                0x000000000800125c                DMA1_Channel1_IRQHandler
 .text.ADC1_2_IRQHandler
                0x0000000008001270       0x14 ./Core/Src/stm32g4xx_it.o
                0x0000000008001270                ADC1_2_IRQHandler
 .text.TIM6_DAC_IRQHandler
                0x0000000008001284       0x14 ./Core/Src/stm32g4xx_it.o
                0x0000000008001284                TIM6_DAC_IRQHandler
 .text._sbrk    0x0000000008001298       0x6c ./Core/Src/sysmem.o
                0x0000000008001298                _sbrk
 .text.SystemInit
                0x0000000008001304       0x24 ./Core/Src/system_stm32g4xx.o
                0x0000000008001304                SystemInit
 .text.MX_TIM2_Init
                0x0000000008001328       0x9c ./Core/Src/tim.o
                0x0000000008001328                MX_TIM2_Init
 .text.HAL_TIM_Base_MspInit
                0x00000000080013c4       0x3c ./Core/Src/tim.o
                0x00000000080013c4                HAL_TIM_Base_MspInit
 .text.MX_USART1_UART_Init
                0x0000000008001400       0x98 ./Core/Src/usart.o
                0x0000000008001400                MX_USART1_UART_Init
 .text.HAL_UART_MspInit
                0x0000000008001498      0x10c ./Core/Src/usart.o
                0x0000000008001498                HAL_UART_MspInit
 .text.w_Initialize
                0x00000000080015a4       0xc0 ./Core/Src/w_code.o
                0x00000000080015a4                w_Initialize
 .text.w_oledCopyBuffer
                0x0000000008001664       0x4c ./Core/Src/w_code.o
                0x0000000008001664                w_oledCopyBuffer
 .text.w_oledParseUartData
                0x00000000080016b0       0x88 ./Core/Src/w_code.o
                0x00000000080016b0                w_oledParseUartData
 .text.w_oledPageWrite
                0x0000000008001738      0x124 ./Core/Src/w_code.o
                0x0000000008001738                w_oledPageWrite
 .text._Z15w_oledPosIncValh
                0x000000000800185c       0x54 ./Core/Src/w_code.o
                0x000000000800185c                w_oledPosIncVal(unsigned char)
 .text.Reset_Handler
                0x00000000080018b0       0x50 ./Core/Startup/startup_stm32g474retx.o
                0x00000000080018b0                Reset_Handler
 .text.Default_Handler
                0x0000000008001900        0x2 ./Core/Startup/startup_stm32g474retx.o
                0x0000000008001900                RTC_Alarm_IRQHandler
                0x0000000008001900                EXTI2_IRQHandler
                0x0000000008001900                TIM8_TRG_COM_IRQHandler
                0x0000000008001900                TIM8_CC_IRQHandler
                0x0000000008001900                HRTIM1_Master_IRQHandler
                0x0000000008001900                SPI4_IRQHandler
                0x0000000008001900                FDCAN3_IT0_IRQHandler
                0x0000000008001900                TIM1_CC_IRQHandler
                0x0000000008001900                HRTIM1_FLT_IRQHandler
                0x0000000008001900                HRTIM1_TIMF_IRQHandler
                0x0000000008001900                USB_HP_IRQHandler
                0x0000000008001900                CORDIC_IRQHandler
                0x0000000008001900                HRTIM1_TIMD_IRQHandler
                0x0000000008001900                DMA2_Channel8_IRQHandler
                0x0000000008001900                EXTI3_IRQHandler
                0x0000000008001900                I2C3_ER_IRQHandler
                0x0000000008001900                EXTI0_IRQHandler
                0x0000000008001900                I2C2_EV_IRQHandler
                0x0000000008001900                FPU_IRQHandler
                0x0000000008001900                FDCAN1_IT1_IRQHandler
                0x0000000008001900                TIM1_UP_TIM16_IRQHandler
                0x0000000008001900                HRTIM1_TIME_IRQHandler
                0x0000000008001900                SPI1_IRQHandler
                0x0000000008001900                HRTIM1_TIMC_IRQHandler
                0x0000000008001900                TIM8_UP_IRQHandler
                0x0000000008001900                DMA2_Channel2_IRQHandler
                0x0000000008001900                DMA1_Channel4_IRQHandler
                0x0000000008001900                TIM20_TRG_COM_IRQHandler
                0x0000000008001900                USART3_IRQHandler
                0x0000000008001900                DMA1_Channel7_IRQHandler
                0x0000000008001900                UART5_IRQHandler
                0x0000000008001900                ADC3_IRQHandler
                0x0000000008001900                TIM4_IRQHandler
                0x0000000008001900                DMA2_Channel1_IRQHandler
                0x0000000008001900                QUADSPI_IRQHandler
                0x0000000008001900                I2C1_EV_IRQHandler
                0x0000000008001900                DMA1_Channel6_IRQHandler
                0x0000000008001900                UART4_IRQHandler
                0x0000000008001900                DMA2_Channel4_IRQHandler
                0x0000000008001900                TIM3_IRQHandler
                0x0000000008001900                RCC_IRQHandler
                0x0000000008001900                TIM20_UP_IRQHandler
                0x0000000008001900                Default_Handler
                0x0000000008001900                DMA2_Channel7_IRQHandler
                0x0000000008001900                RTC_TAMP_LSECSS_IRQHandler
                0x0000000008001900                FMAC_IRQHandler
                0x0000000008001900                EXTI15_10_IRQHandler
                0x0000000008001900                DMA1_Channel8_IRQHandler
                0x0000000008001900                HRTIM1_TIMA_IRQHandler
                0x0000000008001900                TIM7_DAC_IRQHandler
                0x0000000008001900                FDCAN3_IT1_IRQHandler
                0x0000000008001900                TIM5_IRQHandler
                0x0000000008001900                UCPD1_IRQHandler
                0x0000000008001900                I2C3_EV_IRQHandler
                0x0000000008001900                EXTI9_5_IRQHandler
                0x0000000008001900                RTC_WKUP_IRQHandler
                0x0000000008001900                PVD_PVM_IRQHandler
                0x0000000008001900                SPI2_IRQHandler
                0x0000000008001900                ADC5_IRQHandler
                0x0000000008001900                DMA2_Channel5_IRQHandler
                0x0000000008001900                CRS_IRQHandler
                0x0000000008001900                DMA1_Channel5_IRQHandler
                0x0000000008001900                USB_LP_IRQHandler
                0x0000000008001900                EXTI4_IRQHandler
                0x0000000008001900                RNG_IRQHandler
                0x0000000008001900                HRTIM1_TIMB_IRQHandler
                0x0000000008001900                TIM1_TRG_COM_TIM17_IRQHandler
                0x0000000008001900                FDCAN2_IT1_IRQHandler
                0x0000000008001900                DMA1_Channel3_IRQHandler
                0x0000000008001900                ADC4_IRQHandler
                0x0000000008001900                WWDG_IRQHandler
                0x0000000008001900                I2C4_EV_IRQHandler
                0x0000000008001900                FDCAN2_IT0_IRQHandler
                0x0000000008001900                LPUART1_IRQHandler
                0x0000000008001900                DMA2_Channel6_IRQHandler
                0x0000000008001900                FDCAN1_IT0_IRQHandler
                0x0000000008001900                TIM2_IRQHandler
                0x0000000008001900                COMP7_IRQHandler
                0x0000000008001900                COMP1_2_3_IRQHandler
                0x0000000008001900                EXTI1_IRQHandler
                0x0000000008001900                USART2_IRQHandler
                0x0000000008001900                COMP4_5_6_IRQHandler
                0x0000000008001900                TIM20_BRK_IRQHandler
                0x0000000008001900                I2C2_ER_IRQHandler
                0x0000000008001900                DMA1_Channel2_IRQHandler
                0x0000000008001900                TIM8_BRK_IRQHandler
                0x0000000008001900                FLASH_IRQHandler
                0x0000000008001900                TIM20_CC_IRQHandler
                0x0000000008001900                USART1_IRQHandler
                0x0000000008001900                SPI3_IRQHandler
                0x0000000008001900                I2C1_ER_IRQHandler
                0x0000000008001900                FMC_IRQHandler
                0x0000000008001900                LPTIM1_IRQHandler
                0x0000000008001900                DMAMUX_OVR_IRQHandler
                0x0000000008001900                I2C4_ER_IRQHandler
                0x0000000008001900                USBWakeUp_IRQHandler
                0x0000000008001900                SAI1_IRQHandler
                0x0000000008001900                DMA2_Channel3_IRQHandler
                0x0000000008001900                TIM1_BRK_TIM15_IRQHandler
 .text.HAL_Init
                0x0000000008001902       0x30 ./Drivers/STM32G4xx_HAL_Driver/Src/stm32g4xx_hal.o
                0x0000000008001902                HAL_Init
 *fill*         0x0000000008001932        0x2 
 .text.HAL_IncTick
                0x0000000008001934       0x24 ./Drivers/STM32G4xx_HAL_Driver/Src/stm32g4xx_hal.o
                0x0000000008001934                HAL_IncTick
 .text.HAL_GetTick
                0x0000000008001958       0x18 ./Drivers/STM32G4xx_HAL_Driver/Src/stm32g4xx_hal.o
                0x0000000008001958                HAL_GetTick
 .text.HAL_Delay
                0x0000000008001970       0x44 ./Drivers/STM32G4xx_HAL_Driver/Src/stm32g4xx_hal.o
                0x0000000008001970                HAL_Delay
 .text.LL_ADC_SetCommonClock
                0x00000000080019b4       0x26 ./Drivers/STM32G4xx_HAL_Driver/Src/stm32g4xx_hal_adc.o
 .text.LL_ADC_SetCommonPathInternalCh
                0x00000000080019da       0x26 ./Drivers/STM32G4xx_HAL_Driver/Src/stm32g4xx_hal_adc.o
 .text.LL_ADC_GetCommonPathInternalCh
                0x0000000008001a00       0x1c ./Drivers/STM32G4xx_HAL_Driver/Src/stm32g4xx_hal_adc.o
 .text.LL_ADC_SetOffset
                0x0000000008001a1c       0x48 ./Drivers/STM32G4xx_HAL_Driver/Src/stm32g4xx_hal_adc.o
 .text.LL_ADC_GetOffsetChannel
                0x0000000008001a64       0x2c ./Drivers/STM32G4xx_HAL_Driver/Src/stm32g4xx_hal_adc.o
 .text.LL_ADC_SetOffsetState
                0x0000000008001a90       0x36 ./Drivers/STM32G4xx_HAL_Driver/Src/stm32g4xx_hal_adc.o
 .text.LL_ADC_SetOffsetSign
                0x0000000008001ac6       0x36 ./Drivers/STM32G4xx_HAL_Driver/Src/stm32g4xx_hal_adc.o
 .text.LL_ADC_SetOffsetSaturation
                0x0000000008001afc       0x36 ./Drivers/STM32G4xx_HAL_Driver/Src/stm32g4xx_hal_adc.o
 .text.LL_ADC_SetSamplingTimeCommonConfig
                0x0000000008001b32       0x26 ./Drivers/STM32G4xx_HAL_Driver/Src/stm32g4xx_hal_adc.o
 .text.LL_ADC_REG_IsTriggerSourceSWStart
                0x0000000008001b58       0x26 ./Drivers/STM32G4xx_HAL_Driver/Src/stm32g4xx_hal_adc.o
 .text.LL_ADC_REG_SetSequencerRanks
                0x0000000008001b7e       0x58 ./Drivers/STM32G4xx_HAL_Driver/Src/stm32g4xx_hal_adc.o
 .text.LL_ADC_INJ_IsTriggerSourceSWStart
                0x0000000008001bd6       0x26 ./Drivers/STM32G4xx_HAL_Driver/Src/stm32g4xx_hal_adc.o
 .text.LL_ADC_SetChannelSamplingTime
                0x0000000008001bfc       0x56 ./Drivers/STM32G4xx_HAL_Driver/Src/stm32g4xx_hal_adc.o
 *fill*         0x0000000008001c52        0x2 
 .text.LL_ADC_SetChannelSingleDiff
                0x0000000008001c54       0x48 ./Drivers/STM32G4xx_HAL_Driver/Src/stm32g4xx_hal_adc.o
 .text.LL_ADC_GetMultimode
                0x0000000008001c9c       0x1c ./Drivers/STM32G4xx_HAL_Driver/Src/stm32g4xx_hal_adc.o
 .text.LL_ADC_GetMultiDMATransfer
                0x0000000008001cb8       0x1c ./Drivers/STM32G4xx_HAL_Driver/Src/stm32g4xx_hal_adc.o
 .text.LL_ADC_DisableDeepPowerDown
                0x0000000008001cd4       0x24 ./Drivers/STM32G4xx_HAL_Driver/Src/stm32g4xx_hal_adc.o
 .text.LL_ADC_IsDeepPowerDownEnabled
                0x0000000008001cf8       0x28 ./Drivers/STM32G4xx_HAL_Driver/Src/stm32g4xx_hal_adc.o
 .text.LL_ADC_EnableInternalRegulator
                0x0000000008001d20       0x28 ./Drivers/STM32G4xx_HAL_Driver/Src/stm32g4xx_hal_adc.o
 .text.LL_ADC_IsInternalRegulatorEnabled
                0x0000000008001d48       0x28 ./Drivers/STM32G4xx_HAL_Driver/Src/stm32g4xx_hal_adc.o
 .text.LL_ADC_Enable
                0x0000000008001d70       0x28 ./Drivers/STM32G4xx_HAL_Driver/Src/stm32g4xx_hal_adc.o
 .text.LL_ADC_IsEnabled
                0x0000000008001d98       0x26 ./Drivers/STM32G4xx_HAL_Driver/Src/stm32g4xx_hal_adc.o
 .text.LL_ADC_REG_StartConversion
                0x0000000008001dbe       0x28 ./Drivers/STM32G4xx_HAL_Driver/Src/stm32g4xx_hal_adc.o
 .text.LL_ADC_REG_IsConversionOngoing
                0x0000000008001de6       0x26 ./Drivers/STM32G4xx_HAL_Driver/Src/stm32g4xx_hal_adc.o
 .text.LL_ADC_INJ_IsConversionOngoing
                0x0000000008001e0c       0x26 ./Drivers/STM32G4xx_HAL_Driver/Src/stm32g4xx_hal_adc.o
 *fill*         0x0000000008001e32        0x2 
 .text.HAL_ADC_Init
                0x0000000008001e34      0x384 ./Drivers/STM32G4xx_HAL_Driver/Src/stm32g4xx_hal_adc.o
                0x0000000008001e34                HAL_ADC_Init
 .text.HAL_ADC_Start_IT
                0x00000000080021b8      0x2b8 ./Drivers/STM32G4xx_HAL_Driver/Src/stm32g4xx_hal_adc.o
                0x00000000080021b8                HAL_ADC_Start_IT
 .text.HAL_ADC_GetValue
                0x0000000008002470       0x1a ./Drivers/STM32G4xx_HAL_Driver/Src/stm32g4xx_hal_adc.o
                0x0000000008002470                HAL_ADC_GetValue
 *fill*         0x000000000800248a        0x2 
 .text.HAL_ADC_IRQHandler
                0x000000000800248c      0x4b4 ./Drivers/STM32G4xx_HAL_Driver/Src/stm32g4xx_hal_adc.o
                0x000000000800248c                HAL_ADC_IRQHandler
 .text.HAL_ADC_LevelOutOfWindowCallback
                0x0000000008002940       0x14 ./Drivers/STM32G4xx_HAL_Driver/Src/stm32g4xx_hal_adc.o
                0x0000000008002940                HAL_ADC_LevelOutOfWindowCallback
 .text.HAL_ADC_ErrorCallback
                0x0000000008002954       0x14 ./Drivers/STM32G4xx_HAL_Driver/Src/stm32g4xx_hal_adc.o
                0x0000000008002954                HAL_ADC_ErrorCallback
 .text.HAL_ADC_ConfigChannel
                0x0000000008002968      0x880 ./Drivers/STM32G4xx_HAL_Driver/Src/stm32g4xx_hal_adc.o
                0x0000000008002968                HAL_ADC_ConfigChannel
 .text.ADC_Enable
                0x00000000080031e8       0xc4 ./Drivers/STM32G4xx_HAL_Driver/Src/stm32g4xx_hal_adc.o
                0x00000000080031e8                ADC_Enable
 .text.LL_ADC_IsEnabled
                0x00000000080032ac       0x26 ./Drivers/STM32G4xx_HAL_Driver/Src/stm32g4xx_hal_adc_ex.o
 .text.LL_ADC_REG_IsConversionOngoing
                0x00000000080032d2       0x26 ./Drivers/STM32G4xx_HAL_Driver/Src/stm32g4xx_hal_adc_ex.o
 .text.HAL_ADCEx_InjectedConvCpltCallback
                0x00000000080032f8       0x14 ./Drivers/STM32G4xx_HAL_Driver/Src/stm32g4xx_hal_adc_ex.o
                0x00000000080032f8                HAL_ADCEx_InjectedConvCpltCallback
 .text.HAL_ADCEx_InjectedQueueOverflowCallback
                0x000000000800330c       0x14 ./Drivers/STM32G4xx_HAL_Driver/Src/stm32g4xx_hal_adc_ex.o
                0x000000000800330c                HAL_ADCEx_InjectedQueueOverflowCallback
 .text.HAL_ADCEx_LevelOutOfWindow2Callback
                0x0000000008003320       0x14 ./Drivers/STM32G4xx_HAL_Driver/Src/stm32g4xx_hal_adc_ex.o
                0x0000000008003320                HAL_ADCEx_LevelOutOfWindow2Callback
 .text.HAL_ADCEx_LevelOutOfWindow3Callback
                0x0000000008003334       0x14 ./Drivers/STM32G4xx_HAL_Driver/Src/stm32g4xx_hal_adc_ex.o
                0x0000000008003334                HAL_ADCEx_LevelOutOfWindow3Callback
 .text.HAL_ADCEx_EndOfSamplingCallback
                0x0000000008003348       0x14 ./Drivers/STM32G4xx_HAL_Driver/Src/stm32g4xx_hal_adc_ex.o
                0x0000000008003348                HAL_ADCEx_EndOfSamplingCallback
 .text.HAL_ADCEx_MultiModeConfigChannel
                0x000000000800335c      0x210 ./Drivers/STM32G4xx_HAL_Driver/Src/stm32g4xx_hal_adc_ex.o
                0x000000000800335c                HAL_ADCEx_MultiModeConfigChannel
 .text.__NVIC_SetPriorityGrouping
                0x000000000800356c       0x48 ./Drivers/STM32G4xx_HAL_Driver/Src/stm32g4xx_hal_cortex.o
 .text.__NVIC_GetPriorityGrouping
                0x00000000080035b4       0x1c ./Drivers/STM32G4xx_HAL_Driver/Src/stm32g4xx_hal_cortex.o
 .text.__NVIC_EnableIRQ
                0x00000000080035d0       0x3c ./Drivers/STM32G4xx_HAL_Driver/Src/stm32g4xx_hal_cortex.o
 .text.__NVIC_SetPriority
                0x000000000800360c       0x54 ./Drivers/STM32G4xx_HAL_Driver/Src/stm32g4xx_hal_cortex.o
 .text.NVIC_EncodePriority
                0x0000000008003660       0x66 ./Drivers/STM32G4xx_HAL_Driver/Src/stm32g4xx_hal_cortex.o
 .text.HAL_NVIC_SetPriorityGrouping
                0x00000000080036c6       0x16 ./Drivers/STM32G4xx_HAL_Driver/Src/stm32g4xx_hal_cortex.o
                0x00000000080036c6                HAL_NVIC_SetPriorityGrouping
 .text.HAL_NVIC_SetPriority
                0x00000000080036dc       0x34 ./Drivers/STM32G4xx_HAL_Driver/Src/stm32g4xx_hal_cortex.o
                0x00000000080036dc                HAL_NVIC_SetPriority
 .text.HAL_NVIC_EnableIRQ
                0x0000000008003710       0x1c ./Drivers/STM32G4xx_HAL_Driver/Src/stm32g4xx_hal_cortex.o
                0x0000000008003710                HAL_NVIC_EnableIRQ
 .text.HAL_DMA_Init
                0x000000000800372c      0x150 ./Drivers/STM32G4xx_HAL_Driver/Src/stm32g4xx_hal_dma.o
                0x000000000800372c                HAL_DMA_Init
 .text.HAL_DMA_Start_IT
                0x000000000800387c       0xf6 ./Drivers/STM32G4xx_HAL_Driver/Src/stm32g4xx_hal_dma.o
                0x000000000800387c                HAL_DMA_Start_IT
 .text.HAL_DMA_IRQHandler
                0x0000000008003972      0x15e ./Drivers/STM32G4xx_HAL_Driver/Src/stm32g4xx_hal_dma.o
                0x0000000008003972                HAL_DMA_IRQHandler
 .text.DMA_SetConfig
                0x0000000008003ad0       0x7c ./Drivers/STM32G4xx_HAL_Driver/Src/stm32g4xx_hal_dma.o
 .text.DMA_CalcDMAMUXChannelBaseAndMask
                0x0000000008003b4c       0x7c ./Drivers/STM32G4xx_HAL_Driver/Src/stm32g4xx_hal_dma.o
 .text.DMA_CalcDMAMUXRequestGenBaseAndMask
                0x0000000008003bc8       0x48 ./Drivers/STM32G4xx_HAL_Driver/Src/stm32g4xx_hal_dma.o
 .text.HAL_GPIO_Init
                0x0000000008003c10      0x304 ./Drivers/STM32G4xx_HAL_Driver/Src/stm32g4xx_hal_gpio.o
                0x0000000008003c10                HAL_GPIO_Init
 .text.HAL_GPIO_WritePin
                0x0000000008003f14       0x30 ./Drivers/STM32G4xx_HAL_Driver/Src/stm32g4xx_hal_gpio.o
                0x0000000008003f14                HAL_GPIO_WritePin
 .text.HAL_I2C_Init
                0x0000000008003f44      0x11e ./Drivers/STM32G4xx_HAL_Driver/Src/stm32g4xx_hal_i2c.o
                0x0000000008003f44                HAL_I2C_Init
 *fill*         0x0000000008004062        0x2 
 .text.HAL_I2C_Mem_Write
                0x0000000008004064      0x228 ./Drivers/STM32G4xx_HAL_Driver/Src/stm32g4xx_hal_i2c.o
                0x0000000008004064                HAL_I2C_Mem_Write
 .text.I2C_RequestMemoryWrite
                0x000000000800428c       0xa8 ./Drivers/STM32G4xx_HAL_Driver/Src/stm32g4xx_hal_i2c.o
 .text.I2C_Flush_TXDR
                0x0000000008004334       0x48 ./Drivers/STM32G4xx_HAL_Driver/Src/stm32g4xx_hal_i2c.o
 .text.I2C_WaitOnFlagUntilTimeout
                0x000000000800437c       0x80 ./Drivers/STM32G4xx_HAL_Driver/Src/stm32g4xx_hal_i2c.o
 .text.I2C_WaitOnTXISFlagUntilTimeout
                0x00000000080043fc       0x80 ./Drivers/STM32G4xx_HAL_Driver/Src/stm32g4xx_hal_i2c.o
 .text.I2C_WaitOnSTOPFlagUntilTimeout
                0x000000000800447c       0x78 ./Drivers/STM32G4xx_HAL_Driver/Src/stm32g4xx_hal_i2c.o
 .text.I2C_IsAcknowledgeFailed
                0x00000000080044f4       0xcc ./Drivers/STM32G4xx_HAL_Driver/Src/stm32g4xx_hal_i2c.o
 .text.I2C_TransferConfig
                0x00000000080045c0       0x5c ./Drivers/STM32G4xx_HAL_Driver/Src/stm32g4xx_hal_i2c.o
 .text.HAL_I2CEx_ConfigAnalogFilter
                0x000000000800461c       0x96 ./Drivers/STM32G4xx_HAL_Driver/Src/stm32g4xx_hal_i2c_ex.o
                0x000000000800461c                HAL_I2CEx_ConfigAnalogFilter
 .text.HAL_I2CEx_ConfigDigitalFilter
                0x00000000080046b2       0x98 ./Drivers/STM32G4xx_HAL_Driver/Src/stm32g4xx_hal_i2c_ex.o
                0x00000000080046b2                HAL_I2CEx_ConfigDigitalFilter
 *fill*         0x000000000800474a        0x2 
 .text.HAL_PWREx_ControlVoltageScaling
                0x000000000800474c      0x148 ./Drivers/STM32G4xx_HAL_Driver/Src/stm32g4xx_hal_pwr_ex.o
                0x000000000800474c                HAL_PWREx_ControlVoltageScaling
 .text.HAL_PWREx_DisableUCPDDeadBattery
                0x0000000008004894       0x20 ./Drivers/STM32G4xx_HAL_Driver/Src/stm32g4xx_hal_pwr_ex.o
                0x0000000008004894                HAL_PWREx_DisableUCPDDeadBattery
 .text.HAL_RCC_OscConfig
                0x00000000080048b4      0x630 ./Drivers/STM32G4xx_HAL_Driver/Src/stm32g4xx_hal_rcc.o
                0x00000000080048b4                HAL_RCC_OscConfig
 .text.HAL_RCC_ClockConfig
                0x0000000008004ee4      0x278 ./Drivers/STM32G4xx_HAL_Driver/Src/stm32g4xx_hal_rcc.o
                0x0000000008004ee4                HAL_RCC_ClockConfig
 .text.HAL_RCC_GetSysClockFreq
                0x000000000800515c       0xc4 ./Drivers/STM32G4xx_HAL_Driver/Src/stm32g4xx_hal_rcc.o
                0x000000000800515c                HAL_RCC_GetSysClockFreq
 .text.HAL_RCC_GetHCLKFreq
                0x0000000008005220       0x18 ./Drivers/STM32G4xx_HAL_Driver/Src/stm32g4xx_hal_rcc.o
                0x0000000008005220                HAL_RCC_GetHCLKFreq
 .text.HAL_RCC_GetPCLK1Freq
                0x0000000008005238       0x2c ./Drivers/STM32G4xx_HAL_Driver/Src/stm32g4xx_hal_rcc.o
                0x0000000008005238                HAL_RCC_GetPCLK1Freq
 .text.HAL_RCC_GetPCLK2Freq
                0x0000000008005264       0x2c ./Drivers/STM32G4xx_HAL_Driver/Src/stm32g4xx_hal_rcc.o
                0x0000000008005264                HAL_RCC_GetPCLK2Freq
 .text.HAL_RCC_GetClockConfig
                0x0000000008005290       0x64 ./Drivers/STM32G4xx_HAL_Driver/Src/stm32g4xx_hal_rcc.o
                0x0000000008005290                HAL_RCC_GetClockConfig
 .text.RCC_GetSysClockFreqFromPLLSource
                0x00000000080052f4       0x8c ./Drivers/STM32G4xx_HAL_Driver/Src/stm32g4xx_hal_rcc.o
 .text.HAL_RCCEx_PeriphCLKConfig
                0x0000000008005380      0x498 ./Drivers/STM32G4xx_HAL_Driver/Src/stm32g4xx_hal_rcc_ex.o
                0x0000000008005380                HAL_RCCEx_PeriphCLKConfig
 .text.HAL_TIM_Base_Init
                0x0000000008005818       0xae ./Drivers/STM32G4xx_HAL_Driver/Src/stm32g4xx_hal_tim.o
                0x0000000008005818                HAL_TIM_Base_Init
 *fill*         0x00000000080058c6        0x2 
 .text.HAL_TIM_Base_Start
                0x00000000080058c8       0xe0 ./Drivers/STM32G4xx_HAL_Driver/Src/stm32g4xx_hal_tim.o
                0x00000000080058c8                HAL_TIM_Base_Start
 .text.HAL_TIM_Base_Start_IT
                0x00000000080059a8       0xf0 ./Drivers/STM32G4xx_HAL_Driver/Src/stm32g4xx_hal_tim.o
                0x00000000080059a8                HAL_TIM_Base_Start_IT
 .text.HAL_TIM_IRQHandler
                0x0000000008005a98      0x2fe ./Drivers/STM32G4xx_HAL_Driver/Src/stm32g4xx_hal_tim.o
                0x0000000008005a98                HAL_TIM_IRQHandler
 *fill*         0x0000000008005d96        0x2 
 .text.HAL_TIM_ConfigClockSource
                0x0000000008005d98      0x224 ./Drivers/STM32G4xx_HAL_Driver/Src/stm32g4xx_hal_tim.o
                0x0000000008005d98                HAL_TIM_ConfigClockSource
 .text.HAL_TIM_OC_DelayElapsedCallback
                0x0000000008005fbc       0x14 ./Drivers/STM32G4xx_HAL_Driver/Src/stm32g4xx_hal_tim.o
                0x0000000008005fbc                HAL_TIM_OC_DelayElapsedCallback
 .text.HAL_TIM_IC_CaptureCallback
                0x0000000008005fd0       0x14 ./Drivers/STM32G4xx_HAL_Driver/Src/stm32g4xx_hal_tim.o
                0x0000000008005fd0                HAL_TIM_IC_CaptureCallback
 .text.HAL_TIM_PWM_PulseFinishedCallback
                0x0000000008005fe4       0x14 ./Drivers/STM32G4xx_HAL_Driver/Src/stm32g4xx_hal_tim.o
                0x0000000008005fe4                HAL_TIM_PWM_PulseFinishedCallback
 .text.HAL_TIM_TriggerCallback
                0x0000000008005ff8       0x14 ./Drivers/STM32G4xx_HAL_Driver/Src/stm32g4xx_hal_tim.o
                0x0000000008005ff8                HAL_TIM_TriggerCallback
 .text.TIM_Base_SetConfig
                0x000000000800600c      0x150 ./Drivers/STM32G4xx_HAL_Driver/Src/stm32g4xx_hal_tim.o
                0x000000000800600c                TIM_Base_SetConfig
 .text.TIM_TI1_ConfigInputStage
                0x000000000800615c       0x5e ./Drivers/STM32G4xx_HAL_Driver/Src/stm32g4xx_hal_tim.o
 .text.TIM_TI2_ConfigInputStage
                0x00000000080061ba       0x60 ./Drivers/STM32G4xx_HAL_Driver/Src/stm32g4xx_hal_tim.o
 .text.TIM_ITRx_SetConfig
                0x000000000800621a       0x3a ./Drivers/STM32G4xx_HAL_Driver/Src/stm32g4xx_hal_tim.o
 .text.TIM_ETR_SetConfig
                0x0000000008006254       0x40 ./Drivers/STM32G4xx_HAL_Driver/Src/stm32g4xx_hal_tim.o
                0x0000000008006254                TIM_ETR_SetConfig
 .text.HAL_TIMEx_MasterConfigSynchronization
                0x0000000008006294      0x12c ./Drivers/STM32G4xx_HAL_Driver/Src/stm32g4xx_hal_tim_ex.o
                0x0000000008006294                HAL_TIMEx_MasterConfigSynchronization
 .text.HAL_TIMEx_CommutCallback
                0x00000000080063c0       0x14 ./Drivers/STM32G4xx_HAL_Driver/Src/stm32g4xx_hal_tim_ex.o
                0x00000000080063c0                HAL_TIMEx_CommutCallback
 .text.HAL_TIMEx_BreakCallback
                0x00000000080063d4       0x14 ./Drivers/STM32G4xx_HAL_Driver/Src/stm32g4xx_hal_tim_ex.o
                0x00000000080063d4                HAL_TIMEx_BreakCallback
 .text.HAL_TIMEx_Break2Callback
                0x00000000080063e8       0x14 ./Drivers/STM32G4xx_HAL_Driver/Src/stm32g4xx_hal_tim_ex.o
                0x00000000080063e8                HAL_TIMEx_Break2Callback
 .text.HAL_TIMEx_EncoderIndexCallback
                0x00000000080063fc       0x14 ./Drivers/STM32G4xx_HAL_Driver/Src/stm32g4xx_hal_tim_ex.o
                0x00000000080063fc                HAL_TIMEx_EncoderIndexCallback
 .text.HAL_TIMEx_DirectionChangeCallback
                0x0000000008006410       0x14 ./Drivers/STM32G4xx_HAL_Driver/Src/stm32g4xx_hal_tim_ex.o
                0x0000000008006410                HAL_TIMEx_DirectionChangeCallback
 .text.HAL_TIMEx_IndexErrorCallback
                0x0000000008006424       0x14 ./Drivers/STM32G4xx_HAL_Driver/Src/stm32g4xx_hal_tim_ex.o
                0x0000000008006424                HAL_TIMEx_IndexErrorCallback
 .text.HAL_TIMEx_TransitionErrorCallback
                0x0000000008006438       0x14 ./Drivers/STM32G4xx_HAL_Driver/Src/stm32g4xx_hal_tim_ex.o
                0x0000000008006438                HAL_TIMEx_TransitionErrorCallback
 .text.HAL_UART_Init
                0x000000000800644c       0xa0 ./Drivers/STM32G4xx_HAL_Driver/Src/stm32g4xx_hal_uart.o
                0x000000000800644c                HAL_UART_Init
 .text.HAL_UART_Receive_DMA
                0x00000000080064ec       0x8c ./Drivers/STM32G4xx_HAL_Driver/Src/stm32g4xx_hal_uart.o
                0x00000000080064ec                HAL_UART_Receive_DMA
 .text.HAL_UART_RxHalfCpltCallback
                0x0000000008006578       0x14 ./Drivers/STM32G4xx_HAL_Driver/Src/stm32g4xx_hal_uart.o
                0x0000000008006578                HAL_UART_RxHalfCpltCallback
 .text.HAL_UART_ErrorCallback
                0x000000000800658c       0x14 ./Drivers/STM32G4xx_HAL_Driver/Src/stm32g4xx_hal_uart.o
                0x000000000800658c                HAL_UART_ErrorCallback
 .text.HAL_UARTEx_RxEventCallback
                0x00000000080065a0       0x18 ./Drivers/STM32G4xx_HAL_Driver/Src/stm32g4xx_hal_uart.o
                0x00000000080065a0                HAL_UARTEx_RxEventCallback
 .text.UART_SetConfig
                0x00000000080065b8      0x594 ./Drivers/STM32G4xx_HAL_Driver/Src/stm32g4xx_hal_uart.o
                0x00000000080065b8                UART_SetConfig
 .text.UART_AdvFeatureConfig
                0x0000000008006b4c      0x144 ./Drivers/STM32G4xx_HAL_Driver/Src/stm32g4xx_hal_uart.o
                0x0000000008006b4c                UART_AdvFeatureConfig
 .text.UART_CheckIdleState
                0x0000000008006c90       0x96 ./Drivers/STM32G4xx_HAL_Driver/Src/stm32g4xx_hal_uart.o
                0x0000000008006c90                UART_CheckIdleState
 .text.UART_WaitOnFlagUntilTimeout
                0x0000000008006d26      0x100 ./Drivers/STM32G4xx_HAL_Driver/Src/stm32g4xx_hal_uart.o
                0x0000000008006d26                UART_WaitOnFlagUntilTimeout
 *fill*         0x0000000008006e26        0x2 
 .text.UART_Start_Receive_DMA
                0x0000000008006e28       0xdc ./Drivers/STM32G4xx_HAL_Driver/Src/stm32g4xx_hal_uart.o
                0x0000000008006e28                UART_Start_Receive_DMA
 .text.UART_EndTxTransfer
                0x0000000008006f04       0x3c ./Drivers/STM32G4xx_HAL_Driver/Src/stm32g4xx_hal_uart.o
 .text.UART_EndRxTransfer
                0x0000000008006f40       0x64 ./Drivers/STM32G4xx_HAL_Driver/Src/stm32g4xx_hal_uart.o
 .text.UART_DMAReceiveCplt
                0x0000000008006fa4       0x9a ./Drivers/STM32G4xx_HAL_Driver/Src/stm32g4xx_hal_uart.o
 .text.UART_DMARxHalfCplt
                0x000000000800703e       0x38 ./Drivers/STM32G4xx_HAL_Driver/Src/stm32g4xx_hal_uart.o
 .text.UART_DMAError
                0x0000000008007076       0x80 ./Drivers/STM32G4xx_HAL_Driver/Src/stm32g4xx_hal_uart.o
 .text.HAL_UARTEx_EnableFifoMode
                0x00000000080070f6       0x76 ./Drivers/STM32G4xx_HAL_Driver/Src/stm32g4xx_hal_uart_ex.o
                0x00000000080070f6                HAL_UARTEx_EnableFifoMode
 .text.HAL_UARTEx_SetTxFifoThreshold
                0x000000000800716c       0x7c ./Drivers/STM32G4xx_HAL_Driver/Src/stm32g4xx_hal_uart_ex.o
                0x000000000800716c                HAL_UARTEx_SetTxFifoThreshold
 .text.HAL_UARTEx_SetRxFifoThreshold
                0x00000000080071e8       0x7c ./Drivers/STM32G4xx_HAL_Driver/Src/stm32g4xx_hal_uart_ex.o
                0x00000000080071e8                HAL_UARTEx_SetRxFifoThreshold
 .text.UARTEx_SetNbDataToProcess
                0x0000000008007264       0x9c ./Drivers/STM32G4xx_HAL_Driver/Src/stm32g4xx_hal_uart_ex.o
 .text.__NVIC_SetPriority
                0x0000000008007300       0x54 ./Middlewares/Third_Party/FreeRTOS/Source/CMSIS_RTOS_V2/cmsis_os2.o
 .text.SysTick_Handler
                0x0000000008007354       0x20 ./Middlewares/Third_Party/FreeRTOS/Source/CMSIS_RTOS_V2/cmsis_os2.o
                0x0000000008007354                SysTick_Handler
 .text.SVC_Setup
                0x0000000008007374       0x12 ./Middlewares/Third_Party/FreeRTOS/Source/CMSIS_RTOS_V2/cmsis_os2.o
 *fill*         0x0000000008007386        0x2 
 .text.osKernelInitialize
                0x0000000008007388       0x48 ./Middlewares/Third_Party/FreeRTOS/Source/CMSIS_RTOS_V2/cmsis_os2.o
                0x0000000008007388                osKernelInitialize
 .text.osKernelStart
                0x00000000080073d0       0x4c ./Middlewares/Third_Party/FreeRTOS/Source/CMSIS_RTOS_V2/cmsis_os2.o
                0x00000000080073d0                osKernelStart
 .text.osThreadNew
                0x000000000800741c      0x124 ./Middlewares/Third_Party/FreeRTOS/Source/CMSIS_RTOS_V2/cmsis_os2.o
                0x000000000800741c                osThreadNew
 .text.osDelay  0x0000000008007540       0x36 ./Middlewares/Third_Party/FreeRTOS/Source/CMSIS_RTOS_V2/cmsis_os2.o
                0x0000000008007540                osDelay
 .text.osSemaphoreNew
                0x0000000008007576      0x112 ./Middlewares/Third_Party/FreeRTOS/Source/CMSIS_RTOS_V2/cmsis_os2.o
                0x0000000008007576                osSemaphoreNew
 .text.osSemaphoreAcquire
                0x0000000008007688       0xa4 ./Middlewares/Third_Party/FreeRTOS/Source/CMSIS_RTOS_V2/cmsis_os2.o
                0x0000000008007688                osSemaphoreAcquire
 .text.osSemaphoreRelease
                0x000000000800772c       0x88 ./Middlewares/Third_Party/FreeRTOS/Source/CMSIS_RTOS_V2/cmsis_os2.o
                0x000000000800772c                osSemaphoreRelease
 .text.vApplicationGetIdleTaskMemory
                0x00000000080077b4       0x34 ./Middlewares/Third_Party/FreeRTOS/Source/CMSIS_RTOS_V2/cmsis_os2.o
                0x00000000080077b4                vApplicationGetIdleTaskMemory
 .text.vApplicationGetTimerTaskMemory
                0x00000000080077e8       0x34 ./Middlewares/Third_Party/FreeRTOS/Source/CMSIS_RTOS_V2/cmsis_os2.o
                0x00000000080077e8                vApplicationGetTimerTaskMemory
 .text.vListInitialise
                0x000000000800781c       0x40 ./Middlewares/Third_Party/FreeRTOS/Source/list.o
                0x000000000800781c                vListInitialise
 .text.vListInitialiseItem
                0x000000000800785c       0x1a ./Middlewares/Third_Party/FreeRTOS/Source/list.o
                0x000000000800785c                vListInitialiseItem
 .text.vListInsertEnd
                0x0000000008007876       0x48 ./Middlewares/Third_Party/FreeRTOS/Source/list.o
                0x0000000008007876                vListInsertEnd
 .text.vListInsert
                0x00000000080078be       0x72 ./Middlewares/Third_Party/FreeRTOS/Source/list.o
                0x00000000080078be                vListInsert
 .text.uxListRemove
                0x0000000008007930       0x54 ./Middlewares/Third_Party/FreeRTOS/Source/list.o
                0x0000000008007930                uxListRemove
 .text.xQueueGenericReset
                0x0000000008007984       0xd0 ./Middlewares/Third_Party/FreeRTOS/Source/queue.o
                0x0000000008007984                xQueueGenericReset
 .text.xQueueGenericCreateStatic
                0x0000000008007a54       0xf0 ./Middlewares/Third_Party/FreeRTOS/Source/queue.o
                0x0000000008007a54                xQueueGenericCreateStatic
 .text.xQueueGenericCreate
                0x0000000008007b44       0x74 ./Middlewares/Third_Party/FreeRTOS/Source/queue.o
                0x0000000008007b44                xQueueGenericCreate
 .text.prvInitialiseNewQueue
                0x0000000008007bb8       0x46 ./Middlewares/Third_Party/FreeRTOS/Source/queue.o
 .text.xQueueCreateCountingSemaphoreStatic
                0x0000000008007bfe       0x6e ./Middlewares/Third_Party/FreeRTOS/Source/queue.o
                0x0000000008007bfe                xQueueCreateCountingSemaphoreStatic
 .text.xQueueCreateCountingSemaphore
                0x0000000008007c6c       0x66 ./Middlewares/Third_Party/FreeRTOS/Source/queue.o
                0x0000000008007c6c                xQueueCreateCountingSemaphore
 *fill*         0x0000000008007cd2        0x2 
 .text.xQueueGenericSend
                0x0000000008007cd4      0x1fc ./Middlewares/Third_Party/FreeRTOS/Source/queue.o
                0x0000000008007cd4                xQueueGenericSend
 .text.xQueueGenericSendFromISR
                0x0000000008007ed0      0x136 ./Middlewares/Third_Party/FreeRTOS/Source/queue.o
                0x0000000008007ed0                xQueueGenericSendFromISR
 .text.xQueueGiveFromISR
                0x0000000008008006      0x11a ./Middlewares/Third_Party/FreeRTOS/Source/queue.o
                0x0000000008008006                xQueueGiveFromISR
 .text.xQueueReceive
                0x0000000008008120      0x1c0 ./Middlewares/Third_Party/FreeRTOS/Source/queue.o
                0x0000000008008120                xQueueReceive
 .text.xQueueSemaphoreTake
                0x00000000080082e0      0x218 ./Middlewares/Third_Party/FreeRTOS/Source/queue.o
                0x00000000080082e0                xQueueSemaphoreTake
 .text.xQueueReceiveFromISR
                0x00000000080084f8      0x100 ./Middlewares/Third_Party/FreeRTOS/Source/queue.o
                0x00000000080084f8                xQueueReceiveFromISR
 .text.vQueueDelete
                0x00000000080085f8       0x46 ./Middlewares/Third_Party/FreeRTOS/Source/queue.o
                0x00000000080085f8                vQueueDelete
 .text.prvGetDisinheritPriorityAfterTimeout
                0x000000000800863e       0x30 ./Middlewares/Third_Party/FreeRTOS/Source/queue.o
 .text.prvCopyDataToQueue
                0x000000000800866e       0xd4 ./Middlewares/Third_Party/FreeRTOS/Source/queue.o
 .text.prvCopyDataFromQueue
                0x0000000008008742       0x4c ./Middlewares/Third_Party/FreeRTOS/Source/queue.o
 .text.prvUnlockQueue
                0x000000000800878e       0xa4 ./Middlewares/Third_Party/FreeRTOS/Source/queue.o
 .text.prvIsQueueEmpty
                0x0000000008008832       0x2c ./Middlewares/Third_Party/FreeRTOS/Source/queue.o
 .text.prvIsQueueFull
                0x000000000800885e       0x30 ./Middlewares/Third_Party/FreeRTOS/Source/queue.o
 *fill*         0x000000000800888e        0x2 
 .text.vQueueAddToRegistry
                0x0000000008008890       0x54 ./Middlewares/Third_Party/FreeRTOS/Source/queue.o
                0x0000000008008890                vQueueAddToRegistry
 .text.vQueueUnregisterQueue
                0x00000000080088e4       0x54 ./Middlewares/Third_Party/FreeRTOS/Source/queue.o
                0x00000000080088e4                vQueueUnregisterQueue
 .text.vQueueWaitForMessageRestricted
                0x0000000008008938       0x68 ./Middlewares/Third_Party/FreeRTOS/Source/queue.o
                0x0000000008008938                vQueueWaitForMessageRestricted
 .text.xTaskCreateStatic
                0x00000000080089a0       0xba ./Middlewares/Third_Party/FreeRTOS/Source/tasks.o
                0x00000000080089a0                xTaskCreateStatic
 .text.xTaskCreate
                0x0000000008008a5a       0x8a ./Middlewares/Third_Party/FreeRTOS/Source/tasks.o
                0x0000000008008a5a                xTaskCreate
 .text.prvInitialiseNewTask
                0x0000000008008ae4      0x11e ./Middlewares/Third_Party/FreeRTOS/Source/tasks.o
 *fill*         0x0000000008008c02        0x2 
 .text.prvAddNewTaskToReadyList
                0x0000000008008c04       0xe0 ./Middlewares/Third_Party/FreeRTOS/Source/tasks.o
 .text.vTaskDelay
                0x0000000008008ce4       0x68 ./Middlewares/Third_Party/FreeRTOS/Source/tasks.o
                0x0000000008008ce4                vTaskDelay
 .text.vTaskStartScheduler
                0x0000000008008d4c       0xcc ./Middlewares/Third_Party/FreeRTOS/Source/tasks.o
                0x0000000008008d4c                vTaskStartScheduler
 .text.vTaskSuspendAll
                0x0000000008008e18       0x1c ./Middlewares/Third_Party/FreeRTOS/Source/tasks.o
                0x0000000008008e18                vTaskSuspendAll
 .text.xTaskResumeAll
                0x0000000008008e34      0x13c ./Middlewares/Third_Party/FreeRTOS/Source/tasks.o
                0x0000000008008e34                xTaskResumeAll
 .text.xTaskGetTickCount
                0x0000000008008f70       0x20 ./Middlewares/Third_Party/FreeRTOS/Source/tasks.o
                0x0000000008008f70                xTaskGetTickCount
 .text.xTaskIncrementTick
                0x0000000008008f90      0x174 ./Middlewares/Third_Party/FreeRTOS/Source/tasks.o
                0x0000000008008f90                xTaskIncrementTick
 .text.vTaskSwitchContext
                0x0000000008009104       0xbc ./Middlewares/Third_Party/FreeRTOS/Source/tasks.o
                0x0000000008009104                vTaskSwitchContext
 .text.vTaskPlaceOnEventList
                0x00000000080091c0       0x48 ./Middlewares/Third_Party/FreeRTOS/Source/tasks.o
                0x00000000080091c0                vTaskPlaceOnEventList
 .text.vTaskPlaceOnEventListRestricted
                0x0000000008009208       0x58 ./Middlewares/Third_Party/FreeRTOS/Source/tasks.o
                0x0000000008009208                vTaskPlaceOnEventListRestricted
 .text.xTaskRemoveFromEventList
                0x0000000008009260       0xc8 ./Middlewares/Third_Party/FreeRTOS/Source/tasks.o
                0x0000000008009260                xTaskRemoveFromEventList
 .text.vTaskInternalSetTimeOutState
                0x0000000008009328       0x2c ./Middlewares/Third_Party/FreeRTOS/Source/tasks.o
                0x0000000008009328                vTaskInternalSetTimeOutState
 .text.xTaskCheckForTimeOut
                0x0000000008009354       0xc4 ./Middlewares/Third_Party/FreeRTOS/Source/tasks.o
                0x0000000008009354                xTaskCheckForTimeOut
 .text.vTaskMissedYield
                0x0000000008009418       0x18 ./Middlewares/Third_Party/FreeRTOS/Source/tasks.o
                0x0000000008009418                vTaskMissedYield
 .text.prvIdleTask
                0x0000000008009430       0x30 ./Middlewares/Third_Party/FreeRTOS/Source/tasks.o
 .text.prvInitialiseTaskLists
                0x0000000008009460       0x80 ./Middlewares/Third_Party/FreeRTOS/Source/tasks.o
 .text.prvCheckTasksWaitingTermination
                0x00000000080094e0       0x5c ./Middlewares/Third_Party/FreeRTOS/Source/tasks.o
 .text.prvDeleteTCB
                0x000000000800953c       0x5e ./Middlewares/Third_Party/FreeRTOS/Source/tasks.o
 *fill*         0x000000000800959a        0x2 
 .text.prvResetNextTaskUnblockTime
                0x000000000800959c       0x40 ./Middlewares/Third_Party/FreeRTOS/Source/tasks.o
 .text.xTaskGetSchedulerState
                0x00000000080095dc       0x3c ./Middlewares/Third_Party/FreeRTOS/Source/tasks.o
                0x00000000080095dc                xTaskGetSchedulerState
 .text.xTaskPriorityInherit
                0x0000000008009618       0xd0 ./Middlewares/Third_Party/FreeRTOS/Source/tasks.o
                0x0000000008009618                xTaskPriorityInherit
 .text.xTaskPriorityDisinherit
                0x00000000080096e8       0xdc ./Middlewares/Third_Party/FreeRTOS/Source/tasks.o
                0x00000000080096e8                xTaskPriorityDisinherit
 .text.vTaskPriorityDisinheritAfterTimeout
                0x00000000080097c4      0x104 ./Middlewares/Third_Party/FreeRTOS/Source/tasks.o
                0x00000000080097c4                vTaskPriorityDisinheritAfterTimeout
 .text.pvTaskIncrementMutexHeldCount
                0x00000000080098c8       0x28 ./Middlewares/Third_Party/FreeRTOS/Source/tasks.o
                0x00000000080098c8                pvTaskIncrementMutexHeldCount
 .text.prvAddCurrentTaskToDelayedList
                0x00000000080098f0       0xa8 ./Middlewares/Third_Party/FreeRTOS/Source/tasks.o
 .text.xTimerCreateTimerTask
                0x0000000008009998       0x90 ./Middlewares/Third_Party/FreeRTOS/Source/timers.o
                0x0000000008009998                xTimerCreateTimerTask
 .text.xTimerGenericCommand
                0x0000000008009a28       0x9c ./Middlewares/Third_Party/FreeRTOS/Source/timers.o
                0x0000000008009a28                xTimerGenericCommand
 .text.prvProcessExpiredTimer
                0x0000000008009ac4       0x98 ./Middlewares/Third_Party/FreeRTOS/Source/timers.o
 .text.prvTimerTask
                0x0000000008009b5c       0x24 ./Middlewares/Third_Party/FreeRTOS/Source/timers.o
 .text.prvProcessTimerOrBlockTask
                0x0000000008009b80       0x9c ./Middlewares/Third_Party/FreeRTOS/Source/timers.o
 .text.prvGetNextExpireTime
                0x0000000008009c1c       0x48 ./Middlewares/Third_Party/FreeRTOS/Source/timers.o
 .text.prvSampleTimeNow
                0x0000000008009c64       0x40 ./Middlewares/Third_Party/FreeRTOS/Source/timers.o
 .text.prvInsertTimerInActiveList
                0x0000000008009ca4       0x84 ./Middlewares/Third_Party/FreeRTOS/Source/timers.o
 .text.prvProcessReceivedCommands
                0x0000000008009d28      0x1c4 ./Middlewares/Third_Party/FreeRTOS/Source/timers.o
 .text.prvSwitchTimerLists
                0x0000000008009eec       0xc8 ./Middlewares/Third_Party/FreeRTOS/Source/timers.o
 .text.prvCheckForValidListAndQueue
                0x0000000008009fb4       0x80 ./Middlewares/Third_Party/FreeRTOS/Source/timers.o
 .text.pxPortInitialiseStack
                0x000000000800a034       0x68 ./Middlewares/Third_Party/FreeRTOS/Source/portable/GCC/ARM_CM4F/port.o
                0x000000000800a034                pxPortInitialiseStack
 .text.prvTaskExitError
                0x000000000800a09c       0x58 ./Middlewares/Third_Party/FreeRTOS/Source/portable/GCC/ARM_CM4F/port.o
 *fill*         0x000000000800a0f4        0xc 
 .text.SVC_Handler
                0x000000000800a100       0x28 ./Middlewares/Third_Party/FreeRTOS/Source/portable/GCC/ARM_CM4F/port.o
                0x000000000800a100                SVC_Handler
 .text.prvPortStartFirstTask
                0x000000000800a128       0x28 ./Middlewares/Third_Party/FreeRTOS/Source/portable/GCC/ARM_CM4F/port.o
 .text.xPortStartScheduler
                0x000000000800a150      0x144 ./Middlewares/Third_Party/FreeRTOS/Source/portable/GCC/ARM_CM4F/port.o
                0x000000000800a150                xPortStartScheduler
 .text.vPortEnterCritical
                0x000000000800a294       0x60 ./Middlewares/Third_Party/FreeRTOS/Source/portable/GCC/ARM_CM4F/port.o
                0x000000000800a294                vPortEnterCritical
 .text.vPortExitCritical
                0x000000000800a2f4       0x54 ./Middlewares/Third_Party/FreeRTOS/Source/portable/GCC/ARM_CM4F/port.o
                0x000000000800a2f4                vPortExitCritical
 *fill*         0x000000000800a348        0x8 
 .text.PendSV_Handler
                0x000000000800a350       0x68 ./Middlewares/Third_Party/FreeRTOS/Source/portable/GCC/ARM_CM4F/port.o
                0x000000000800a350                PendSV_Handler
 .text.xPortSysTickHandler
                0x000000000800a3b8       0x44 ./Middlewares/Third_Party/FreeRTOS/Source/portable/GCC/ARM_CM4F/port.o
                0x000000000800a3b8                xPortSysTickHandler
 .text.vPortSetupTimerInterrupt
                0x000000000800a3fc       0x48 ./Middlewares/Third_Party/FreeRTOS/Source/portable/GCC/ARM_CM4F/port.o
                0x000000000800a3fc                vPortSetupTimerInterrupt
 .text.vPortEnableVFP
                0x000000000800a444       0x14 ./Middlewares/Third_Party/FreeRTOS/Source/portable/GCC/ARM_CM4F/port.o
 .text.vPortValidateInterruptPriority
                0x000000000800a458       0x80 ./Middlewares/Third_Party/FreeRTOS/Source/portable/GCC/ARM_CM4F/port.o
                0x000000000800a458                vPortValidateInterruptPriority
 .text.pvPortMalloc
                0x000000000800a4d8      0x198 ./Middlewares/Third_Party/FreeRTOS/Source/portable/MemMang/heap_4.o
                0x000000000800a4d8                pvPortMalloc
 .text.vPortFree
                0x000000000800a670       0xc4 ./Middlewares/Third_Party/FreeRTOS/Source/portable/MemMang/heap_4.o
                0x000000000800a670                vPortFree
 .text.prvHeapInit
                0x000000000800a734       0xc4 ./Middlewares/Third_Party/FreeRTOS/Source/portable/MemMang/heap_4.o
 .text.prvInsertBlockIntoFreeList
                0x000000000800a7f8       0xb4 ./Middlewares/Third_Party/FreeRTOS/Source/portable/MemMang/heap_4.o
 .text.__errno  0x000000000800a8ac        0xc c:/st/stm32cubeide_1.8.0/stm32cubeide/plugins/com.st.stm32cube.ide.mcu.externaltools.gnu-tools-for-stm32.9-2020-q2-update.win32_2.0.0.202105311346/tools/bin/../lib/gcc/arm-none-eabi/9.3.1/../../../../arm-none-eabi/lib/thumb/v7e-m+fp/hard\libc_nano.a(lib_a-errno.o)
                0x000000000800a8ac                __errno
 .text.__libc_init_array
                0x000000000800a8b8       0x48 c:/st/stm32cubeide_1.8.0/stm32cubeide/plugins/com.st.stm32cube.ide.mcu.externaltools.gnu-tools-for-stm32.9-2020-q2-update.win32_2.0.0.202105311346/tools/bin/../lib/gcc/arm-none-eabi/9.3.1/../../../../arm-none-eabi/lib/thumb/v7e-m+fp/hard\libc_nano.a(lib_a-init.o)
                0x000000000800a8b8                __libc_init_array
 .text.memcpy   0x000000000800a900       0x1c c:/st/stm32cubeide_1.8.0/stm32cubeide/plugins/com.st.stm32cube.ide.mcu.externaltools.gnu-tools-for-stm32.9-2020-q2-update.win32_2.0.0.202105311346/tools/bin/../lib/gcc/arm-none-eabi/9.3.1/../../../../arm-none-eabi/lib/thumb/v7e-m+fp/hard\libc_nano.a(lib_a-memcpy-stub.o)
                0x000000000800a900                memcpy
 .text.memmove  0x000000000800a91c       0x34 c:/st/stm32cubeide_1.8.0/stm32cubeide/plugins/com.st.stm32cube.ide.mcu.externaltools.gnu-tools-for-stm32.9-2020-q2-update.win32_2.0.0.202105311346/tools/bin/../lib/gcc/arm-none-eabi/9.3.1/../../../../arm-none-eabi/lib/thumb/v7e-m+fp/hard\libc_nano.a(lib_a-memmove.o)
                0x000000000800a91c                memmove
 .text.memset   0x000000000800a950       0x10 c:/st/stm32cubeide_1.8.0/stm32cubeide/plugins/com.st.stm32cube.ide.mcu.externaltools.gnu-tools-for-stm32.9-2020-q2-update.win32_2.0.0.202105311346/tools/bin/../lib/gcc/arm-none-eabi/9.3.1/../../../../arm-none-eabi/lib/thumb/v7e-m+fp/hard\libc_nano.a(lib_a-memset.o)
                0x000000000800a950                memset
 .text.sprintf  0x000000000800a960       0x40 c:/st/stm32cubeide_1.8.0/stm32cubeide/plugins/com.st.stm32cube.ide.mcu.externaltools.gnu-tools-for-stm32.9-2020-q2-update.win32_2.0.0.202105311346/tools/bin/../lib/gcc/arm-none-eabi/9.3.1/../../../../arm-none-eabi/lib/thumb/v7e-m+fp/hard\libc_nano.a(lib_a-sprintf.o)
                0x000000000800a960                siprintf
                0x000000000800a960                sprintf
 .text.strcpy   0x000000000800a9a0       0x10 c:/st/stm32cubeide_1.8.0/stm32cubeide/plugins/com.st.stm32cube.ide.mcu.externaltools.gnu-tools-for-stm32.9-2020-q2-update.win32_2.0.0.202105311346/tools/bin/../lib/gcc/arm-none-eabi/9.3.1/../../../../arm-none-eabi/lib/thumb/v7e-m+fp/hard\libc_nano.a(lib_a-strcpy.o)
                0x000000000800a9a0                strcpy
 .text.__ssputs_r
                0x000000000800a9b0       0xb6 c:/st/stm32cubeide_1.8.0/stm32cubeide/plugins/com.st.stm32cube.ide.mcu.externaltools.gnu-tools-for-stm32.9-2020-q2-update.win32_2.0.0.202105311346/tools/bin/../lib/gcc/arm-none-eabi/9.3.1/../../../../arm-none-eabi/lib/thumb/v7e-m+fp/hard\libc_nano.a(lib_a-nano-svfprintf.o)
                0x000000000800a9b0                __ssputs_r
 *fill*         0x000000000800aa66        0x2 
 .text._svfprintf_r
                0x000000000800aa68      0x200 c:/st/stm32cubeide_1.8.0/stm32cubeide/plugins/com.st.stm32cube.ide.mcu.externaltools.gnu-tools-for-stm32.9-2020-q2-update.win32_2.0.0.202105311346/tools/bin/../lib/gcc/arm-none-eabi/9.3.1/../../../../arm-none-eabi/lib/thumb/v7e-m+fp/hard\libc_nano.a(lib_a-nano-svfprintf.o)
                0x000000000800aa68                _svfiprintf_r
                0x000000000800aa68                _svfprintf_r
 .text._printf_common
                0x000000000800ac68       0xda c:/st/stm32cubeide_1.8.0/stm32cubeide/plugins/com.st.stm32cube.ide.mcu.externaltools.gnu-tools-for-stm32.9-2020-q2-update.win32_2.0.0.202105311346/tools/bin/../lib/gcc/arm-none-eabi/9.3.1/../../../../arm-none-eabi/lib/thumb/v7e-m+fp/hard\libc_nano.a(lib_a-nano-vfprintf_i.o)
                0x000000000800ac68                _printf_common
 *fill*         0x000000000800ad42        0x2 
 .text._printf_i
                0x000000000800ad44      0x24c c:/st/stm32cubeide_1.8.0/stm32cubeide/plugins/com.st.stm32cube.ide.mcu.externaltools.gnu-tools-for-stm32.9-2020-q2-update.win32_2.0.0.202105311346/tools/bin/../lib/gcc/arm-none-eabi/9.3.1/../../../../arm-none-eabi/lib/thumb/v7e-m+fp/hard\libc_nano.a(lib_a-nano-vfprintf_i.o)
                0x000000000800ad44                _printf_i
 .text._free_r  0x000000000800af90       0xa0 c:/st/stm32cubeide_1.8.0/stm32cubeide/plugins/com.st.stm32cube.ide.mcu.externaltools.gnu-tools-for-stm32.9-2020-q2-update.win32_2.0.0.202105311346/tools/bin/../lib/gcc/arm-none-eabi/9.3.1/../../../../arm-none-eabi/lib/thumb/v7e-m+fp/hard\libc_nano.a(lib_a-nano-freer.o)
                0x000000000800af90                _free_r
 .text._malloc_r
                0x000000000800b030       0xb4 c:/st/stm32cubeide_1.8.0/stm32cubeide/plugins/com.st.stm32cube.ide.mcu.externaltools.gnu-tools-for-stm32.9-2020-q2-update.win32_2.0.0.202105311346/tools/bin/../lib/gcc/arm-none-eabi/9.3.1/../../../../arm-none-eabi/lib/thumb/v7e-m+fp/hard\libc_nano.a(lib_a-nano-mallocr.o)
                0x000000000800b030                _malloc_r
 .text._realloc_r
                0x000000000800b0e4       0x4c c:/st/stm32cubeide_1.8.0/stm32cubeide/plugins/com.st.stm32cube.ide.mcu.externaltools.gnu-tools-for-stm32.9-2020-q2-update.win32_2.0.0.202105311346/tools/bin/../lib/gcc/arm-none-eabi/9.3.1/../../../../arm-none-eabi/lib/thumb/v7e-m+fp/hard\libc_nano.a(lib_a-nano-reallocr.o)
                0x000000000800b0e4                _realloc_r
 .text._sbrk_r  0x000000000800b130       0x20 c:/st/stm32cubeide_1.8.0/stm32cubeide/plugins/com.st.stm32cube.ide.mcu.externaltools.gnu-tools-for-stm32.9-2020-q2-update.win32_2.0.0.202105311346/tools/bin/../lib/gcc/arm-none-eabi/9.3.1/../../../../arm-none-eabi/lib/thumb/v7e-m+fp/hard\libc_nano.a(lib_a-sbrkr.o)
                0x000000000800b130                _sbrk_r
 .text.__malloc_lock
                0x000000000800b150        0xc c:/st/stm32cubeide_1.8.0/stm32cubeide/plugins/com.st.stm32cube.ide.mcu.externaltools.gnu-tools-for-stm32.9-2020-q2-update.win32_2.0.0.202105311346/tools/bin/../lib/gcc/arm-none-eabi/9.3.1/../../../../arm-none-eabi/lib/thumb/v7e-m+fp/hard\libc_nano.a(lib_a-mlock.o)
                0x000000000800b150                __malloc_lock
 .text.__malloc_unlock
                0x000000000800b15c        0xc c:/st/stm32cubeide_1.8.0/stm32cubeide/plugins/com.st.stm32cube.ide.mcu.externaltools.gnu-tools-for-stm32.9-2020-q2-update.win32_2.0.0.202105311346/tools/bin/../lib/gcc/arm-none-eabi/9.3.1/../../../../arm-none-eabi/lib/thumb/v7e-m+fp/hard\libc_nano.a(lib_a-mlock.o)
                0x000000000800b15c                __malloc_unlock
 .text._malloc_usable_size_r
                0x000000000800b168       0x10 c:/st/stm32cubeide_1.8.0/stm32cubeide/plugins/com.st.stm32cube.ide.mcu.externaltools.gnu-tools-for-stm32.9-2020-q2-update.win32_2.0.0.202105311346/tools/bin/../lib/gcc/arm-none-eabi/9.3.1/../../../../arm-none-eabi/lib/thumb/v7e-m+fp/hard\libc_nano.a(lib_a-nano-msizer.o)
                0x000000000800b168                _malloc_usable_size_r
 .text.__retarget_lock_acquire_recursive
                0x000000000800b178        0x2 c:/st/stm32cubeide_1.8.0/stm32cubeide/plugins/com.st.stm32cube.ide.mcu.externaltools.gnu-tools-for-stm32.9-2020-q2-update.win32_2.0.0.202105311346/tools/bin/../lib/gcc/arm-none-eabi/9.3.1/../../../../arm-none-eabi/lib/thumb/v7e-m+fp/hard\libc_nano.a(lib_a-lock.o)
                0x000000000800b178                __retarget_lock_acquire_recursive
 .text.__retarget_lock_release_recursive
                0x000000000800b17a        0x2 c:/st/stm32cubeide_1.8.0/stm32cubeide/plugins/com.st.stm32cube.ide.mcu.externaltools.gnu-tools-for-stm32.9-2020-q2-update.win32_2.0.0.202105311346/tools/bin/../lib/gcc/arm-none-eabi/9.3.1/../../../../arm-none-eabi/lib/thumb/v7e-m+fp/hard\libc_nano.a(lib_a-lock.o)
                0x000000000800b17a                __retarget_lock_release_recursive
 *(.glue_7)
 .glue_7        0x000000000800b17c        0x0 linker stubs
 *(.glue_7t)
 .glue_7t       0x000000000800b17c        0x0 linker stubs
 *(.eh_frame)
 .eh_frame      0x000000000800b17c        0x0 c:/st/stm32cubeide_1.8.0/stm32cubeide/plugins/com.st.stm32cube.ide.mcu.externaltools.gnu-tools-for-stm32.9-2020-q2-update.win32_2.0.0.202105311346/tools/bin/../lib/gcc/arm-none-eabi/9.3.1/thumb/v7e-m+fp/hard/crtbegin.o
 *(.init)
 .init          0x000000000800b17c        0x4 c:/st/stm32cubeide_1.8.0/stm32cubeide/plugins/com.st.stm32cube.ide.mcu.externaltools.gnu-tools-for-stm32.9-2020-q2-update.win32_2.0.0.202105311346/tools/bin/../lib/gcc/arm-none-eabi/9.3.1/thumb/v7e-m+fp/hard/crti.o
                0x000000000800b17c                _init
 .init          0x000000000800b180        0x8 c:/st/stm32cubeide_1.8.0/stm32cubeide/plugins/com.st.stm32cube.ide.mcu.externaltools.gnu-tools-for-stm32.9-2020-q2-update.win32_2.0.0.202105311346/tools/bin/../lib/gcc/arm-none-eabi/9.3.1/thumb/v7e-m+fp/hard/crtn.o
 *(.fini)
 .fini          0x000000000800b188        0x4 c:/st/stm32cubeide_1.8.0/stm32cubeide/plugins/com.st.stm32cube.ide.mcu.externaltools.gnu-tools-for-stm32.9-2020-q2-update.win32_2.0.0.202105311346/tools/bin/../lib/gcc/arm-none-eabi/9.3.1/thumb/v7e-m+fp/hard/crti.o
                0x000000000800b188                _fini
 .fini          0x000000000800b18c        0x8 c:/st/stm32cubeide_1.8.0/stm32cubeide/plugins/com.st.stm32cube.ide.mcu.externaltools.gnu-tools-for-stm32.9-2020-q2-update.win32_2.0.0.202105311346/tools/bin/../lib/gcc/arm-none-eabi/9.3.1/thumb/v7e-m+fp/hard/crtn.o
                0x000000000800b194                . = ALIGN (0x4)
                0x000000000800b194                _etext = .

.vfp11_veneer   0x000000000800b194        0x0
 .vfp11_veneer  0x000000000800b194        0x0 linker stubs

.v4_bx          0x000000000800b194        0x0
 .v4_bx         0x000000000800b194        0x0 linker stubs

.iplt           0x000000000800b194        0x0
 .iplt          0x000000000800b194        0x0 c:/st/stm32cubeide_1.8.0/stm32cubeide/plugins/com.st.stm32cube.ide.mcu.externaltools.gnu-tools-for-stm32.9-2020-q2-update.win32_2.0.0.202105311346/tools/bin/../lib/gcc/arm-none-eabi/9.3.1/thumb/v7e-m+fp/hard/crtbegin.o

.rodata         0x000000000800b194     0x1668
                0x000000000800b194                . = ALIGN (0x4)
 *(.rodata)
 .rodata        0x000000000800b194       0x58 ./Core/Src/app_freertos.o
 .rodata        0x000000000800b1ec       0x30 ./Core/Src/w_code.o
 .rodata        0x000000000800b21c        0x5 ./Middlewares/Third_Party/FreeRTOS/Source/tasks.o
 *fill*         0x000000000800b221        0x3 
 .rodata        0x000000000800b224        0xd ./Middlewares/Third_Party/FreeRTOS/Source/timers.o
 *(.rodata*)
 *fill*         0x000000000800b231        0x3 
 .rodata.Font7x10
                0x000000000800b234      0x76c ./Core/Device_Drivers/oledDrive/ssd1306_fonts.o
 .rodata.Font11x18
                0x000000000800b9a0      0xd5c ./Core/Device_Drivers/oledDrive/ssd1306_fonts.o
 .rodata.defaultTask_attributes
                0x000000000800c6fc       0x24 ./Core/Src/app_freertos.o
                0x000000000800c6fc                defaultTask_attributes
 .rodata.DisplayUpdate_attributes
                0x000000000800c720       0x24 ./Core/Src/app_freertos.o
                0x000000000800c720                DisplayUpdate_attributes
 .rodata.ReadCommPorts_attributes
                0x000000000800c744       0x24 ./Core/Src/app_freertos.o
                0x000000000800c744                ReadCommPorts_attributes
 .rodata.uartDataKey_attributes
                0x000000000800c768       0x10 ./Core/Src/app_freertos.o
                0x000000000800c768                uartDataKey_attributes
 .rodata.adcDataKey_attributes
                0x000000000800c778       0x10 ./Core/Src/app_freertos.o
                0x000000000800c778                adcDataKey_attributes
 .rodata.AHBPrescTable
                0x000000000800c788       0x10 ./Core/Src/system_stm32g4xx.o
                0x000000000800c788                AHBPrescTable
 .rodata.APBPrescTable
                0x000000000800c798        0x8 ./Core/Src/system_stm32g4xx.o
                0x000000000800c798                APBPrescTable
 .rodata.UARTPrescTable
                0x000000000800c7a0       0x18 ./Drivers/STM32G4xx_HAL_Driver/Src/stm32g4xx_hal_uart.o
                0x000000000800c7a0                UARTPrescTable
 .rodata.numerator.10028
                0x000000000800c7b8        0x8 ./Drivers/STM32G4xx_HAL_Driver/Src/stm32g4xx_hal_uart_ex.o
 .rodata.denominator.10029
                0x000000000800c7c0        0x8 ./Drivers/STM32G4xx_HAL_Driver/Src/stm32g4xx_hal_uart_ex.o
 .rodata._svfprintf_r.str1.1
                0x000000000800c7c8       0x11 c:/st/stm32cubeide_1.8.0/stm32cubeide/plugins/com.st.stm32cube.ide.mcu.externaltools.gnu-tools-for-stm32.9-2020-q2-update.win32_2.0.0.202105311346/tools/bin/../lib/gcc/arm-none-eabi/9.3.1/../../../../arm-none-eabi/lib/thumb/v7e-m+fp/hard\libc_nano.a(lib_a-nano-svfprintf.o)
 .rodata._printf_i.str1.1
                0x000000000800c7d9       0x22 c:/st/stm32cubeide_1.8.0/stm32cubeide/plugins/com.st.stm32cube.ide.mcu.externaltools.gnu-tools-for-stm32.9-2020-q2-update.win32_2.0.0.202105311346/tools/bin/../lib/gcc/arm-none-eabi/9.3.1/../../../../arm-none-eabi/lib/thumb/v7e-m+fp/hard\libc_nano.a(lib_a-nano-vfprintf_i.o)
                0x000000000800c7fc                . = ALIGN (0x4)
 *fill*         0x000000000800c7fb        0x1 

.ARM.extab      0x000000000800c7fc        0x0
                0x000000000800c7fc                . = ALIGN (0x4)
 *(.ARM.extab* .gnu.linkonce.armextab.*)
                0x000000000800c7fc                . = ALIGN (0x4)

.ARM            0x000000000800c7fc        0x8
                0x000000000800c7fc                . = ALIGN (0x4)
                0x000000000800c7fc                __exidx_start = .
 *(.ARM.exidx*)
 .ARM.exidx     0x000000000800c7fc        0x8 c:/st/stm32cubeide_1.8.0/stm32cubeide/plugins/com.st.stm32cube.ide.mcu.externaltools.gnu-tools-for-stm32.9-2020-q2-update.win32_2.0.0.202105311346/tools/bin/../lib/gcc/arm-none-eabi/9.3.1/thumb/v7e-m+fp/hard\libgcc.a(_udivmoddi4.o)
                0x000000000800c804                __exidx_end = .
                0x000000000800c804                . = ALIGN (0x4)

.rel.dyn        0x000000000800c804        0x0
 .rel.iplt      0x000000000800c804        0x0 c:/st/stm32cubeide_1.8.0/stm32cubeide/plugins/com.st.stm32cube.ide.mcu.externaltools.gnu-tools-for-stm32.9-2020-q2-update.win32_2.0.0.202105311346/tools/bin/../lib/gcc/arm-none-eabi/9.3.1/thumb/v7e-m+fp/hard/crtbegin.o

.preinit_array  0x000000000800c804        0x0
                0x000000000800c804                . = ALIGN (0x4)
                0x000000000800c804                PROVIDE (__preinit_array_start = .)
 *(.preinit_array*)
                0x000000000800c804                PROVIDE (__preinit_array_end = .)
                0x000000000800c804                . = ALIGN (0x4)

.init_array     0x000000000800c804        0x4
                0x000000000800c804                . = ALIGN (0x4)
                0x000000000800c804                PROVIDE (__init_array_start = .)
 *(SORT_BY_NAME(.init_array.*))
 *(.init_array*)
 .init_array    0x000000000800c804        0x4 c:/st/stm32cubeide_1.8.0/stm32cubeide/plugins/com.st.stm32cube.ide.mcu.externaltools.gnu-tools-for-stm32.9-2020-q2-update.win32_2.0.0.202105311346/tools/bin/../lib/gcc/arm-none-eabi/9.3.1/thumb/v7e-m+fp/hard/crtbegin.o
                0x000000000800c808                PROVIDE (__init_array_end = .)
                0x000000000800c808                . = ALIGN (0x4)

.fini_array     0x000000000800c808        0x4
                0x000000000800c808                . = ALIGN (0x4)
                [!provide]                        PROVIDE (__fini_array_start = .)
 *(SORT_BY_NAME(.fini_array.*))
 *(.fini_array*)
 .fini_array    0x000000000800c808        0x4 c:/st/stm32cubeide_1.8.0/stm32cubeide/plugins/com.st.stm32cube.ide.mcu.externaltools.gnu-tools-for-stm32.9-2020-q2-update.win32_2.0.0.202105311346/tools/bin/../lib/gcc/arm-none-eabi/9.3.1/thumb/v7e-m+fp/hard/crtbegin.o
                [!provide]                        PROVIDE (__fini_array_end = .)
                0x000000000800c80c                . = ALIGN (0x4)
                0x000000000800c80c                _sidata = LOADADDR (.data)

.data           0x0000000020000000       0x9c load address 0x000000000800c80c
                0x0000000020000000                . = ALIGN (0x4)
                0x0000000020000000                _sdata = .
 *(.data)
 *(.data*)
 .data.Font_7x10
                0x0000000020000000        0x8 ./Core/Device_Drivers/oledDrive/ssd1306_fonts.o
                0x0000000020000000                Font_7x10
 .data.Font_11x18
                0x0000000020000008        0x8 ./Core/Device_Drivers/oledDrive/ssd1306_fonts.o
                0x0000000020000008                Font_11x18
 .data.SystemCoreClock
                0x0000000020000010        0x4 ./Core/Src/system_stm32g4xx.o
                0x0000000020000010                SystemCoreClock
 .data.w_oledYPos
                0x0000000020000014        0x5 ./Core/Src/w_code.o
                0x0000000020000014                w_oledYPos
 *fill*         0x0000000020000019        0x3 
 .data.w_CLEARBUFF
                0x000000002000001c        0xd ./Core/Src/w_code.o
                0x000000002000001c                w_CLEARBUFF
 *fill*         0x0000000020000029        0x3 
 .data.uwTickPrio
                0x000000002000002c        0x4 ./Drivers/STM32G4xx_HAL_Driver/Src/stm32g4xx_hal.o
                0x000000002000002c                uwTickPrio
 .data.uwTickFreq
                0x0000000020000030        0x4 ./Drivers/STM32G4xx_HAL_Driver/Src/stm32g4xx_hal.o
                0x0000000020000030                uwTickFreq
 .data.uxCriticalNesting
                0x0000000020000034        0x4 ./Middlewares/Third_Party/FreeRTOS/Source/portable/GCC/ARM_CM4F/port.o
 .data._impure_ptr
                0x0000000020000038        0x4 c:/st/stm32cubeide_1.8.0/stm32cubeide/plugins/com.st.stm32cube.ide.mcu.externaltools.gnu-tools-for-stm32.9-2020-q2-update.win32_2.0.0.202105311346/tools/bin/../lib/gcc/arm-none-eabi/9.3.1/../../../../arm-none-eabi/lib/thumb/v7e-m+fp/hard\libc_nano.a(lib_a-impure.o)
                0x0000000020000038                _impure_ptr
 .data.impure_data
                0x000000002000003c       0x60 c:/st/stm32cubeide_1.8.0/stm32cubeide/plugins/com.st.stm32cube.ide.mcu.externaltools.gnu-tools-for-stm32.9-2020-q2-update.win32_2.0.0.202105311346/tools/bin/../lib/gcc/arm-none-eabi/9.3.1/../../../../arm-none-eabi/lib/thumb/v7e-m+fp/hard\libc_nano.a(lib_a-impure.o)
 *(.RamFunc)
 *(.RamFunc*)
                0x000000002000009c                . = ALIGN (0x4)
                0x000000002000009c                _edata = .

.igot.plt       0x000000002000009c        0x0 load address 0x000000000800c8a8
 .igot.plt      0x000000002000009c        0x0 c:/st/stm32cubeide_1.8.0/stm32cubeide/plugins/com.st.stm32cube.ide.mcu.externaltools.gnu-tools-for-stm32.9-2020-q2-update.win32_2.0.0.202105311346/tools/bin/../lib/gcc/arm-none-eabi/9.3.1/thumb/v7e-m+fp/hard/crtbegin.o
                0x000000002000009c                . = ALIGN (0x4)

.bss            0x000000002000009c     0x20c0 load address 0x000000000800c8a8
                0x000000002000009c                _sbss = .
                0x000000002000009c                __bss_start__ = _sbss
 *(.bss)
 .bss           0x000000002000009c       0x1c c:/st/stm32cubeide_1.8.0/stm32cubeide/plugins/com.st.stm32cube.ide.mcu.externaltools.gnu-tools-for-stm32.9-2020-q2-update.win32_2.0.0.202105311346/tools/bin/../lib/gcc/arm-none-eabi/9.3.1/thumb/v7e-m+fp/hard/crtbegin.o
 *(.bss*)
 .bss.SSD1306_Buffer
                0x00000000200000b8      0x400 ./Core/Device_Drivers/oledDrive/ssd1306.o
 .bss.SSD1306   0x00000000200004b8        0x8 ./Core/Device_Drivers/oledDrive/ssd1306.o
 .bss.__sbrk_heap_end
                0x00000000200004c0        0x4 ./Core/Src/sysmem.o
 .bss.w_oledData
                0x00000000200004c4       0x50 ./Core/Src/w_code.o
 .bss.w_uartBuff
                0x0000000020000514       0x19 ./Core/Src/w_code.o
                0x0000000020000514                w_uartBuff
 *fill*         0x000000002000052d        0x3 
 .bss.w_uartParsedData
                0x0000000020000530        0xa ./Core/Src/w_code.o
                0x0000000020000530                w_uartParsedData
 *fill*         0x000000002000053a        0x2 
 .bss.w_adcString
                0x000000002000053c        0xa ./Core/Src/w_code.o
                0x000000002000053c                w_adcString
 .bss.w_adcBuff
                0x0000000020000546        0x2 ./Core/Src/w_code.o
                0x0000000020000546                w_adcBuff
 .bss._ZZ15w_oledPageWriteE7LineVal
                0x0000000020000548        0x1 ./Core/Src/w_code.o
 *fill*         0x0000000020000549        0x3 
 .bss.KernelState
                0x000000002000054c        0x4 ./Middlewares/Third_Party/FreeRTOS/Source/CMSIS_RTOS_V2/cmsis_os2.o
 .bss.Idle_TCB.11854
                0x0000000020000550       0x5c ./Middlewares/Third_Party/FreeRTOS/Source/CMSIS_RTOS_V2/cmsis_os2.o
 .bss.Idle_Stack.11855
                0x00000000200005ac      0x200 ./Middlewares/Third_Party/FreeRTOS/Source/CMSIS_RTOS_V2/cmsis_os2.o
 .bss.Timer_TCB.11861
                0x00000000200007ac       0x5c ./Middlewares/Third_Party/FreeRTOS/Source/CMSIS_RTOS_V2/cmsis_os2.o
 .bss.Timer_Stack.11862
                0x0000000020000808      0x400 ./Middlewares/Third_Party/FreeRTOS/Source/CMSIS_RTOS_V2/cmsis_os2.o
 .bss.pxCurrentTCB
                0x0000000020000c08        0x4 ./Middlewares/Third_Party/FreeRTOS/Source/tasks.o
                0x0000000020000c08                pxCurrentTCB
 .bss.pxReadyTasksLists
                0x0000000020000c0c      0x460 ./Middlewares/Third_Party/FreeRTOS/Source/tasks.o
 .bss.xDelayedTaskList1
                0x000000002000106c       0x14 ./Middlewares/Third_Party/FreeRTOS/Source/tasks.o
 .bss.xDelayedTaskList2
                0x0000000020001080       0x14 ./Middlewares/Third_Party/FreeRTOS/Source/tasks.o
 .bss.pxDelayedTaskList
                0x0000000020001094        0x4 ./Middlewares/Third_Party/FreeRTOS/Source/tasks.o
 .bss.pxOverflowDelayedTaskList
                0x0000000020001098        0x4 ./Middlewares/Third_Party/FreeRTOS/Source/tasks.o
 .bss.xPendingReadyList
                0x000000002000109c       0x14 ./Middlewares/Third_Party/FreeRTOS/Source/tasks.o
 .bss.xTasksWaitingTermination
                0x00000000200010b0       0x14 ./Middlewares/Third_Party/FreeRTOS/Source/tasks.o
 .bss.uxDeletedTasksWaitingCleanUp
                0x00000000200010c4        0x4 ./Middlewares/Third_Party/FreeRTOS/Source/tasks.o
 .bss.xSuspendedTaskList
                0x00000000200010c8       0x14 ./Middlewares/Third_Party/FreeRTOS/Source/tasks.o
 .bss.uxCurrentNumberOfTasks
                0x00000000200010dc        0x4 ./Middlewares/Third_Party/FreeRTOS/Source/tasks.o
 .bss.xTickCount
                0x00000000200010e0        0x4 ./Middlewares/Third_Party/FreeRTOS/Source/tasks.o
 .bss.uxTopReadyPriority
                0x00000000200010e4        0x4 ./Middlewares/Third_Party/FreeRTOS/Source/tasks.o
 .bss.xSchedulerRunning
                0x00000000200010e8        0x4 ./Middlewares/Third_Party/FreeRTOS/Source/tasks.o
 .bss.xPendedTicks
                0x00000000200010ec        0x4 ./Middlewares/Third_Party/FreeRTOS/Source/tasks.o
 .bss.xYieldPending
                0x00000000200010f0        0x4 ./Middlewares/Third_Party/FreeRTOS/Source/tasks.o
 .bss.xNumOfOverflows
                0x00000000200010f4        0x4 ./Middlewares/Third_Party/FreeRTOS/Source/tasks.o
 .bss.uxTaskNumber
                0x00000000200010f8        0x4 ./Middlewares/Third_Party/FreeRTOS/Source/tasks.o
 .bss.xNextTaskUnblockTime
                0x00000000200010fc        0x4 ./Middlewares/Third_Party/FreeRTOS/Source/tasks.o
 .bss.xIdleTaskHandle
                0x0000000020001100        0x4 ./Middlewares/Third_Party/FreeRTOS/Source/tasks.o
 .bss.uxSchedulerSuspended
                0x0000000020001104        0x4 ./Middlewares/Third_Party/FreeRTOS/Source/tasks.o
 .bss.xActiveTimerList1
                0x0000000020001108       0x14 ./Middlewares/Third_Party/FreeRTOS/Source/timers.o
 .bss.xActiveTimerList2
                0x000000002000111c       0x14 ./Middlewares/Third_Party/FreeRTOS/Source/timers.o
 .bss.pxCurrentTimerList
                0x0000000020001130        0x4 ./Middlewares/Third_Party/FreeRTOS/Source/timers.o
 .bss.pxOverflowTimerList
                0x0000000020001134        0x4 ./Middlewares/Third_Party/FreeRTOS/Source/timers.o
 .bss.xTimerQueue
                0x0000000020001138        0x4 ./Middlewares/Third_Party/FreeRTOS/Source/timers.o
 .bss.xTimerTaskHandle
                0x000000002000113c        0x4 ./Middlewares/Third_Party/FreeRTOS/Source/timers.o
 .bss.xLastTime.6925
                0x0000000020001140        0x4 ./Middlewares/Third_Party/FreeRTOS/Source/timers.o
 .bss.ucStaticTimerQueueStorage.6976
                0x0000000020001144       0xa0 ./Middlewares/Third_Party/FreeRTOS/Source/timers.o
 .bss.xStaticTimerQueue.6975
                0x00000000200011e4       0x50 ./Middlewares/Third_Party/FreeRTOS/Source/timers.o
 .bss.ucMaxSysCallPriority
                0x0000000020001234        0x1 ./Middlewares/Third_Party/FreeRTOS/Source/portable/GCC/ARM_CM4F/port.o
 *fill*         0x0000000020001235        0x3 
 .bss.ulMaxPRIGROUPValue
                0x0000000020001238        0x4 ./Middlewares/Third_Party/FreeRTOS/Source/portable/GCC/ARM_CM4F/port.o
 .bss.ucHeap    0x000000002000123c      0xc00 ./Middlewares/Third_Party/FreeRTOS/Source/portable/MemMang/heap_4.o
 .bss.xStart    0x0000000020001e3c        0x8 ./Middlewares/Third_Party/FreeRTOS/Source/portable/MemMang/heap_4.o
 .bss.pxEnd     0x0000000020001e44        0x4 ./Middlewares/Third_Party/FreeRTOS/Source/portable/MemMang/heap_4.o
 .bss.xFreeBytesRemaining
                0x0000000020001e48        0x4 ./Middlewares/Third_Party/FreeRTOS/Source/portable/MemMang/heap_4.o
 .bss.xMinimumEverFreeBytesRemaining
                0x0000000020001e4c        0x4 ./Middlewares/Third_Party/FreeRTOS/Source/portable/MemMang/heap_4.o
 .bss.xNumberOfSuccessfulAllocations
                0x0000000020001e50        0x4 ./Middlewares/Third_Party/FreeRTOS/Source/portable/MemMang/heap_4.o
 .bss.xNumberOfSuccessfulFrees
                0x0000000020001e54        0x4 ./Middlewares/Third_Party/FreeRTOS/Source/portable/MemMang/heap_4.o
 .bss.xBlockAllocatedBit
                0x0000000020001e58        0x4 ./Middlewares/Third_Party/FreeRTOS/Source/portable/MemMang/heap_4.o
 .bss.__malloc_free_list
                0x0000000020001e5c        0x4 c:/st/stm32cubeide_1.8.0/stm32cubeide/plugins/com.st.stm32cube.ide.mcu.externaltools.gnu-tools-for-stm32.9-2020-q2-update.win32_2.0.0.202105311346/tools/bin/../lib/gcc/arm-none-eabi/9.3.1/../../../../arm-none-eabi/lib/thumb/v7e-m+fp/hard\libc_nano.a(lib_a-nano-mallocr.o)
                0x0000000020001e5c                __malloc_free_list
 .bss.__malloc_sbrk_start
                0x0000000020001e60        0x4 c:/st/stm32cubeide_1.8.0/stm32cubeide/plugins/com.st.stm32cube.ide.mcu.externaltools.gnu-tools-for-stm32.9-2020-q2-update.win32_2.0.0.202105311346/tools/bin/../lib/gcc/arm-none-eabi/9.3.1/../../../../arm-none-eabi/lib/thumb/v7e-m+fp/hard\libc_nano.a(lib_a-nano-mallocr.o)
                0x0000000020001e60                __malloc_sbrk_start
 *(COMMON)
 COMMON         0x0000000020001e64       0xbc ./Core/Src/adc.o
                0x0000000020001e64                hadc1
                0x0000000020001ed0                w_oledData
 COMMON         0x0000000020001f20       0x14 ./Core/Src/app_freertos.o
                0x0000000020001f20                defaultTaskHandle
                0x0000000020001f24                adcDataKeyHandle
                0x0000000020001f28                ReadCommPortsHandle
                0x0000000020001f2c                uartDataKeyHandle
                0x0000000020001f30                DisplayUpdateHandle
 COMMON         0x0000000020001f34       0x4c ./Core/Src/i2c.o
                0x0000000020001f34                hi2c1
 COMMON         0x0000000020001f80       0x4c ./Core/Src/stm32g4xx_hal_timebase_tim.o
                0x0000000020001f80                htim6
 COMMON         0x0000000020001fcc       0x4c ./Core/Src/tim.o
                0x0000000020001fcc                htim2
 COMMON         0x0000000020002018       0xf0 ./Core/Src/usart.o
                0x0000000020002018                hdma_usart1_rx
                0x0000000020002078                huart1
 COMMON         0x0000000020002108        0x4 ./Drivers/STM32G4xx_HAL_Driver/Src/stm32g4xx_hal.o
                0x0000000020002108                uwTick
 COMMON         0x000000002000210c       0x40 ./Middlewares/Third_Party/FreeRTOS/Source/queue.o
                0x000000002000210c                xQueueRegistry
 COMMON         0x000000002000214c        0x4 c:/st/stm32cubeide_1.8.0/stm32cubeide/plugins/com.st.stm32cube.ide.mcu.externaltools.gnu-tools-for-stm32.9-2020-q2-update.win32_2.0.0.202105311346/tools/bin/../lib/gcc/arm-none-eabi/9.3.1/../../../../arm-none-eabi/lib/thumb/v7e-m+fp/hard\libc_nano.a(lib_a-reent.o)
                0x000000002000214c                errno
 COMMON         0x0000000020002150        0x9 c:/st/stm32cubeide_1.8.0/stm32cubeide/plugins/com.st.stm32cube.ide.mcu.externaltools.gnu-tools-for-stm32.9-2020-q2-update.win32_2.0.0.202105311346/tools/bin/../lib/gcc/arm-none-eabi/9.3.1/../../../../arm-none-eabi/lib/thumb/v7e-m+fp/hard\libc_nano.a(lib_a-lock.o)
                0x0000000020002150                __lock___atexit_recursive_mutex
                0x0000000020002151                __lock___arc4random_mutex
                0x0000000020002152                __lock___env_recursive_mutex
                0x0000000020002153                __lock___sinit_recursive_mutex
                0x0000000020002154                __lock___malloc_recursive_mutex
                0x0000000020002155                __lock___at_quick_exit_mutex
                0x0000000020002156                __lock___dd_hash_mutex
                0x0000000020002157                __lock___tz_mutex
                0x0000000020002158                __lock___sfp_recursive_mutex
                0x000000002000215c                . = ALIGN (0x4)
 *fill*         0x0000000020002159        0x3 
                0x000000002000215c                _ebss = .
                0x000000002000215c                __bss_end__ = _ebss

._user_heap_stack
                0x000000002000215c      0x604 load address 0x000000000800c8a8
                0x0000000020002160                . = ALIGN (0x8)
 *fill*         0x000000002000215c        0x4 
                [!provide]                        PROVIDE (end = .)
                0x0000000020002160                PROVIDE (_end = .)
                0x0000000020002360                . = (. + _Min_Heap_Size)
 *fill*         0x0000000020002160      0x200 
                0x0000000020002760                . = (. + _Min_Stack_Size)
 *fill*         0x0000000020002360      0x400 
                0x0000000020002760                . = ALIGN (0x8)

/DISCARD/
 libc.a(*)
 libm.a(*)
 libgcc.a(*)

.ARM.attributes